ASxxxx Linker V03.00 + NoICE + sdld,  page 1.
Hexadecimal  [32-Bits]

Area                                    Addr        Size        Decimal Bytes (Attributes)
--------------------------------        ----        ----        ------- ----- ------------
CABS                                00000000    00000000 =           0. bytes (ABS,CON,CODE)

      Value  Global                              Global Defined In Module
      -----  --------------------------------   ------------------------
C:   00000000  l_BIT_BANK                      
C:   00000000  l_BSEG                          
C:   00000000  l_BSEG_BYTES                    
C:   00000000  l_CABS                          
C:   00000000  l_GSINIT                        
C:   00000000  l_GSINIT1                       
C:   00000000  l_GSINIT5                       
C:   00000000  l_IABS                          
C:   00000000  l_ISEG                          
C:   00000000  l_PSEG                          
C:   00000000  l_REG_BANK_1                    
C:   00000000  l_REG_BANK_2                    
C:   00000000  l_REG_BANK_3                    
C:   00000000  l_RSEG                          
C:   00000000  l_RSEG0                         
C:   00000000  l_RSEG1                         
C:   00000000  l_XABS                          
C:   00000000  l_XINIT                         
C:   00000000  l_XISEG                         
C:   00000000  l__CODE                         
C:   00000000  s_BSEG                          
C:   00000000  s_CABS                          
C:   00000000  s_DSEG                          
C:   00000000  s_HOME                          
C:   00000000  s_IABS                          
C:   00000000  s_ISEG                          
C:   00000000  s_PSEG                          
C:   00000000  s_REG_BANK_0                    
C:   00000000  s_RSEG                          
C:   00000000  s_RSEG0                         
C:   00000000  s_RSEG1                         
C:   00000000  s_XABS                          
C:   00000000  s_XSEG                          
C:   00000001  l_OSEG                          
C:   00000003  l_GSFINAL                       
C:   00000003  l_GSINIT0                       
C:   00000006  l_HOME                          
C:   00000006  s_GSINIT0                       
C:   00000008  l_REG_BANK_0                    
C:   00000008  s_REG_BANK_1                    
C:   00000009  s_GSINIT1                       
C:   00000009  s_GSINIT2                       
C:   0000000A  l_GSINIT2                       
C:   00000010  s_REG_BANK_2                    
C:   00000013  s_GSINIT3                       
C:   00000013  s_OSEG                          
C:   00000014  s_SSEG                          
C:   00000018  s_BIT_BANK                      
C:   00000018  s_REG_BANK_3                    
C:   00000020  s_BSEG_BYTES                    
ASxxxx Linker V03.00 + NoICE + sdld,  page 2.
Hexadecimal  [32-Bits]

Area                                    Addr        Size        Decimal Bytes (Attributes)
--------------------------------        ----        ----        ------- ----- ------------
CABS                                00000000    00000000 =           0. bytes (ABS,CON,CODE)

      Value  Global                              Global Defined In Module
      -----  --------------------------------   ------------------------
C:   00000020  s__CODE                         
C:   00000022  l_GSINIT3                       
C:   0000002A  l_GSINIT4                       
C:   00000035  s_GSINIT4                       
C:   0000003D  l_XSEG                          
C:   0000003D  s_XISEG                         
C:   0000005F  s_GSFINAL                       
C:   0000005F  s_GSINIT                        
C:   0000005F  s_GSINIT5                       
C:   00000062  s_CSEG                          
C:   00000080  l_DSEG                          
C:   000000EC  l_SSEG                          
C:   00000100  l_IRAM                          
C:   00000220  l_CONST                         
C:   00000D62  l_CSEG                          
C:   00000DC4  s_CONST                         
C:   00000FE4  s_XINIT                         

ASxxxx Linker V03.00 + NoICE + sdld,  page 3.
Hexadecimal  [32-Bits]

Area                                    Addr        Size        Decimal Bytes (Attributes)
--------------------------------        ----        ----        ------- ----- ------------
.  .ABS.                            00000000    00000000 =           0. bytes (ABS,CON)

      Value  Global                              Global Defined In Module
      -----  --------------------------------   ------------------------
     00000000  .__.ABS.                           _bp
     00000080  G$P0$0_0$0                         main
     00000080  G$P0_0$0_0$0                       main
     00000080  _P0                                main
     00000080  _P0_0                              main
     00000081  G$P0_1$0_0$0                       main
     00000081  G$SP$0_0$0                         main
     00000081  _P0_1                              main
     00000081  _SP                                main
     00000082  G$DPL$0_0$0                        main
     00000082  G$P0_2$0_0$0                       main
     00000082  _DPL                               main
     00000082  _P0_2                              main
     00000083  G$DPH$0_0$0                        main
     00000083  G$P0_3$0_0$0                       main
     00000083  _DPH                               main
     00000083  _P0_3                              main
     00000084  G$P0_4$0_0$0                       main
     00000084  _P0_4                              main
     00000085  G$P0_5$0_0$0                       main
     00000085  _P0_5                              main
     00000086  G$P0_6$0_0$0                       main
     00000086  _P0_6                              main
     00000087  G$P0_7$0_0$0                       main
     00000087  G$PCON$0_0$0                       main
     00000087  _P0_7                              main
     00000087  _PCON                              main
     00000088  G$IT0$0_0$0                        main
     00000088  G$TCON$0_0$0                       main
     00000088  _IT0                               main
     00000088  _TCON                              main
     00000089  G$IE0$0_0$0                        main
     00000089  G$TMOD$0_0$0                       main
     00000089  _IE0                               main
     00000089  _TMOD                              main
     0000008A  G$IT1$0_0$0                        main
     0000008A  G$TL0$0_0$0                        main
     0000008A  _IT1                               main
     0000008A  _TL0                               main
     0000008B  G$IE1$0_0$0                        main
     0000008B  G$TL1$0_0$0                        main
     0000008B  _IE1                               main
     0000008B  _TL1                               main
     0000008C  G$TH0$0_0$0                        main
     0000008C  G$TR0$0_0$0                        main
     0000008C  _TH0                               main
     0000008C  _TR0                               main
     0000008D  G$TF0$0_0$0                        main
     0000008D  G$TH1$0_0$0                        main
     0000008D  _TF0                               main
ASxxxx Linker V03.00 + NoICE + sdld,  page 4.
Hexadecimal  [32-Bits]

Area                                    Addr        Size        Decimal Bytes (Attributes)
--------------------------------        ----        ----        ------- ----- ------------
.  .ABS.                            00000000    00000000 =           0. bytes (ABS,CON)

      Value  Global                              Global Defined In Module
      -----  --------------------------------   ------------------------
     0000008D  _TH1                               main
     0000008E  G$AUXR$0_0$0                       main
     0000008E  G$TR1$0_0$0                        main
     0000008E  _AUXR                              main
     0000008E  _TR1                               main
     0000008F  G$CKCON0$0_0$0                     main
     0000008F  G$TF1$0_0$0                        main
     0000008F  _CKCON0                            main
     0000008F  _TF1                               main
     00000090  G$P1$0_0$0                         main
     00000090  G$P1_0$0_0$0                       main
     00000090  _P1                                main
     00000090  _P1_0                              main
     00000091  G$P1_1$0_0$0                       main
     00000091  _P1_1                              main
     00000092  G$P1_2$0_0$0                       main
     00000092  _P1_2                              main
     00000093  G$P1_3$0_0$0                       main
     00000093  _P1_3                              main
     00000094  G$P1_4$0_0$0                       main
     00000094  _P1_4                              main
     00000095  G$P1_5$0_0$0                       main
     00000095  _P1_5                              main
     00000096  G$P1_6$0_0$0                       main
     00000096  _P1_6                              main
     00000097  G$CKRL$0_0$0                       main
     00000097  G$P1_7$0_0$0                       main
     00000097  _CKRL                              main
     00000097  _P1_7                              main
     00000098  G$RI$0_0$0                         main
     00000098  G$SCON$0_0$0                       main
     00000098  _RI                                main
     00000098  _SCON                              main
     00000099  G$SBUF$0_0$0                       main
     00000099  G$TI$0_0$0                         main
     00000099  _SBUF                              main
     00000099  _TI                                main
     0000009A  G$BRL$0_0$0                        main
     0000009A  G$RB8$0_0$0                        main
     0000009A  _BRL                               main
     0000009A  _RB8                               main
     0000009B  G$BDRCON$0_0$0                     main
     0000009B  G$TB8$0_0$0                        main
     0000009B  _BDRCON                            main
     0000009B  _TB8                               main
     0000009C  G$KBLS$0_0$0                       main
     0000009C  G$REN$0_0$0                        main
     0000009C  _KBLS                              main
     0000009C  _REN                               main
     0000009D  G$KBE$0_0$0                        main
     0000009D  G$SM2$0_0$0                        main
ASxxxx Linker V03.00 + NoICE + sdld,  page 5.
Hexadecimal  [32-Bits]

Area                                    Addr        Size        Decimal Bytes (Attributes)
--------------------------------        ----        ----        ------- ----- ------------
.  .ABS.                            00000000    00000000 =           0. bytes (ABS,CON)

      Value  Global                              Global Defined In Module
      -----  --------------------------------   ------------------------
     0000009D  _KBE                               main
     0000009D  _SM2                               main
     0000009E  G$KBF$0_0$0                        main
     0000009E  G$SM1$0_0$0                        main
     0000009E  _KBF                               main
     0000009E  _SM1                               main
     0000009F  G$SM0$0_0$0                        main
     0000009F  _SM0                               main
     000000A0  G$P2$0_0$0                         main
     000000A0  G$P2_0$0_0$0                       main
     000000A0  _P2                                main
     000000A0  _P2_0                              main
     000000A0  __XPAGE                            
     000000A1  G$P2_1$0_0$0                       main
     000000A1  _P2_1                              main
     000000A2  G$AUXR1$0_0$0                      main
     000000A2  G$P2_2$0_0$0                       main
     000000A2  _AUXR1                             main
     000000A2  _P2_2                              main
     000000A3  G$P2_3$0_0$0                       main
     000000A3  _P2_3                              main
     000000A4  G$P2_4$0_0$0                       main
     000000A4  _P2_4                              main
     000000A5  G$P2_5$0_0$0                       main
     000000A5  _P2_5                              main
     000000A6  G$P2_6$0_0$0                       main
     000000A6  G$WDTRST$0_0$0                     main
     000000A6  _P2_6                              main
     000000A6  _WDTRST                            main
     000000A7  G$P2_7$0_0$0                       main
     000000A7  G$WDTPRG$0_0$0                     main
     000000A7  _P2_7                              main
     000000A7  _WDTPRG                            main
     000000A8  G$EX0$0_0$0                        main
     000000A8  G$IE$0_0$0                         main
     000000A8  G$IEN0$0_0$0                       main
     000000A8  _EX0                               main
     000000A8  _IE                                main
     000000A8  _IEN0                              main
     000000A9  G$ET0$0_0$0                        main
     000000A9  G$SADDR$0_0$0                      main
     000000A9  _ET0                               main
     000000A9  _SADDR                             main
     000000AA  G$EX1$0_0$0                        main
     000000AA  _EX1                               main
     000000AB  G$ET1$0_0$0                        main
     000000AB  _ET1                               main
     000000AC  G$ES$0_0$0                         main
     000000AC  _ES                                main
     000000AD  G$ET2$0_0$0                        main
     000000AD  _ET2                               main
ASxxxx Linker V03.00 + NoICE + sdld,  page 6.
Hexadecimal  [32-Bits]

Area                                    Addr        Size        Decimal Bytes (Attributes)
--------------------------------        ----        ----        ------- ----- ------------
.  .ABS.                            00000000    00000000 =           0. bytes (ABS,CON)

      Value  Global                              Global Defined In Module
      -----  --------------------------------   ------------------------
     000000AE  G$EC$0_0$0                         main
     000000AE  _EC                                main
     000000AF  G$CKCON1$0_0$0                     main
     000000AF  G$EA$0_0$0                         main
     000000AF  _CKCON1                            main
     000000AF  _EA                                main
     000000B0  G$P3$0_0$0                         main
     000000B0  G$P3_0$0_0$0                       main
     000000B0  G$RXD$0_0$0                        main
     000000B0  _P3                                main
     000000B0  _P3_0                              main
     000000B0  _RXD                               main
     000000B1  G$IEN1$0_0$0                       main
     000000B1  G$P3_1$0_0$0                       main
     000000B1  G$TXD$0_0$0                        main
     000000B1  _IEN1                              main
     000000B1  _P3_1                              main
     000000B1  _TXD                               main
     000000B2  G$INT0$0_0$0                       main
     000000B2  G$IPL1$0_0$0                       main
     000000B2  G$P3_2$0_0$0                       main
     000000B2  _INT0                              main
     000000B2  _IPL1                              main
     000000B2  _P3_2                              main
     000000B3  G$INT1$0_0$0                       main
     000000B3  G$IPH1$0_0$0                       main
     000000B3  G$P3_3$0_0$0                       main
     000000B3  _INT1                              main
     000000B3  _IPH1                              main
     000000B3  _P3_3                              main
     000000B4  G$P3_4$0_0$0                       main
     000000B4  G$T0$0_0$0                         main
     000000B4  _P3_4                              main
     000000B4  _T0                                main
     000000B5  G$P3_5$0_0$0                       main
     000000B5  G$T1$0_0$0                         main
     000000B5  _P3_5                              main
     000000B5  _T1                                main
     000000B6  G$P3_6$0_0$0                       main
     000000B6  G$WR$0_0$0                         main
     000000B6  _P3_6                              main
     000000B6  _WR                                main
     000000B7  G$IPH0$0_0$0                       main
     000000B7  G$P3_7$0_0$0                       main
     000000B7  G$RD$0_0$0                         main
     000000B7  _IPH0                              main
     000000B7  _P3_7                              main
     000000B7  _RD                                main
     000000B8  G$IP$0_0$0                         main
     000000B8  G$IPL0$0_0$0                       main
     000000B8  G$PX0$0_0$0                        main
ASxxxx Linker V03.00 + NoICE + sdld,  page 7.
Hexadecimal  [32-Bits]

Area                                    Addr        Size        Decimal Bytes (Attributes)
--------------------------------        ----        ----        ------- ----- ------------
.  .ABS.                            00000000    00000000 =           0. bytes (ABS,CON)

      Value  Global                              Global Defined In Module
      -----  --------------------------------   ------------------------
     000000B8  G$PX0L$0_0$0                       main
     000000B8  _IP                                main
     000000B8  _IPL0                              main
     000000B8  _PX0                               main
     000000B8  _PX0L                              main
     000000B9  G$PT0$0_0$0                        main
     000000B9  G$PT0L$0_0$0                       main
     000000B9  G$SADEN$0_0$0                      main
     000000B9  _PT0                               main
     000000B9  _PT0L                              main
     000000B9  _SADEN                             main
     000000BA  G$PX1$0_0$0                        main
     000000BA  G$PX1L$0_0$0                       main
     000000BA  _PX1                               main
     000000BA  _PX1L                              main
     000000BB  G$PT1$0_0$0                        main
     000000BB  G$PT1L$0_0$0                       main
     000000BB  _PT1                               main
     000000BB  _PT1L                              main
     000000BC  G$PS$0_0$0                         main
     000000BC  G$PSL$0_0$0                        main
     000000BC  _PS                                main
     000000BC  _PSL                               main
     000000BD  G$PT2$0_0$0                        main
     000000BD  G$PT2L$0_0$0                       main
     000000BD  _PT2                               main
     000000BD  _PT2L                              main
     000000BE  G$PPCL$0_0$0                       main
     000000BE  _PPCL                              main
     000000C0  G$P4$0_0$0                         main
     000000C0  G$P4_0$0_0$0                       main
     000000C0  _P4                                main
     000000C0  _P4_0                              main
     000000C1  G$P4_1$0_0$0                       main
     000000C1  _P4_1                              main
     000000C2  G$P4_2$0_0$0                       main
     000000C2  _P4_2                              main
     000000C3  G$P4_3$0_0$0                       main
     000000C3  G$SPCON$0_0$0                      main
     000000C3  _P4_3                              main
     000000C3  _SPCON                             main
     000000C4  G$P4_4$0_0$0                       main
     000000C4  G$SPSTA$0_0$0                      main
     000000C4  _P4_4                              main
     000000C4  _SPSTA                             main
     000000C5  G$P4_5$0_0$0                       main
     000000C5  G$SPDAT$0_0$0                      main
     000000C5  _P4_5                              main
     000000C5  _SPDAT                             main
     000000C6  G$P4_6$0_0$0                       main
     000000C6  _P4_6                              main
ASxxxx Linker V03.00 + NoICE + sdld,  page 8.
Hexadecimal  [32-Bits]

Area                                    Addr        Size        Decimal Bytes (Attributes)
--------------------------------        ----        ----        ------- ----- ------------
.  .ABS.                            00000000    00000000 =           0. bytes (ABS,CON)

      Value  Global                              Global Defined In Module
      -----  --------------------------------   ------------------------
     000000C7  G$P4_7$0_0$0                       main
     000000C7  _P4_7                              main
     000000C8  G$CP_RL2$0_0$0                     main
     000000C8  G$T2CON$0_0$0                      main
     000000C8  G$T2CON_0$0_0$0                    main
     000000C8  _CP_RL2                            main
     000000C8  _T2CON                             main
     000000C8  _T2CON_0                           main
     000000C9  G$C_T2$0_0$0                       main
     000000C9  G$T2CON_1$0_0$0                    main
     000000C9  G$T2MOD$0_0$0                      main
     000000C9  _C_T2                              main
     000000C9  _T2CON_1                           main
     000000C9  _T2MOD                             main
     000000CA  G$RCAP2L$0_0$0                     main
     000000CA  G$T2CON_2$0_0$0                    main
     000000CA  G$TR2$0_0$0                        main
     000000CA  _RCAP2L                            main
     000000CA  _T2CON_2                           main
     000000CA  _TR2                               main
     000000CB  G$EXEN2$0_0$0                      main
     000000CB  G$RCAP2H$0_0$0                     main
     000000CB  G$T2CON_3$0_0$0                    main
     000000CB  _EXEN2                             main
     000000CB  _RCAP2H                            main
     000000CB  _T2CON_3                           main
     000000CC  G$T2CON_4$0_0$0                    main
     000000CC  G$TCLK$0_0$0                       main
     000000CC  G$TL2$0_0$0                        main
     000000CC  _T2CON_4                           main
     000000CC  _TCLK                              main
     000000CC  _TL2                               main
     000000CD  G$RCLK$0_0$0                       main
     000000CD  G$T2CON_5$0_0$0                    main
     000000CD  G$TH2$0_0$0                        main
     000000CD  _RCLK                              main
     000000CD  _T2CON_5                           main
     000000CD  _TH2                               main
     000000CE  G$EXF2$0_0$0                       main
     000000CE  G$T2CON_6$0_0$0                    main
     000000CE  _EXF2                              main
     000000CE  _T2CON_6                           main
     000000CF  G$T2CON_7$0_0$0                    main
     000000CF  G$TF2$0_0$0                        main
     000000CF  _T2CON_7                           main
     000000CF  _TF2                               main
     000000D0  G$P$0_0$0                          main
     000000D0  G$PSW$0_0$0                        main
     000000D0  _P                                 main
     000000D0  _PSW                               main
     000000D1  G$F1$0_0$0                         main
ASxxxx Linker V03.00 + NoICE + sdld,  page 9.
Hexadecimal  [32-Bits]

Area                                    Addr        Size        Decimal Bytes (Attributes)
--------------------------------        ----        ----        ------- ----- ------------
.  .ABS.                            00000000    00000000 =           0. bytes (ABS,CON)

      Value  Global                              Global Defined In Module
      -----  --------------------------------   ------------------------
     000000D1  _F1                                main
     000000D2  G$EECON$0_0$0                      main
     000000D2  G$OV$0_0$0                         main
     000000D2  _EECON                             main
     000000D2  _OV                                main
     000000D3  G$RS0$0_0$0                        main
     000000D3  _RS0                               main
     000000D4  G$RS1$0_0$0                        main
     000000D4  _RS1                               main
     000000D5  G$F0$0_0$0                         main
     000000D5  _F0                                main
     000000D6  G$AC$0_0$0                         main
     000000D6  _AC                                main
     000000D7  G$CY$0_0$0                         main
     000000D7  _CY                                main
     000000D8  G$CCF0$0_0$0                       main
     000000D8  G$CCON$0_0$0                       main
     000000D8  _CCF0                              main
     000000D8  _CCON                              main
     000000D9  G$CCF1$0_0$0                       main
     000000D9  G$CMOD$0_0$0                       main
     000000D9  _CCF1                              main
     000000D9  _CMOD                              main
     000000DA  G$CCAPM0$0_0$0                     main
     000000DA  G$CCF2$0_0$0                       main
     000000DA  _CCAPM0                            main
     000000DA  _CCF2                              main
     000000DB  G$CCAPM1$0_0$0                     main
     000000DB  G$CCF3$0_0$0                       main
     000000DB  _CCAPM1                            main
     000000DB  _CCF3                              main
     000000DC  G$CCAPM2$0_0$0                     main
     000000DC  G$CCF4$0_0$0                       main
     000000DC  _CCAPM2                            main
     000000DC  _CCF4                              main
     000000DD  G$CCAPM3$0_0$0                     main
     000000DD  _CCAPM3                            main
     000000DE  G$CCAPM4$0_0$0                     main
     000000DE  G$CR$0_0$0                         main
     000000DE  _CCAPM4                            main
     000000DE  _CR                                main
     000000DF  G$CF$0_0$0                         main
     000000DF  _CF                                main
     000000E0  G$ACC$0_0$0                        main
     000000E0  _ACC                               main
     000000E8  G$P5$0_0$0                         main
     000000E8  G$P5_0$0_0$0                       main
     000000E8  _P5                                main
     000000E8  _P5_0                              main
     000000E9  G$CL$0_0$0                         main
     000000E9  G$P5_1$0_0$0                       main
ASxxxx Linker V03.00 + NoICE + sdld,  page 10.
Hexadecimal  [32-Bits]

Area                                    Addr        Size        Decimal Bytes (Attributes)
--------------------------------        ----        ----        ------- ----- ------------
.  .ABS.                            00000000    00000000 =           0. bytes (ABS,CON)

      Value  Global                              Global Defined In Module
      -----  --------------------------------   ------------------------
     000000E9  _CL                                main
     000000E9  _P5_1                              main
     000000EA  G$CCAP0L$0_0$0                     main
     000000EA  G$P5_2$0_0$0                       main
     000000EA  _CCAP0L                            main
     000000EA  _P5_2                              main
     000000EB  G$CCAP1L$0_0$0                     main
     000000EB  G$P5_3$0_0$0                       main
     000000EB  _CCAP1L                            main
     000000EB  _P5_3                              main
     000000EC  G$CCAP2L$0_0$0                     main
     000000EC  G$P5_4$0_0$0                       main
     000000EC  _CCAP2L                            main
     000000EC  _P5_4                              main
     000000ED  G$CCAP3L$0_0$0                     main
     000000ED  G$P5_5$0_0$0                       main
     000000ED  _CCAP3L                            main
     000000ED  _P5_5                              main
     000000EE  G$CCAP4L$0_0$0                     main
     000000EE  G$P5_6$0_0$0                       main
     000000EE  _CCAP4L                            main
     000000EE  _P5_6                              main
     000000EF  G$P5_7$0_0$0                       main
     000000EF  _P5_7                              main
     000000F0  G$B$0_0$0                          main
     000000F0  _B                                 main
     000000F5  _B_5                               _gptrget
     000000F6  _B_6                               _gptrget
     000000F7  _B_7                               _gptrget
     000000F9  G$CH$0_0$0                         main
     000000F9  _CH                                main
     000000FA  G$CCAP0H$0_0$0                     main
     000000FA  _CCAP0H                            main
     000000FB  G$CCAP1H$0_0$0                     main
     000000FB  _CCAP1H                            main
     000000FC  G$CCAP2H$0_0$0                     main
     000000FC  _CCAP2H                            main
     000000FD  G$CCAP3H$0_0$0                     main
     000000FD  _CCAP3H                            main
     000000FE  G$CCAP4H$0_0$0                     main
     000000FE  _CCAP4H                            main

ASxxxx Linker V03.00 + NoICE + sdld,  page 11.
Hexadecimal  [32-Bits]

Area                                    Addr        Size        Decimal Bytes (Attributes)
--------------------------------        ----        ----        ------- ----- ------------
REG_BANK_0                          00000000    00000008 =           8. bytes (REL,OVR)

      Value  Global                              Global Defined In Module
      -----  --------------------------------   ------------------------
ASxxxx Linker V03.00 + NoICE + sdld,  page 12.
Hexadecimal  [32-Bits]

Area                                    Addr        Size        Decimal Bytes (Attributes)
--------------------------------        ----        ----        ------- ----- ------------
DSEG                                00000000    00000080 =         128. bytes (REL,CON)

      Value  Global                              Global Defined In Module
      -----  --------------------------------   ------------------------
     00000012  _bp                                _bp

ASxxxx Linker V03.00 + NoICE + sdld,  page 13.
Hexadecimal  [32-Bits]

Area                                    Addr        Size        Decimal Bytes (Attributes)
--------------------------------        ----        ----        ------- ----- ------------
OSEG                                00000013    00000001 =           1. bytes (REL,OVR)

      Value  Global                              Global Defined In Module
      -----  --------------------------------   ------------------------
ASxxxx Linker V03.00 + NoICE + sdld,  page 14.
Hexadecimal  [32-Bits]

Area                                    Addr        Size        Decimal Bytes (Attributes)
--------------------------------        ----        ----        ------- ----- ------------
SSEG                                00000014    000000EC =         236. bytes (REL,OVR)

      Value  Global                              Global Defined In Module
      -----  --------------------------------   ------------------------
     00000014  __start__stack                     main

ASxxxx Linker V03.00 + NoICE + sdld,  page 15.
Hexadecimal  [32-Bits]

Area                                    Addr        Size        Decimal Bytes (Attributes)
--------------------------------        ----        ----        ------- ----- ------------
XSEG                                00000000    0000003D =          61. bytes (REL,CON,XDATA)

      Value  Global                              Global Defined In Module
      -----  --------------------------------   ------------------------
D:   00000000  Lfunc.putchar$c$1_0$85             func
D:   00000002  G$mode$0_0$0                       main
D:   00000002  _mode                              main
D:   00000004  _vprintf_PARM_2                    vprintf
D:   00000019  __print_format_PARM_2              printf_large
D:   0000001C  __print_format_PARM_3              printf_large
D:   0000001F  __print_format_PARM_4              printf_large
D:   0000003B  __mulint_PARM_2                    _mulint

ASxxxx Linker V03.00 + NoICE + sdld,  page 16.
Hexadecimal  [32-Bits]

Area                                    Addr        Size        Decimal Bytes (Attributes)
--------------------------------        ----        ----        ------- ----- ------------
HOME                                00000000    00000006 =           6. bytes (REL,CON,CODE)

      Value  Global                              Global Defined In Module
      -----  --------------------------------   ------------------------
C:   00000000  A$main$685                         main
C:   00000003  A$main$707                         main
C:   00000003  __sdcc_program_startup             main
ASxxxx Linker V03.00 + NoICE + sdld,  page 17.
Hexadecimal  [32-Bits]

Area                                    Addr        Size        Decimal Bytes (Attributes)
--------------------------------        ----        ----        ------- ----- ------------
GSINIT0                             00000006    00000003 =           3. bytes (REL,CON,CODE)

      Value  Global                              Global Defined In Module
      -----  --------------------------------   ------------------------
C:   00000006  __sdcc_gsinit_startup              

ASxxxx Linker V03.00 + NoICE + sdld,  page 18.
Hexadecimal  [32-Bits]

Area                                    Addr        Size        Decimal Bytes (Attributes)
--------------------------------        ----        ----        ------- ----- ------------
GSINIT2                             00000009    0000000A =          10. bytes (REL,CON,CODE)

      Value  Global                              Global Defined In Module
      -----  --------------------------------   ------------------------
ASxxxx Linker V03.00 + NoICE + sdld,  page 19.
Hexadecimal  [32-Bits]

Area                                    Addr        Size        Decimal Bytes (Attributes)
--------------------------------        ----        ----        ------- ----- ------------
GSINIT3                             00000013    00000022 =          34. bytes (REL,CON,CODE)

      Value  Global                              Global Defined In Module
      -----  --------------------------------   ------------------------
C:   00000013  __mcs51_genXINIT                   

ASxxxx Linker V03.00 + NoICE + sdld,  page 20.
Hexadecimal  [32-Bits]

Area                                    Addr        Size        Decimal Bytes (Attributes)
--------------------------------        ----        ----        ------- ----- ------------
GSINIT4                             00000035    0000002A =          42. bytes (REL,CON,CODE)

      Value  Global                              Global Defined In Module
      -----  --------------------------------   ------------------------
C:   00000035  __mcs51_genRAMCLEAR                
C:   0000003B  __mcs51_genXRAMCLEAR               

ASxxxx Linker V03.00 + NoICE + sdld,  page 21.
Hexadecimal  [32-Bits]

Area                                    Addr        Size        Decimal Bytes (Attributes)
--------------------------------        ----        ----        ------- ----- ------------
GSFINAL                             0000005F    00000003 =           3. bytes (REL,CON,CODE)

      Value  Global                              Global Defined In Module
      -----  --------------------------------   ------------------------
C:   0000005F  A$main$700                         main

ASxxxx Linker V03.00 + NoICE + sdld,  page 22.
Hexadecimal  [32-Bits]

Area                                    Addr        Size        Decimal Bytes (Attributes)
--------------------------------        ----        ----        ------- ----- ------------
CSEG                                00000062    00000D62 =        3426. bytes (REL,CON,CODE)

      Value  Global                              Global Defined In Module
      -----  --------------------------------   ------------------------
C:   00000062  A$func$706                         func
C:   00000062  C$func.c$12$0_0$74                 func
C:   00000062  C$func.c$14$1_0$74                 func
C:   00000062  G$Serial_Init$0$0                  func
C:   00000062  _Serial_Init                       func
C:   00000065  A$func$709                         func
C:   00000065  C$func.c$15$1_0$74                 func
C:   00000068  A$func$712                         func
C:   00000068  C$func.c$16$1_0$74                 func
C:   0000006B  A$func$715                         func
C:   0000006B  C$func.c$17$1_0$74                 func
C:   0000006E  A$func$718                         func
C:   0000006E  C$func.c$18$1_0$74                 func
C:   00000071  A$func$722                         func
C:   00000071  C$func.c$19$1_0$74                 func
C:   00000073  A$func$726                         func
C:   00000073  C$func.c$20$1_0$74                 func
C:   00000075  A$func$731                         func
C:   00000075  C$func.c$21$1_0$74                 func
C:   00000075  XG$Serial_Init$0$0                 func
C:   00000076  A$func$744                         func
C:   00000076  C$func.c$30$1_0$76                 func
C:   00000076  C$func.c$32$1_0$76                 func
C:   00000076  G$PWM_Start_Init$0$0               func
C:   00000076  _PWM_Start_Init                    func
C:   00000079  A$func$747                         func
C:   00000079  C$func.c$33$1_0$76                 func
C:   0000007C  A$func$750                         func
C:   0000007C  C$func.c$34$1_0$76                 func
C:   0000007F  A$func$753                         func
C:   0000007F  C$func.c$35$1_0$76                 func
C:   00000082  A$func$756                         func
C:   00000082  C$func.c$36$1_0$76                 func
C:   00000085  A$func$759                         func
C:   00000085  C$func.c$37$1_0$76                 func
C:   00000088  A$func$762                         func
C:   00000088  C$func.c$38$1_0$76                 func
C:   0000008B  A$func$767                         func
C:   0000008B  C$func.c$39$1_0$76                 func
C:   0000008B  XG$PWM_Start_Init$0$0              func
C:   0000008C  A$func$780                         func
C:   0000008C  C$func.c$48$1_0$78                 func
C:   0000008C  C$func.c$50$1_0$78                 func
C:   0000008C  G$PWM_Stop_Init$0$0                func
C:   0000008C  _PWM_Stop_Init                     func
C:   0000008F  A$func$783                         func
C:   0000008F  C$func.c$51$1_0$78                 func
C:   00000092  A$func$786                         func
C:   00000092  C$func.c$52$1_0$78                 func
C:   00000095  A$func$789                         func
ASxxxx Linker V03.00 + NoICE + sdld,  page 23.
Hexadecimal  [32-Bits]

Area                                    Addr        Size        Decimal Bytes (Attributes)
--------------------------------        ----        ----        ------- ----- ------------
CSEG                                00000062    00000D62 =        3426. bytes (REL,CON,CODE)

      Value  Global                              Global Defined In Module
      -----  --------------------------------   ------------------------
C:   00000095  C$func.c$53$1_0$78                 func
C:   00000098  A$func$792                         func
C:   00000098  C$func.c$54$1_0$78                 func
C:   0000009B  A$func$797                         func
C:   0000009B  C$func.c$55$1_0$78                 func
C:   0000009B  XG$PWM_Stop_Init$0$0               func
C:   0000009C  A$func$810                         func
C:   0000009C  C$func.c$63$1_0$80                 func
C:   0000009C  C$func.c$65$1_0$80                 func
C:   0000009C  G$Highspeed_Toggle_Init$0$0        func
C:   0000009C  _Highspeed_Toggle_Init             func
C:   0000009F  A$func$813                         func
C:   0000009F  C$func.c$66$1_0$80                 func
C:   000000A2  A$func$816                         func
C:   000000A2  C$func.c$67$1_0$80                 func
C:   000000A5  A$func$819                         func
C:   000000A5  C$func.c$68$1_0$80                 func
C:   000000A8  A$func$822                         func
C:   000000A8  C$func.c$69$1_0$80                 func
C:   000000AB  A$func$825                         func
C:   000000AB  C$func.c$70$1_0$80                 func
C:   000000AE  A$func$828                         func
C:   000000AE  C$func.c$71$1_0$80                 func
C:   000000B1  A$func$833                         func
C:   000000B1  C$func.c$72$1_0$80                 func
C:   000000B1  XG$Highspeed_Toggle_Init$0$0       func
C:   000000B2  A$func$846                         func
C:   000000B2  C$func.c$80$1_0$82                 func
C:   000000B2  C$func.c$82$1_0$82                 func
C:   000000B2  G$Watchdog_Init$0$0                func
C:   000000B2  _Watchdog_Init                     func
C:   000000B5  A$func$849                         func
C:   000000B5  C$func.c$83$1_0$82                 func
C:   000000B8  A$func$852                         func
C:   000000B8  C$func.c$84$1_0$82                 func
C:   000000BB  A$func$855                         func
C:   000000BB  C$func.c$85$1_0$82                 func
C:   000000BE  A$func$858                         func
C:   000000BE  C$func.c$86$1_0$82                 func
C:   000000C1  A$func$861                         func
C:   000000C1  C$func.c$87$1_0$82                 func
C:   000000C4  A$func$864                         func
C:   000000C4  C$func.c$88$1_0$82                 func
C:   000000C7  A$func$869                         func
C:   000000C7  C$func.c$89$1_0$82                 func
C:   000000C7  XG$Watchdog_Init$0$0               func
C:   000000C8  A$func$886                         func
C:   000000C8  C$func.c$100$1_0$84                func
C:   000000C8  C$func.c$97$1_0$84                 func
C:   000000C8  C$func.c$99$1_0$84                 func
C:   000000C8  G$getchar$0$0                      func
ASxxxx Linker V03.00 + NoICE + sdld,  page 24.
Hexadecimal  [32-Bits]

Area                                    Addr        Size        Decimal Bytes (Attributes)
--------------------------------        ----        ----        ------- ----- ------------
CSEG                                00000062    00000D62 =        3426. bytes (REL,CON,CODE)

      Value  Global                              Global Defined In Module
      -----  --------------------------------   ------------------------
C:   000000C8  _getchar                           func
C:   000000CB  A$func$887                         func
C:   000000CD  A$func$891                         func
C:   000000CD  C$func.c$101$1_0$84                func
C:   000000CF  A$func$892                         func
C:   000000D1  A$func$893                         func
C:   000000D3  A$func$894                         func
C:   000000D5  A$func$899                         func
C:   000000D5  C$func.c$102$1_0$84                func
C:   000000D5  XG$getchar$0$0                     func
C:   000000D6  A$func$912                         func
C:   000000D6  C$func.c$110$1_0$86                func
C:   000000D6  G$putchar$0$0                      func
C:   000000D6  _putchar                           func
C:   000000D8  A$func$913                         func
C:   000000DA  A$func$914                         func
C:   000000DD  A$func$915                         func
C:   000000DE  A$func$916                         func
C:   000000DF  A$func$917                         func
C:   000000E0  A$func$918                         func
C:   000000E1  A$func$922                         func
C:   000000E1  C$func.c$112$1_0$86                func
C:   000000E4  A$func$925                         func
C:   000000E4  C$func.c$113$1_0$86                func
C:   000000E7  A$func$926                         func
C:   000000E8  A$func$927                         func
C:   000000E9  A$func$928                         func
C:   000000EA  A$func$929                         func
C:   000000EB  A$func$930                         func
C:   000000EC  A$func$931                         func
C:   000000EE  A$func$935                         func
C:   000000EE  C$func.c$114$1_0$86                func
C:   000000F0  A$func$938                         func
C:   000000F0  C$func.c$116$1_0$86                func
C:   000000F2  A$func$939                         func
C:   000000F4  A$func$944                         func
C:   000000F4  C$func.c$117$1_0$86                func
C:   000000F4  XG$putchar$0$0                     func
C:   000000F5  A$main$733                         main
C:   000000F5  C$main.c$16$0_0$74                 main
C:   000000F5  C$main.c$18$1_0$74                 main
C:   000000F5  G$main$0$0                         main
C:   000000F5  _main                              main
C:   000000F8  A$main$736                         main
C:   000000F8  C$main.c$20$1_0$74                 main
C:   000000FA  A$main$737                         main
C:   000000FC  A$main$738                         main
C:   000000FE  A$main$739                         main
C:   00000100  A$main$740                         main
C:   00000102  A$main$741                         main
C:   00000104  A$main$742                         main
ASxxxx Linker V03.00 + NoICE + sdld,  page 25.
Hexadecimal  [32-Bits]

Area                                    Addr        Size        Decimal Bytes (Attributes)
--------------------------------        ----        ----        ------- ----- ------------
CSEG                                00000062    00000D62 =        3426. bytes (REL,CON,CODE)

      Value  Global                              Global Defined In Module
      -----  --------------------------------   ------------------------
C:   00000107  A$main$743                         main
C:   00000109  A$main$744                         main
C:   0000010B  A$main$745                         main
C:   0000010D  A$main$748                         main
C:   0000010D  C$main.c$21$1_0$74                 main
C:   0000010F  A$main$749                         main
C:   00000111  A$main$750                         main
C:   00000113  A$main$751                         main
C:   00000115  A$main$752                         main
C:   00000117  A$main$753                         main
C:   00000119  A$main$754                         main
C:   0000011C  A$main$755                         main
C:   0000011E  A$main$756                         main
C:   00000120  A$main$757                         main
C:   00000122  A$main$760                         main
C:   00000122  C$main.c$22$1_0$74                 main
C:   00000124  A$main$761                         main
C:   00000126  A$main$762                         main
C:   00000128  A$main$763                         main
C:   0000012A  A$main$764                         main
C:   0000012C  A$main$765                         main
C:   0000012E  A$main$766                         main
C:   00000131  A$main$767                         main
C:   00000133  A$main$768                         main
C:   00000135  A$main$769                         main
C:   00000137  A$main$772                         main
C:   00000137  C$main.c$23$1_0$74                 main
C:   00000139  A$main$773                         main
C:   0000013B  A$main$774                         main
C:   0000013D  A$main$775                         main
C:   0000013F  A$main$776                         main
C:   00000141  A$main$777                         main
C:   00000143  A$main$778                         main
C:   00000146  A$main$779                         main
C:   00000148  A$main$780                         main
C:   0000014A  A$main$781                         main
C:   0000014C  A$main$784                         main
C:   0000014C  C$main.c$24$1_0$74                 main
C:   0000014E  A$main$785                         main
C:   00000150  A$main$786                         main
C:   00000152  A$main$787                         main
C:   00000154  A$main$788                         main
C:   00000156  A$main$789                         main
C:   00000158  A$main$790                         main
C:   0000015B  A$main$791                         main
C:   0000015D  A$main$792                         main
C:   0000015F  A$main$793                         main
C:   00000161  A$main$796                         main
C:   00000161  C$main.c$25$1_0$74                 main
C:   00000163  A$main$797                         main
C:   00000165  A$main$798                         main
ASxxxx Linker V03.00 + NoICE + sdld,  page 26.
Hexadecimal  [32-Bits]

Area                                    Addr        Size        Decimal Bytes (Attributes)
--------------------------------        ----        ----        ------- ----- ------------
CSEG                                00000062    00000D62 =        3426. bytes (REL,CON,CODE)

      Value  Global                              Global Defined In Module
      -----  --------------------------------   ------------------------
C:   00000167  A$main$799                         main
C:   00000169  A$main$800                         main
C:   0000016B  A$main$801                         main
C:   0000016D  A$main$802                         main
C:   00000170  A$main$803                         main
C:   00000172  A$main$804                         main
C:   00000174  A$main$805                         main
C:   00000176  A$main$808                         main
C:   00000176  C$main.c$26$1_0$74                 main
C:   00000178  A$main$809                         main
C:   0000017A  A$main$810                         main
C:   0000017C  A$main$811                         main
C:   0000017E  A$main$812                         main
C:   00000180  A$main$813                         main
C:   00000182  A$main$814                         main
C:   00000185  A$main$815                         main
C:   00000187  A$main$816                         main
C:   00000189  A$main$817                         main
C:   0000018B  A$main$820                         main
C:   0000018B  C$main.c$27$1_0$74                 main
C:   0000018D  A$main$821                         main
C:   0000018F  A$main$822                         main
C:   00000191  A$main$823                         main
C:   00000193  A$main$824                         main
C:   00000195  A$main$825                         main
C:   00000197  A$main$826                         main
C:   0000019A  A$main$827                         main
C:   0000019C  A$main$828                         main
C:   0000019E  A$main$829                         main
C:   000001A0  A$main$832                         main
C:   000001A0  C$main.c$28$1_0$74                 main
C:   000001A2  A$main$833                         main
C:   000001A4  A$main$834                         main
C:   000001A6  A$main$835                         main
C:   000001A8  A$main$836                         main
C:   000001AA  A$main$837                         main
C:   000001AC  A$main$838                         main
C:   000001AF  A$main$839                         main
C:   000001B1  A$main$840                         main
C:   000001B3  A$main$841                         main
C:   000001B5  A$main$844                         main
C:   000001B5  C$main.c$29$1_0$74                 main
C:   000001B7  A$main$845                         main
C:   000001B9  A$main$846                         main
C:   000001BB  A$main$847                         main
C:   000001BD  A$main$848                         main
C:   000001BF  A$main$849                         main
C:   000001C1  A$main$850                         main
C:   000001C4  A$main$851                         main
C:   000001C6  A$main$852                         main
C:   000001C8  A$main$853                         main
ASxxxx Linker V03.00 + NoICE + sdld,  page 27.
Hexadecimal  [32-Bits]

Area                                    Addr        Size        Decimal Bytes (Attributes)
--------------------------------        ----        ----        ------- ----- ------------
CSEG                                00000062    00000D62 =        3426. bytes (REL,CON,CODE)

      Value  Global                              Global Defined In Module
      -----  --------------------------------   ------------------------
C:   000001CA  A$main$859                         main
C:   000001CA  C$main.c$32$1_0$74                 main
C:   000001CA  C$main.c$35$2_0$75                 main
C:   000001CD  A$main$862                         main
C:   000001CD  C$main.c$36$2_0$75                 main
C:   000001D0  A$main$863                         main
C:   000001D2  A$main$864                         main
C:   000001D4  A$main$865                         main
C:   000001D7  A$main$866                         main
C:   000001D8  A$main$867                         main
C:   000001D9  A$main$868                         main
C:   000001DA  A$main$869                         main
C:   000001DB  A$main$870                         main
C:   000001DC  A$main$873                         main
C:   000001DC  C$main.c$37$2_0$75                 main
C:   000001DE  A$main$874                         main
C:   000001E0  A$main$875                         main
C:   000001E3  A$main$878                         main
C:   000001E3  C$main.c$39$2_0$75                 main
C:   000001E6  A$main$879                         main
C:   000001E7  A$main$880                         main
C:   000001E8  A$main$881                         main
C:   000001E9  A$main$882                         main
C:   000001EA  A$main$883                         main
C:   000001EB  A$main$884                         main
C:   000001EC  A$main$885                         main
C:   000001ED  A$main$886                         main
C:   000001EF  A$main$887                         main
C:   000001F0  A$main$888                         main
C:   000001F2  A$main$889                         main
C:   000001F4  A$main$890                         main
C:   000001F6  A$main$891                         main
C:   000001F9  A$main$893                         main
C:   000001FA  A$main$894                         main
C:   000001FC  A$main$895                         main
C:   000001FD  A$main$896                         main
C:   000001FF  A$main$897                         main
C:   00000201  A$main$898                         main
C:   00000204  A$main$899                         main
C:   00000206  A$main$900                         main
C:   00000208  A$main$901                         main
C:   0000020B  A$main$903                         main
C:   0000020C  A$main$904                         main
C:   0000020E  A$main$905                         main
C:   0000020F  A$main$906                         main
C:   00000211  A$main$907                         main
C:   00000212  A$main$908                         main
C:   00000214  A$main$909                         main
C:   00000215  A$main$910                         main
C:   00000217  A$main$911                         main
C:   00000218  A$main$912                         main
ASxxxx Linker V03.00 + NoICE + sdld,  page 28.
Hexadecimal  [32-Bits]

Area                                    Addr        Size        Decimal Bytes (Attributes)
--------------------------------        ----        ----        ------- ----- ------------
CSEG                                00000062    00000D62 =        3426. bytes (REL,CON,CODE)

      Value  Global                              Global Defined In Module
      -----  --------------------------------   ------------------------
C:   0000021A  A$main$913                         main
C:   0000021B  A$main$914                         main
C:   0000022C  A$main$938                         main
C:   0000022C  C$main.c$41$3_0$76                 main
C:   0000022C  C$main.c$42$3_0$76                 main
C:   0000022E  A$main$939                         main
C:   00000230  A$main$940                         main
C:   00000232  A$main$941                         main
C:   00000234  A$main$942                         main
C:   00000236  A$main$943                         main
C:   00000238  A$main$944                         main
C:   0000023B  A$main$945                         main
C:   0000023D  A$main$946                         main
C:   0000023F  A$main$947                         main
C:   00000241  A$main$950                         main
C:   00000241  C$main.c$43$3_0$76                 main
C:   00000244  A$main$953                         main
C:   00000244  C$main.c$44$3_0$76                 main
C:   00000247  A$main$959                         main
C:   00000247  C$main.c$45$3_0$76                 main
C:   00000247  C$main.c$46$3_0$76                 main
C:   00000249  A$main$960                         main
C:   0000024B  A$main$961                         main
C:   0000024D  A$main$962                         main
C:   0000024F  A$main$963                         main
C:   00000251  A$main$964                         main
C:   00000253  A$main$965                         main
C:   00000256  A$main$966                         main
C:   00000258  A$main$967                         main
C:   0000025A  A$main$968                         main
C:   0000025C  A$main$971                         main
C:   0000025C  C$main.c$47$3_0$76                 main
C:   0000025F  A$main$974                         main
C:   0000025F  C$main.c$48$3_0$76                 main
C:   00000262  A$main$980                         main
C:   00000262  C$main.c$49$3_0$76                 main
C:   00000262  C$main.c$50$3_0$76                 main
C:   00000264  A$main$981                         main
C:   00000266  A$main$982                         main
C:   00000268  A$main$983                         main
C:   0000026A  A$main$984                         main
C:   0000026C  A$main$985                         main
C:   0000026E  A$main$986                         main
C:   00000271  A$main$987                         main
C:   00000273  A$main$988                         main
C:   00000275  A$main$989                         main
C:   00000277  A$main$992                         main
C:   00000277  C$main.c$51$3_0$76                 main
C:   0000027A  A$main$995                         main
C:   0000027A  C$main.c$52$3_0$76                 main
C:   0000027D  A$main$1001                        main
ASxxxx Linker V03.00 + NoICE + sdld,  page 29.
Hexadecimal  [32-Bits]

Area                                    Addr        Size        Decimal Bytes (Attributes)
--------------------------------        ----        ----        ------- ----- ------------
CSEG                                00000062    00000D62 =        3426. bytes (REL,CON,CODE)

      Value  Global                              Global Defined In Module
      -----  --------------------------------   ------------------------
C:   0000027D  C$main.c$53$3_0$76                 main
C:   0000027D  C$main.c$54$3_0$76                 main
C:   0000027F  A$main$1002                        main
C:   00000281  A$main$1003                        main
C:   00000283  A$main$1004                        main
C:   00000285  A$main$1005                        main
C:   00000287  A$main$1006                        main
C:   00000289  A$main$1007                        main
C:   0000028C  A$main$1008                        main
C:   0000028E  A$main$1009                        main
C:   00000290  A$main$1010                        main
C:   00000292  A$main$1013                        main
C:   00000292  C$main.c$55$3_0$76                 main
C:   00000295  A$main$1018                        main
C:   00000295  C$main.c$56$3_0$76                 main
C:   00000295  C$main.c$57$3_0$76                 main
C:   00000297  A$main$1022                        main
C:   00000297  C$main.c$58$3_0$76                 main
C:   00000299  A$main$1023                        main
C:   0000029B  A$main$1024                        main
C:   0000029D  A$main$1025                        main
C:   0000029F  A$main$1026                        main
C:   000002A1  A$main$1027                        main
C:   000002A3  A$main$1028                        main
C:   000002A6  A$main$1029                        main
C:   000002A8  A$main$1030                        main
C:   000002AA  A$main$1031                        main
C:   000002AC  A$main$1034                        main
C:   000002AC  C$main.c$59$3_0$76                 main
C:   000002AF  A$main$1039                        main
C:   000002AF  C$main.c$60$3_0$76                 main
C:   000002AF  C$main.c$61$3_0$76                 main
C:   000002B1  A$main$1043                        main
C:   000002B1  C$main.c$62$3_0$76                 main
C:   000002B3  A$main$1044                        main
C:   000002B5  A$main$1045                        main
C:   000002B7  A$main$1046                        main
C:   000002B9  A$main$1047                        main
C:   000002BB  A$main$1048                        main
C:   000002BD  A$main$1049                        main
C:   000002C0  A$main$1050                        main
C:   000002C2  A$main$1051                        main
C:   000002C4  A$main$1052                        main
C:   000002C6  A$main$1055                        main
C:   000002C6  C$main.c$63$3_0$76                 main
C:   000002C9  A$main$1060                        main
C:   000002C9  C$main.c$64$3_0$76                 main
C:   000002C9  C$main.c$65$3_0$76                 main
C:   000002CB  A$main$1064                        main
C:   000002CB  C$main.c$66$3_0$76                 main
C:   000002CD  A$main$1065                        main
ASxxxx Linker V03.00 + NoICE + sdld,  page 30.
Hexadecimal  [32-Bits]

Area                                    Addr        Size        Decimal Bytes (Attributes)
--------------------------------        ----        ----        ------- ----- ------------
CSEG                                00000062    00000D62 =        3426. bytes (REL,CON,CODE)

      Value  Global                              Global Defined In Module
      -----  --------------------------------   ------------------------
C:   000002CF  A$main$1066                        main
C:   000002D1  A$main$1067                        main
C:   000002D3  A$main$1068                        main
C:   000002D5  A$main$1069                        main
C:   000002D7  A$main$1070                        main
C:   000002DA  A$main$1071                        main
C:   000002DC  A$main$1072                        main
C:   000002DE  A$main$1073                        main
C:   000002E0  A$main$1076                        main
C:   000002E0  C$main.c$67$3_0$76                 main
C:   000002E3  A$main$1081                        main
C:   000002E3  C$main.c$68$3_0$76                 main
C:   000002E3  C$main.c$69$3_0$76                 main
C:   000002E5  A$main$1085                        main
C:   000002E5  C$main.c$70$3_0$76                 main
C:   000002E7  A$main$1086                        main
C:   000002E9  A$main$1087                        main
C:   000002EB  A$main$1088                        main
C:   000002ED  A$main$1089                        main
C:   000002EF  A$main$1090                        main
C:   000002F1  A$main$1091                        main
C:   000002F4  A$main$1092                        main
C:   000002F6  A$main$1093                        main
C:   000002F8  A$main$1094                        main
C:   000002FA  A$main$1097                        main
C:   000002FA  C$main.c$71$3_0$76                 main
C:   000002FD  A$main$1103                        main
C:   000002FD  C$main.c$74$2_0$75                 main
C:   000002FD  C$main.c$75$2_0$75                 main
C:   00000300  A$main$1104                        main
C:   00000302  A$main$1105                        main
C:   00000303  A$main$1106                        main
C:   00000304  A$main$1107                        main
C:   00000305  A$main$1108                        main
C:   00000306  A$main$1109                        main
C:   00000309  A$main$1114                        main
C:   00000309  C$main.c$77$1_0$74                 main
C:   00000309  XG$main$0$0                        main
C:   0000030A  Fmain$__str_1$0_0$0                main
C:   0000030A  Fmain$__str_10$0_0$0               main
C:   0000030A  Fmain$__str_11$0_0$0               main
C:   0000030A  Fmain$__str_12$0_0$0               main
C:   0000030A  Fmain$__str_13$0_0$0               main
C:   0000030A  Fmain$__str_14$0_0$0               main
C:   0000030A  Fmain$__str_15$0_0$0               main
C:   0000030A  Fmain$__str_16$0_0$0               main
C:   0000030A  Fmain$__str_2$0_0$0                main
C:   0000030A  Fmain$__str_3$0_0$0                main
C:   0000030A  Fmain$__str_4$0_0$0                main
C:   0000030A  Fmain$__str_5$0_0$0                main
C:   0000030A  Fmain$__str_6$0_0$0                main
ASxxxx Linker V03.00 + NoICE + sdld,  page 31.
Hexadecimal  [32-Bits]

Area                                    Addr        Size        Decimal Bytes (Attributes)
--------------------------------        ----        ----        ------- ----- ------------
CSEG                                00000062    00000D62 =        3426. bytes (REL,CON,CODE)

      Value  Global                              Global Defined In Module
      -----  --------------------------------   ------------------------
C:   0000030A  Fmain$__str_7$0_0$0                main
C:   0000030A  Fmain$__str_8$0_0$0                main
C:   0000030A  Fmain$__str_9$0_0$0                main
C:   00000319  _vprintf                           vprintf
C:   00000358  _printf                            vprintf
C:   0000045E  __print_format                     printf_large
C:   00000D6C  _strlen                            _strlen
C:   00000D84  __mulint                           _mulint
C:   00000DA4  __gptrget                          _gptrget
C:   00000DC0  __sdcc_external_startup            _startup
ASxxxx Linker V03.00 + NoICE + sdld,  page 32.
Hexadecimal  [32-Bits]

Area                                    Addr        Size        Decimal Bytes (Attributes)
--------------------------------        ----        ----        ------- ----- ------------
CONST                               00000DC4    00000220 =         544. bytes (REL,CON,CODE)

      Value  Global                              Global Defined In Module
      -----  --------------------------------   ------------------------
C:   00000DC4  Fmain$__str_0$0_0$0                main

ASxxxx Linker V03.00 + NoICE + sdld,  page 33.

Files Linked                              [ module(s) ]

obj\Debug\func.rel                        [  ]
obj\Debug\main.rel                        [  ]


Libraries Linked                          [ object file ]

D:\SDCC\bin\..\lib\large/mcs51.lib        [ crtclear.rel ]
D:\SDCC\bin\..\lib\large/mcs51.lib        [ crtxinit.rel ]
D:\SDCC\bin\..\lib\large/mcs51.lib        [ crtxclear.rel ]
D:\SDCC\bin\..\lib\large/libsdcc.lib      [ vprintf.rel ]
D:\SDCC\bin\..\lib\large/libsdcc.lib      [ printf_large.rel ]
D:\SDCC\bin\..\lib\large/mcs51.lib        [ crtpagesfr.rel ]
D:\SDCC\bin\..\lib\large/libsdcc.lib      [ _strlen.rel ]
D:\SDCC\bin\..\lib\large/libint.lib       [ _mulint.rel ]
D:\SDCC\bin\..\lib\large/mcs51.lib        [ crtstart.rel ]
D:\SDCC\bin\..\lib\large/libsdcc.lib      [ _gptrget.rel ]
D:\SDCC\bin\..\lib\large/libsdcc.lib      [ _startup.rel ]
D:\SDCC\bin\..\lib\large/libsdcc.lib      [ _bp.rel ]

ASxxxx Linker V03.00 + NoICE + sdld,  page 34.

User Base Address Definitions

HOME = 0x0000
ISEG = 0x0000
BSEG = 0x0000

