ASxxxx Linker V03.00 + NoICE + sdld,  page 1.
Hexadecimal  [32-Bits]

Area                                    Addr        Size        Decimal Bytes (Attributes)
--------------------------------        ----        ----        ------- ----- ------------
CABS                                00000000    00000000 =           0. bytes (ABS,CON,CODE)

      Value  Global                              Global Defined In Module
      -----  --------------------------------   ------------------------
C:   00000000  l_BIT_BANK                      
C:   00000000  l_BSEG                          
C:   00000000  l_BSEG_BYTES                    
C:   00000000  l_CABS                          
C:   00000000  l_GSINIT1                       
C:   00000000  l_GSINIT5                       
C:   00000000  l_IABS                          
C:   00000000  l_ISEG                          
C:   00000000  l_OSEG                          
C:   00000000  l_PSEG                          
C:   00000000  l_REG_BANK_1                    
C:   00000000  l_REG_BANK_2                    
C:   00000000  l_REG_BANK_3                    
C:   00000000  l_RSEG                          
C:   00000000  l_RSEG0                         
C:   00000000  l_RSEG1                         
C:   00000000  l_XABS                          
C:   00000000  l__CODE                         
C:   00000000  s_BSEG                          
C:   00000000  s_CABS                          
C:   00000000  s_DSEG                          
C:   00000000  s_HOME                          
C:   00000000  s_IABS                          
C:   00000000  s_ISEG                          
C:   00000000  s_PSEG                          
C:   00000000  s_REG_BANK_0                    
C:   00000000  s_RSEG                          
C:   00000000  s_RSEG0                         
C:   00000000  s_RSEG1                         
C:   00000000  s_XABS                          
C:   00000000  s_XSEG                          
C:   00000003  l_GSFINAL                       
C:   00000003  l_GSINIT0                       
C:   00000006  l_HOME                          
C:   00000006  l_XINIT                         
C:   00000006  l_XISEG                         
C:   00000006  s_GSINIT0                       
C:   00000008  l_REG_BANK_0                    
C:   00000008  s_REG_BANK_1                    
C:   00000009  s_GSINIT1                       
C:   00000009  s_GSINIT2                       
C:   0000000A  l_GSINIT2                       
C:   0000000B  s_SSEG                          
C:   00000010  s_REG_BANK_2                    
C:   00000013  s_GSINIT3                       
C:   00000016  l_GSINIT                        
C:   00000018  s_BIT_BANK                      
C:   00000018  s_OSEG                          
C:   00000018  s_REG_BANK_3                    
C:   00000020  s_BSEG_BYTES                    
ASxxxx Linker V03.00 + NoICE + sdld,  page 2.
Hexadecimal  [32-Bits]

Area                                    Addr        Size        Decimal Bytes (Attributes)
--------------------------------        ----        ----        ------- ----- ------------
CABS                                00000000    00000000 =           0. bytes (ABS,CON,CODE)

      Value  Global                              Global Defined In Module
      -----  --------------------------------   ------------------------
C:   00000020  s__CODE                         
C:   00000022  l_GSINIT3                       
C:   0000002A  l_GSINIT4                       
C:   00000035  s_GSINIT4                       
C:   0000005F  s_GSINIT                        
C:   0000005F  s_GSINIT5                       
C:   00000075  s_GSFINAL                       
C:   00000078  s_CSEG                          
C:   00000080  l_DSEG                          
C:   000000F5  l_SSEG                          
C:   00000100  l_IRAM                          
C:   00000A03  l_CONST                         
C:   0000137E  l_CSEG                          
C:   000013BC  l_XSEG                          
C:   000013BC  s_XISEG                         
C:   000013F6  s_CONST                         
C:   00001DF9  s_XINIT                         

ASxxxx Linker V03.00 + NoICE + sdld,  page 3.
Hexadecimal  [32-Bits]

Area                                    Addr        Size        Decimal Bytes (Attributes)
--------------------------------        ----        ----        ------- ----- ------------
.  .ABS.                            00000000    00000000 =           0. bytes (ABS,CON)

      Value  Global                              Global Defined In Module
      -----  --------------------------------   ------------------------
     00000000  .__.ABS.                           _gptrget
     00000080  G$P0$0_0$0                         main
     00000080  G$P0_0$0_0$0                       main
     00000080  _P0                                main
     00000080  _P0_0                              main
     00000081  G$P0_1$0_0$0                       main
     00000081  G$SP$0_0$0                         main
     00000081  _P0_1                              main
     00000081  _SP                                main
     00000082  G$DP0L$0_0$0                       main
     00000082  G$DPL$0_0$0                        main
     00000082  G$P0_2$0_0$0                       main
     00000082  _DP0L                              main
     00000082  _DPL                               main
     00000082  _P0_2                              main
     00000083  G$DP0H$0_0$0                       main
     00000083  G$DPH$0_0$0                        main
     00000083  G$P0_3$0_0$0                       main
     00000083  _DP0H                              main
     00000083  _DPH                               main
     00000083  _P0_3                              main
     00000084  G$P0_4$0_0$0                       main
     00000084  _P0_4                              main
     00000085  G$P0_5$0_0$0                       main
     00000085  _P0_5                              main
     00000086  G$P0_6$0_0$0                       main
     00000086  _P0_6                              main
     00000087  G$P0_7$0_0$0                       main
     00000087  G$PCON$0_0$0                       main
     00000087  _P0_7                              main
     00000087  _PCON                              main
     00000088  G$IT0$0_0$0                        main
     00000088  G$TCON$0_0$0                       main
     00000088  _IT0                               main
     00000088  _TCON                              main
     00000089  G$IE0$0_0$0                        main
     00000089  G$TMOD$0_0$0                       main
     00000089  _IE0                               main
     00000089  _TMOD                              main
     0000008A  G$IT1$0_0$0                        main
     0000008A  G$TL0$0_0$0                        main
     0000008A  _IT1                               main
     0000008A  _TL0                               main
     0000008B  G$IE1$0_0$0                        main
     0000008B  G$TL1$0_0$0                        main
     0000008B  _IE1                               main
     0000008B  _TL1                               main
     0000008C  G$TH0$0_0$0                        main
     0000008C  G$TR0$0_0$0                        main
     0000008C  _TH0                               main
ASxxxx Linker V03.00 + NoICE + sdld,  page 4.
Hexadecimal  [32-Bits]

Area                                    Addr        Size        Decimal Bytes (Attributes)
--------------------------------        ----        ----        ------- ----- ------------
.  .ABS.                            00000000    00000000 =           0. bytes (ABS,CON)

      Value  Global                              Global Defined In Module
      -----  --------------------------------   ------------------------
     0000008C  _TR0                               main
     0000008D  G$TF0$0_0$0                        main
     0000008D  G$TH1$0_0$0                        main
     0000008D  _TF0                               main
     0000008D  _TH1                               main
     0000008E  G$AUXR$0_0$0                       main
     0000008E  G$TR1$0_0$0                        main
     0000008E  _AUXR                              main
     0000008E  _TR1                               main
     0000008F  G$CKCON0$0_0$0                     main
     0000008F  G$TF1$0_0$0                        main
     0000008F  _CKCON0                            main
     0000008F  _TF1                               main
     00000090  G$P1$0_0$0                         main
     00000090  G$P1_0$0_0$0                       main
     00000090  _P1                                main
     00000090  _P1_0                              main
     00000091  G$P1_1$0_0$0                       main
     00000091  _P1_1                              main
     00000092  G$P1_2$0_0$0                       main
     00000092  _P1_2                              main
     00000093  G$P1_3$0_0$0                       main
     00000093  _P1_3                              main
     00000094  G$P1_4$0_0$0                       main
     00000094  _P1_4                              main
     00000095  G$P1_5$0_0$0                       main
     00000095  _P1_5                              main
     00000096  G$P1_6$0_0$0                       main
     00000096  _P1_6                              main
     00000097  G$CKRL$0_0$0                       main
     00000097  G$P1_7$0_0$0                       main
     00000097  _CKRL                              main
     00000097  _P1_7                              main
     00000098  G$RI$0_0$0                         main
     00000098  G$SCON$0_0$0                       main
     00000098  _RI                                main
     00000098  _SCON                              main
     00000099  G$SBUF$0_0$0                       main
     00000099  G$SBUF0$0_0$0                      main
     00000099  G$TI$0_0$0                         main
     00000099  _SBUF                              main
     00000099  _SBUF0                             main
     00000099  _TI                                main
     0000009A  G$BRL$0_0$0                        main
     0000009A  G$RB8$0_0$0                        main
     0000009A  _BRL                               main
     0000009A  _RB8                               main
     0000009B  G$BDRCON$0_0$0                     main
     0000009B  G$TB8$0_0$0                        main
     0000009B  _BDRCON                            main
     0000009B  _TB8                               main
ASxxxx Linker V03.00 + NoICE + sdld,  page 5.
Hexadecimal  [32-Bits]

Area                                    Addr        Size        Decimal Bytes (Attributes)
--------------------------------        ----        ----        ------- ----- ------------
.  .ABS.                            00000000    00000000 =           0. bytes (ABS,CON)

      Value  Global                              Global Defined In Module
      -----  --------------------------------   ------------------------
     0000009C  G$KBLS$0_0$0                       main
     0000009C  G$REN$0_0$0                        main
     0000009C  _KBLS                              main
     0000009C  _REN                               main
     0000009D  G$KBE$0_0$0                        main
     0000009D  G$SM2$0_0$0                        main
     0000009D  _KBE                               main
     0000009D  _SM2                               main
     0000009E  G$KBF$0_0$0                        main
     0000009E  G$SM1$0_0$0                        main
     0000009E  _KBF                               main
     0000009E  _SM1                               main
     0000009F  G$SM0$0_0$0                        main
     0000009F  _SM0                               main
     000000A0  G$P2$0_0$0                         main
     000000A0  G$P2_0$0_0$0                       main
     000000A0  _P2                                main
     000000A0  _P2_0                              main
     000000A0  __XPAGE                            
     000000A1  G$P2_1$0_0$0                       main
     000000A1  _P2_1                              main
     000000A2  G$AUXR1$0_0$0                      main
     000000A2  G$P2_2$0_0$0                       main
     000000A2  _AUXR1                             main
     000000A2  _P2_2                              main
     000000A3  G$P2_3$0_0$0                       main
     000000A3  _P2_3                              main
     000000A4  G$P2_4$0_0$0                       main
     000000A4  _P2_4                              main
     000000A5  G$P2_5$0_0$0                       main
     000000A5  _P2_5                              main
     000000A6  G$P2_6$0_0$0                       main
     000000A6  G$WDTRST$0_0$0                     main
     000000A6  _P2_6                              main
     000000A6  _WDTRST                            main
     000000A7  G$P2_7$0_0$0                       main
     000000A7  G$WDTPRG$0_0$0                     main
     000000A7  _P2_7                              main
     000000A7  _WDTPRG                            main
     000000A8  G$EX0$0_0$0                        main
     000000A8  G$IE$0_0$0                         main
     000000A8  G$IEN0$0_0$0                       main
     000000A8  _EX0                               main
     000000A8  _IE                                main
     000000A8  _IEN0                              main
     000000A9  G$ET0$0_0$0                        main
     000000A9  G$SADDR$0_0$0                      main
     000000A9  _ET0                               main
     000000A9  _SADDR                             main
     000000AA  G$EX1$0_0$0                        main
     000000AA  _EX1                               main
ASxxxx Linker V03.00 + NoICE + sdld,  page 6.
Hexadecimal  [32-Bits]

Area                                    Addr        Size        Decimal Bytes (Attributes)
--------------------------------        ----        ----        ------- ----- ------------
.  .ABS.                            00000000    00000000 =           0. bytes (ABS,CON)

      Value  Global                              Global Defined In Module
      -----  --------------------------------   ------------------------
     000000AB  G$ET1$0_0$0                        main
     000000AB  _ET1                               main
     000000AC  G$ES$0_0$0                         main
     000000AC  _ES                                main
     000000AD  G$ET2$0_0$0                        main
     000000AD  _ET2                               main
     000000AE  G$EC$0_0$0                         main
     000000AE  _EC                                main
     000000AF  G$CKCON1$0_0$0                     main
     000000AF  G$EA$0_0$0                         main
     000000AF  _CKCON1                            main
     000000AF  _EA                                main
     000000B0  G$P3$0_0$0                         main
     000000B0  G$P3_0$0_0$0                       main
     000000B0  G$RXD$0_0$0                        main
     000000B0  G$RXD0$0_0$0                       main
     000000B0  _P3                                main
     000000B0  _P3_0                              main
     000000B0  _RXD                               main
     000000B0  _RXD0                              main
     000000B1  G$IEN1$0_0$0                       main
     000000B1  G$P3_1$0_0$0                       main
     000000B1  G$TXD$0_0$0                        main
     000000B1  G$TXD0$0_0$0                       main
     000000B1  _IEN1                              main
     000000B1  _P3_1                              main
     000000B1  _TXD                               main
     000000B1  _TXD0                              main
     000000B2  G$INT0$0_0$0                       main
     000000B2  G$IPL1$0_0$0                       main
     000000B2  G$P3_2$0_0$0                       main
     000000B2  _INT0                              main
     000000B2  _IPL1                              main
     000000B2  _P3_2                              main
     000000B3  G$INT1$0_0$0                       main
     000000B3  G$IPH1$0_0$0                       main
     000000B3  G$P3_3$0_0$0                       main
     000000B3  _INT1                              main
     000000B3  _IPH1                              main
     000000B3  _P3_3                              main
     000000B4  G$P3_4$0_0$0                       main
     000000B4  G$T0$0_0$0                         main
     000000B4  _P3_4                              main
     000000B4  _T0                                main
     000000B5  G$P3_5$0_0$0                       main
     000000B5  G$T1$0_0$0                         main
     000000B5  _P3_5                              main
     000000B5  _T1                                main
     000000B6  G$P3_6$0_0$0                       main
     000000B6  G$WR$0_0$0                         main
     000000B6  _P3_6                              main
ASxxxx Linker V03.00 + NoICE + sdld,  page 7.
Hexadecimal  [32-Bits]

Area                                    Addr        Size        Decimal Bytes (Attributes)
--------------------------------        ----        ----        ------- ----- ------------
.  .ABS.                            00000000    00000000 =           0. bytes (ABS,CON)

      Value  Global                              Global Defined In Module
      -----  --------------------------------   ------------------------
     000000B6  _WR                                main
     000000B7  G$IPH0$0_0$0                       main
     000000B7  G$P3_7$0_0$0                       main
     000000B7  G$RD$0_0$0                         main
     000000B7  _IPH0                              main
     000000B7  _P3_7                              main
     000000B7  _RD                                main
     000000B8  G$IP$0_0$0                         main
     000000B8  G$IPL0$0_0$0                       main
     000000B8  G$PX0$0_0$0                        main
     000000B8  G$PX0L$0_0$0                       main
     000000B8  _IP                                main
     000000B8  _IPL0                              main
     000000B8  _PX0                               main
     000000B8  _PX0L                              main
     000000B9  G$PT0$0_0$0                        main
     000000B9  G$PT0L$0_0$0                       main
     000000B9  G$SADEN$0_0$0                      main
     000000B9  _PT0                               main
     000000B9  _PT0L                              main
     000000B9  _SADEN                             main
     000000BA  G$PX1$0_0$0                        main
     000000BA  G$PX1L$0_0$0                       main
     000000BA  _PX1                               main
     000000BA  _PX1L                              main
     000000BB  G$PT1$0_0$0                        main
     000000BB  G$PT1L$0_0$0                       main
     000000BB  _PT1                               main
     000000BB  _PT1L                              main
     000000BC  G$PS$0_0$0                         main
     000000BC  G$PSL$0_0$0                        main
     000000BC  _PS                                main
     000000BC  _PSL                               main
     000000BD  G$PT2$0_0$0                        main
     000000BD  G$PT2L$0_0$0                       main
     000000BD  _PT2                               main
     000000BD  _PT2L                              main
     000000BE  G$PPCL$0_0$0                       main
     000000BE  _PPCL                              main
     000000C0  G$P4$0_0$0                         main
     000000C0  G$P4_0$0_0$0                       main
     000000C0  _P4                                main
     000000C0  _P4_0                              main
     000000C1  G$P4_1$0_0$0                       main
     000000C1  _P4_1                              main
     000000C2  G$P4_2$0_0$0                       main
     000000C2  _P4_2                              main
     000000C3  G$P4_3$0_0$0                       main
     000000C3  G$SPCON$0_0$0                      main
     000000C3  _P4_3                              main
     000000C3  _SPCON                             main
ASxxxx Linker V03.00 + NoICE + sdld,  page 8.
Hexadecimal  [32-Bits]

Area                                    Addr        Size        Decimal Bytes (Attributes)
--------------------------------        ----        ----        ------- ----- ------------
.  .ABS.                            00000000    00000000 =           0. bytes (ABS,CON)

      Value  Global                              Global Defined In Module
      -----  --------------------------------   ------------------------
     000000C4  G$P4_4$0_0$0                       main
     000000C4  G$SPSTA$0_0$0                      main
     000000C4  _P4_4                              main
     000000C4  _SPSTA                             main
     000000C5  G$P4_5$0_0$0                       main
     000000C5  G$SPDAT$0_0$0                      main
     000000C5  _P4_5                              main
     000000C5  _SPDAT                             main
     000000C6  G$P4_6$0_0$0                       main
     000000C6  _P4_6                              main
     000000C7  G$P4_7$0_0$0                       main
     000000C7  _P4_7                              main
     000000C8  G$CP_RL2$0_0$0                     main
     000000C8  G$T2CON$0_0$0                      main
     000000C8  G$T2CON_0$0_0$0                    main
     000000C8  _CP_RL2                            main
     000000C8  _T2CON                             main
     000000C8  _T2CON_0                           main
     000000C9  G$C_T2$0_0$0                       main
     000000C9  G$T2CON_1$0_0$0                    main
     000000C9  G$T2MOD$0_0$0                      main
     000000C9  _C_T2                              main
     000000C9  _T2CON_1                           main
     000000C9  _T2MOD                             main
     000000CA  G$RCAP2L$0_0$0                     main
     000000CA  G$T2CON_2$0_0$0                    main
     000000CA  G$TR2$0_0$0                        main
     000000CA  _RCAP2L                            main
     000000CA  _T2CON_2                           main
     000000CA  _TR2                               main
     000000CB  G$EXEN2$0_0$0                      main
     000000CB  G$RCAP2H$0_0$0                     main
     000000CB  G$T2CON_3$0_0$0                    main
     000000CB  _EXEN2                             main
     000000CB  _RCAP2H                            main
     000000CB  _T2CON_3                           main
     000000CC  G$T2CON_4$0_0$0                    main
     000000CC  G$TCLK$0_0$0                       main
     000000CC  G$TL2$0_0$0                        main
     000000CC  _T2CON_4                           main
     000000CC  _TCLK                              main
     000000CC  _TL2                               main
     000000CD  G$RCLK$0_0$0                       main
     000000CD  G$T2CON_5$0_0$0                    main
     000000CD  G$TH2$0_0$0                        main
     000000CD  _RCLK                              main
     000000CD  _T2CON_5                           main
     000000CD  _TH2                               main
     000000CE  G$EXF2$0_0$0                       main
     000000CE  G$T2CON_6$0_0$0                    main
     000000CE  _EXF2                              main
ASxxxx Linker V03.00 + NoICE + sdld,  page 9.
Hexadecimal  [32-Bits]

Area                                    Addr        Size        Decimal Bytes (Attributes)
--------------------------------        ----        ----        ------- ----- ------------
.  .ABS.                            00000000    00000000 =           0. bytes (ABS,CON)

      Value  Global                              Global Defined In Module
      -----  --------------------------------   ------------------------
     000000CE  _T2CON_6                           main
     000000CF  G$T2CON_7$0_0$0                    main
     000000CF  G$TF2$0_0$0                        main
     000000CF  _T2CON_7                           main
     000000CF  _TF2                               main
     000000D0  G$P$0_0$0                          main
     000000D0  G$PSW$0_0$0                        main
     000000D0  _P                                 main
     000000D0  _PSW                               main
     000000D1  G$F1$0_0$0                         main
     000000D1  _F1                                main
     000000D2  G$EECON$0_0$0                      main
     000000D2  G$OV$0_0$0                         main
     000000D2  _EECON                             main
     000000D2  _OV                                main
     000000D3  G$RS0$0_0$0                        main
     000000D3  _RS0                               main
     000000D4  G$RS1$0_0$0                        main
     000000D4  _RS1                               main
     000000D5  G$F0$0_0$0                         main
     000000D5  _F0                                main
     000000D6  G$AC$0_0$0                         main
     000000D6  _AC                                main
     000000D7  G$CY$0_0$0                         main
     000000D7  _CY                                main
     000000D8  G$CCF0$0_0$0                       main
     000000D8  G$CCON$0_0$0                       main
     000000D8  _CCF0                              main
     000000D8  _CCON                              main
     000000D9  G$CCF1$0_0$0                       main
     000000D9  G$CMOD$0_0$0                       main
     000000D9  _CCF1                              main
     000000D9  _CMOD                              main
     000000DA  G$CCAPM0$0_0$0                     main
     000000DA  G$CCF2$0_0$0                       main
     000000DA  _CCAPM0                            main
     000000DA  _CCF2                              main
     000000DB  G$CCAPM1$0_0$0                     main
     000000DB  G$CCF3$0_0$0                       main
     000000DB  _CCAPM1                            main
     000000DB  _CCF3                              main
     000000DC  G$CCAPM2$0_0$0                     main
     000000DC  G$CCF4$0_0$0                       main
     000000DC  _CCAPM2                            main
     000000DC  _CCF4                              main
     000000DD  G$CCAPM3$0_0$0                     main
     000000DD  _CCAPM3                            main
     000000DE  G$CCAPM4$0_0$0                     main
     000000DE  G$CR$0_0$0                         main
     000000DE  _CCAPM4                            main
     000000DE  _CR                                main
ASxxxx Linker V03.00 + NoICE + sdld,  page 10.
Hexadecimal  [32-Bits]

Area                                    Addr        Size        Decimal Bytes (Attributes)
--------------------------------        ----        ----        ------- ----- ------------
.  .ABS.                            00000000    00000000 =           0. bytes (ABS,CON)

      Value  Global                              Global Defined In Module
      -----  --------------------------------   ------------------------
     000000DF  G$CF$0_0$0                         main
     000000DF  _CF                                main
     000000E0  G$ACC$0_0$0                        main
     000000E0  _ACC                               main
     000000E8  G$P5$0_0$0                         main
     000000E8  G$P5_0$0_0$0                       main
     000000E8  _P5                                main
     000000E8  _P5_0                              main
     000000E9  G$CL$0_0$0                         main
     000000E9  G$P5_1$0_0$0                       main
     000000E9  _CL                                main
     000000E9  _P5_1                              main
     000000EA  G$CCAP0L$0_0$0                     main
     000000EA  G$P5_2$0_0$0                       main
     000000EA  _CCAP0L                            main
     000000EA  _P5_2                              main
     000000EB  G$CCAP1L$0_0$0                     main
     000000EB  G$P5_3$0_0$0                       main
     000000EB  _CCAP1L                            main
     000000EB  _P5_3                              main
     000000EC  G$CCAP2L$0_0$0                     main
     000000EC  G$P5_4$0_0$0                       main
     000000EC  _CCAP2L                            main
     000000EC  _P5_4                              main
     000000ED  G$CCAP3L$0_0$0                     main
     000000ED  G$P5_5$0_0$0                       main
     000000ED  _CCAP3L                            main
     000000ED  _P5_5                              main
     000000EE  G$CCAP4L$0_0$0                     main
     000000EE  G$P5_6$0_0$0                       main
     000000EE  _CCAP4L                            main
     000000EE  _P5_6                              main
     000000EF  G$P5_7$0_0$0                       main
     000000EF  _P5_7                              main
     000000F0  G$B$0_0$0                          main
     000000F0  G$BREG_F0$0_0$0                    main
     000000F0  _B                                 main
     000000F0  _BREG_F0                           main
     000000F1  G$BREG_F1$0_0$0                    main
     000000F1  _BREG_F1                           main
     000000F2  G$BREG_F2$0_0$0                    main
     000000F2  _BREG_F2                           main
     000000F3  G$BREG_F3$0_0$0                    main
     000000F3  _BREG_F3                           main
     000000F4  G$BREG_F4$0_0$0                    main
     000000F4  _BREG_F4                           main
     000000F5  G$BREG_F5$0_0$0                    main
     000000F5  _BREG_F5                           main
     000000F5  _B_5                               _gptrget
     000000F6  G$BREG_F6$0_0$0                    main
     000000F6  _BREG_F6                           main
ASxxxx Linker V03.00 + NoICE + sdld,  page 11.
Hexadecimal  [32-Bits]

Area                                    Addr        Size        Decimal Bytes (Attributes)
--------------------------------        ----        ----        ------- ----- ------------
.  .ABS.                            00000000    00000000 =           0. bytes (ABS,CON)

      Value  Global                              Global Defined In Module
      -----  --------------------------------   ------------------------
     000000F6  _B_6                               _gptrget
     000000F7  G$BREG_F7$0_0$0                    main
     000000F7  _BREG_F7                           main
     000000F7  _B_7                               _gptrget
     000000F9  G$CH$0_0$0                         main
     000000F9  _CH                                main
     000000FA  G$CCAP0H$0_0$0                     main
     000000FA  _CCAP0H                            main
     000000FB  G$CCAP1H$0_0$0                     main
     000000FB  _CCAP1H                            main
     000000FC  G$CCAP2H$0_0$0                     main
     000000FC  _CCAP2H                            main
     000000FD  G$CCAP3H$0_0$0                     main
     000000FD  _CCAP3H                            main
     000000FE  G$CCAP4H$0_0$0                     main
     000000FE  _CCAP4H                            main
ASxxxx Linker V03.00 + NoICE + sdld,  page 12.
Hexadecimal  [32-Bits]

Area                                    Addr        Size        Decimal Bytes (Attributes)
--------------------------------        ----        ----        ------- ----- ------------
REG_BANK_0                          00000000    00000008 =           8. bytes (REL,OVR)

      Value  Global                              Global Defined In Module
      -----  --------------------------------   ------------------------
ASxxxx Linker V03.00 + NoICE + sdld,  page 13.
Hexadecimal  [32-Bits]

Area                                    Addr        Size        Decimal Bytes (Attributes)
--------------------------------        ----        ----        ------- ----- ------------
DSEG                                00000000    00000080 =         128. bytes (REL,CON)

      Value  Global                              Global Defined In Module
      -----  --------------------------------   ------------------------
     0000000A  _bp                                _bp

ASxxxx Linker V03.00 + NoICE + sdld,  page 14.
Hexadecimal  [32-Bits]

Area                                    Addr        Size        Decimal Bytes (Attributes)
--------------------------------        ----        ----        ------- ----- ------------
SSEG                                0000000B    000000F5 =         245. bytes (REL,OVR)

      Value  Global                              Global Defined In Module
      -----  --------------------------------   ------------------------
     0000000B  __start__stack                     main

ASxxxx Linker V03.00 + NoICE + sdld,  page 15.
Hexadecimal  [32-Bits]

Area                                    Addr        Size        Decimal Bytes (Attributes)
--------------------------------        ----        ----        ------- ----- ------------
XSEG                                00000000    000013BC =        5052. bytes (REL,CON,XDATA)

      Value  Global                              Global Defined In Module
      -----  --------------------------------   ------------------------
D:   00000000  Lbuffer_inputs.putchar$c$1_0$41    buffer_inputs
D:   00000002  Lcharacters.dataout$value$1_0$42   characters
D:   00000004  Lcharacters.enter_characters$inp   characters
D:   00000006  Lcharacters.enter_characters$buf   characters
D:   0000006A  Lcharacters.enter_characters$buf   characters
D:   0000006C  Lcharacters.enter_characters$buf   characters
D:   0000006E  Lcharacters.enter_characters$hea   characters
D:   00000070  Lcharacters.enter_characters$arr   characters
D:   00000072  Lcharacters.enter_characters$i$1   characters
D:   00000074  Lcharacters.enter_characters$buf   characters
D:   00000076  Lcharacters.enter_characters$tot   characters
D:   00000078  G$__sdcc_heap$0_0$0                heap
D:   00000078  ___sdcc_heap                       heap
D:   00001338  G$buffer_0$0_0$0                   main
D:   00001338  _buffer_0                          main
D:   0000133A  G$buffer_1$0_0$0                   main
D:   0000133A  _buffer_1                          main
D:   0000133C  G$buffer_n$0_0$0                   main
D:   0000133C  _buffer_n                          main
D:   000013A0  G$buffer_0_address$0_0$0           main
D:   000013A0  _buffer_0_address                  main
D:   000013A2  G$buffer_1_address$0_0$0           main
D:   000013A2  _buffer_1_address                  main
D:   000013A4  G$inp_ch$0_0$0                     main
D:   000013A4  _inp_ch                            main
D:   000013A6  Lmain.main$p$3_2$52                main
D:   000013B2  ___sdcc_heap_free                  malloc
D:   000013BA  __mulint_PARM_2                    _mulint

ASxxxx Linker V03.00 + NoICE + sdld,  page 16.
Hexadecimal  [32-Bits]

Area                                    Addr        Size        Decimal Bytes (Attributes)
--------------------------------        ----        ----        ------- ----- ------------
XISEG                               000013BC    00000006 =           6. bytes (REL,CON,XDATA)

      Value  Global                              Global Defined In Module
      -----  --------------------------------   ------------------------
D:   000013BC  G$heap1$0_0$0                      main
D:   000013BC  _heap1                             main
D:   000013BE  G$total_ch$0_0$0                   main
D:   000013BE  _total_ch                          main
D:   000013C0  G$storage$0_0$0                    main
D:   000013C0  _storage                           main
ASxxxx Linker V03.00 + NoICE + sdld,  page 17.
Hexadecimal  [32-Bits]

Area                                    Addr        Size        Decimal Bytes (Attributes)
--------------------------------        ----        ----        ------- ----- ------------
HOME                                00000000    00000006 =           6. bytes (REL,CON,CODE)

      Value  Global                              Global Defined In Module
      -----  --------------------------------   ------------------------
C:   00000000  A$main$759                         main
C:   00000003  A$main$781                         main
C:   00000003  __sdcc_program_startup             main
ASxxxx Linker V03.00 + NoICE + sdld,  page 18.
Hexadecimal  [32-Bits]

Area                                    Addr        Size        Decimal Bytes (Attributes)
--------------------------------        ----        ----        ------- ----- ------------
GSINIT0                             00000006    00000003 =           3. bytes (REL,CON,CODE)

      Value  Global                              Global Defined In Module
      -----  --------------------------------   ------------------------
C:   00000006  __sdcc_gsinit_startup              

ASxxxx Linker V03.00 + NoICE + sdld,  page 19.
Hexadecimal  [32-Bits]

Area                                    Addr        Size        Decimal Bytes (Attributes)
--------------------------------        ----        ----        ------- ----- ------------
GSINIT2                             00000009    0000000A =          10. bytes (REL,CON,CODE)

      Value  Global                              Global Defined In Module
      -----  --------------------------------   ------------------------
ASxxxx Linker V03.00 + NoICE + sdld,  page 20.
Hexadecimal  [32-Bits]

Area                                    Addr        Size        Decimal Bytes (Attributes)
--------------------------------        ----        ----        ------- ----- ------------
GSINIT3                             00000013    00000022 =          34. bytes (REL,CON,CODE)

      Value  Global                              Global Defined In Module
      -----  --------------------------------   ------------------------
C:   00000013  __mcs51_genXINIT                   

ASxxxx Linker V03.00 + NoICE + sdld,  page 21.
Hexadecimal  [32-Bits]

Area                                    Addr        Size        Decimal Bytes (Attributes)
--------------------------------        ----        ----        ------- ----- ------------
GSINIT4                             00000035    0000002A =          42. bytes (REL,CON,CODE)

      Value  Global                              Global Defined In Module
      -----  --------------------------------   ------------------------
C:   00000035  __mcs51_genRAMCLEAR                
C:   0000003B  __mcs51_genXRAMCLEAR               

ASxxxx Linker V03.00 + NoICE + sdld,  page 22.
Hexadecimal  [32-Bits]

Area                                    Addr        Size        Decimal Bytes (Attributes)
--------------------------------        ----        ----        ------- ----- ------------
GSINIT                              0000005F    00000016 =          22. bytes (REL,CON,CODE)

      Value  Global                              Global Defined In Module
      -----  --------------------------------   ------------------------
C:   0000005F  A$characters$760                   characters
C:   0000005F  C$characters.c$43$1_0$45           characters
C:   00000062  A$characters$761                   characters
C:   00000063  A$characters$762                   characters
C:   00000064  A$characters$763                   characters
C:   00000065  A$characters$764                   characters
C:   00000066  A$characters$767                   characters
C:   00000066  C$characters.c$44$1_0$45           characters
C:   00000069  A$characters$768                   characters
C:   0000006A  A$characters$769                   characters
C:   0000006B  A$characters$770                   characters
C:   0000006C  A$characters$773                   characters
C:   0000006C  C$characters.c$45$1_0$45           characters
C:   0000006F  A$characters$774                   characters
C:   00000071  A$characters$775                   characters
C:   00000072  A$characters$776                   characters
C:   00000073  A$characters$777                   characters
C:   00000074  A$characters$778                   characters
ASxxxx Linker V03.00 + NoICE + sdld,  page 23.
Hexadecimal  [32-Bits]

Area                                    Addr        Size        Decimal Bytes (Attributes)
--------------------------------        ----        ----        ------- ----- ------------
GSFINAL                             00000075    00000003 =           3. bytes (REL,CON,CODE)

      Value  Global                              Global Defined In Module
      -----  --------------------------------   ------------------------
C:   00000075  A$main$774                         main

ASxxxx Linker V03.00 + NoICE + sdld,  page 24.
Hexadecimal  [32-Bits]

Area                                    Addr        Size        Decimal Bytes (Attributes)
--------------------------------        ----        ----        ------- ----- ------------
CSEG                                00000078    0000137E =        4990. bytes (REL,CON,CODE)

      Value  Global                              Global Defined In Module
      -----  --------------------------------   ------------------------
C:   00000078  A$buffer_inputs$744                buffer_inputs
C:   00000078  C$buffer_inputs.c$13$0_0$42        buffer_inputs
C:   00000078  G$putchar$0$0                      buffer_inputs
C:   00000078  _putchar                           buffer_inputs
C:   0000007A  A$buffer_inputs$745                buffer_inputs
C:   0000007C  A$buffer_inputs$746                buffer_inputs
C:   0000007F  A$buffer_inputs$747                buffer_inputs
C:   00000080  A$buffer_inputs$748                buffer_inputs
C:   00000081  A$buffer_inputs$749                buffer_inputs
C:   00000082  A$buffer_inputs$750                buffer_inputs
C:   00000083  A$buffer_inputs$754                buffer_inputs
C:   00000083  C$buffer_inputs.c$16$1_0$42        buffer_inputs
C:   00000086  A$buffer_inputs$757                buffer_inputs
C:   00000086  C$buffer_inputs.c$17$1_0$42        buffer_inputs
C:   00000089  A$buffer_inputs$758                buffer_inputs
C:   0000008A  A$buffer_inputs$759                buffer_inputs
C:   0000008B  A$buffer_inputs$760                buffer_inputs
C:   0000008C  A$buffer_inputs$761                buffer_inputs
C:   0000008D  A$buffer_inputs$762                buffer_inputs
C:   0000008E  A$buffer_inputs$763                buffer_inputs
C:   00000090  A$buffer_inputs$767                buffer_inputs
C:   00000090  C$buffer_inputs.c$18$1_0$42        buffer_inputs
C:   00000092  A$buffer_inputs$770                buffer_inputs
C:   00000092  C$buffer_inputs.c$19$1_0$42        buffer_inputs
C:   00000094  A$buffer_inputs$771                buffer_inputs
C:   00000096  A$buffer_inputs$776                buffer_inputs
C:   00000096  C$buffer_inputs.c$20$1_0$42        buffer_inputs
C:   00000096  XG$putchar$0$0                     buffer_inputs
C:   00000097  A$buffer_inputs$793                buffer_inputs
C:   00000097  C$buffer_inputs.c$28$1_0$44        buffer_inputs
C:   00000097  C$buffer_inputs.c$31$1_0$44        buffer_inputs
C:   00000097  C$buffer_inputs.c$32$1_0$44        buffer_inputs
C:   00000097  G$getchar$0$0                      buffer_inputs
C:   00000097  _getchar                           buffer_inputs
C:   0000009A  A$buffer_inputs$794                buffer_inputs
C:   0000009C  A$buffer_inputs$798                buffer_inputs
C:   0000009C  C$buffer_inputs.c$33$1_0$44        buffer_inputs
C:   0000009E  A$buffer_inputs$799                buffer_inputs
C:   000000A0  A$buffer_inputs$800                buffer_inputs
C:   000000A2  A$buffer_inputs$801                buffer_inputs
C:   000000A4  A$buffer_inputs$806                buffer_inputs
C:   000000A4  C$buffer_inputs.c$34$1_0$44        buffer_inputs
C:   000000A4  XG$getchar$0$0                     buffer_inputs
C:   000000A5  A$buffer_inputs$829                buffer_inputs
C:   000000A5  C$buffer_inputs.c$42$1_0$45        buffer_inputs
C:   000000A5  C$buffer_inputs.c$50$1_0$45        buffer_inputs
C:   000000A5  G$getinp_48_4800$0$0               buffer_inputs
C:   000000A5  _getinp_48_4800                    buffer_inputs
C:   000000A7  A$buffer_inputs$830                buffer_inputs
C:   000000A9  A$buffer_inputs$831                buffer_inputs
ASxxxx Linker V03.00 + NoICE + sdld,  page 25.
Hexadecimal  [32-Bits]

Area                                    Addr        Size        Decimal Bytes (Attributes)
--------------------------------        ----        ----        ------- ----- ------------
CSEG                                00000078    0000137E =        4990. bytes (REL,CON,CODE)

      Value  Global                              Global Defined In Module
      -----  --------------------------------   ------------------------
C:   000000AB  A$buffer_inputs$832                buffer_inputs
C:   000000AD  A$buffer_inputs$833                buffer_inputs
C:   000000B0  A$buffer_inputs$834                buffer_inputs
C:   000000B2  A$buffer_inputs$835                buffer_inputs
C:   000000B4  A$buffer_inputs$839                buffer_inputs
C:   000000B4  C$buffer_inputs.c$52$1_0$45        buffer_inputs
C:   000000B6  A$buffer_inputs$840                buffer_inputs
C:   000000B8  A$buffer_inputs$841                buffer_inputs
C:   000000BA  A$buffer_inputs$842                buffer_inputs
C:   000000BC  A$buffer_inputs$843                buffer_inputs
C:   000000BF  A$buffer_inputs$844                buffer_inputs
C:   000000C1  A$buffer_inputs$845                buffer_inputs
C:   000000C3  A$buffer_inputs$848                buffer_inputs
C:   000000C3  C$buffer_inputs.c$55$1_0$45        buffer_inputs
C:   000000C6  A$buffer_inputs$849                buffer_inputs
C:   000000C8  A$buffer_inputs$850                buffer_inputs
C:   000000CB  A$buffer_inputs$853                buffer_inputs
C:   000000CB  C$buffer_inputs.c$56$1_1$46        buffer_inputs
C:   000000CD  A$buffer_inputs$854                buffer_inputs
C:   000000CE  A$buffer_inputs$855                buffer_inputs
C:   000000D0  A$buffer_inputs$856                buffer_inputs
C:   000000D2  A$buffer_inputs$857                buffer_inputs
C:   000000D3  A$buffer_inputs$860                buffer_inputs
C:   000000D3  C$buffer_inputs.c$57$1_1$46        buffer_inputs
C:   000000D5  A$buffer_inputs$861                buffer_inputs
C:   000000D7  A$buffer_inputs$862                buffer_inputs
C:   000000D9  A$buffer_inputs$863                buffer_inputs
C:   000000DB  A$buffer_inputs$864                buffer_inputs
C:   000000DD  A$buffer_inputs$865                buffer_inputs
C:   000000DF  A$buffer_inputs$866                buffer_inputs
C:   000000E1  A$buffer_inputs$867                buffer_inputs
C:   000000E3  A$buffer_inputs$868                buffer_inputs
C:   000000E6  A$buffer_inputs$869                buffer_inputs
C:   000000E8  A$buffer_inputs$870                buffer_inputs
C:   000000EA  A$buffer_inputs$871                buffer_inputs
C:   000000EC  A$buffer_inputs$874                buffer_inputs
C:   000000EC  C$buffer_inputs.c$60$1_1$46        buffer_inputs
C:   000000EF  A$buffer_inputs$875                buffer_inputs
C:   000000F1  A$buffer_inputs$876                buffer_inputs
C:   000000F4  A$buffer_inputs$879                buffer_inputs
C:   000000F4  C$buffer_inputs.c$61$1_2$47        buffer_inputs
C:   000000F6  A$buffer_inputs$880                buffer_inputs
C:   000000F7  A$buffer_inputs$881                buffer_inputs
C:   000000F9  A$buffer_inputs$882                buffer_inputs
C:   000000FB  A$buffer_inputs$883                buffer_inputs
C:   000000FC  A$buffer_inputs$886                buffer_inputs
C:   000000FC  C$buffer_inputs.c$62$1_2$47        buffer_inputs
C:   000000FE  A$buffer_inputs$887                buffer_inputs
C:   00000100  A$buffer_inputs$888                buffer_inputs
C:   00000102  A$buffer_inputs$889                buffer_inputs
C:   00000104  A$buffer_inputs$890                buffer_inputs
ASxxxx Linker V03.00 + NoICE + sdld,  page 26.
Hexadecimal  [32-Bits]

Area                                    Addr        Size        Decimal Bytes (Attributes)
--------------------------------        ----        ----        ------- ----- ------------
CSEG                                00000078    0000137E =        4990. bytes (REL,CON,CODE)

      Value  Global                              Global Defined In Module
      -----  --------------------------------   ------------------------
C:   00000106  A$buffer_inputs$891                buffer_inputs
C:   00000108  A$buffer_inputs$892                buffer_inputs
C:   0000010A  A$buffer_inputs$893                buffer_inputs
C:   0000010C  A$buffer_inputs$894                buffer_inputs
C:   0000010F  A$buffer_inputs$895                buffer_inputs
C:   00000111  A$buffer_inputs$896                buffer_inputs
C:   00000113  A$buffer_inputs$897                buffer_inputs
C:   00000115  A$buffer_inputs$900                buffer_inputs
C:   00000115  C$buffer_inputs.c$65$1_2$47        buffer_inputs
C:   00000118  A$buffer_inputs$901                buffer_inputs
C:   0000011A  A$buffer_inputs$902                buffer_inputs
C:   0000011D  A$buffer_inputs$905                buffer_inputs
C:   0000011D  C$buffer_inputs.c$66$1_3$48        buffer_inputs
C:   0000011F  A$buffer_inputs$906                buffer_inputs
C:   00000120  A$buffer_inputs$907                buffer_inputs
C:   00000122  A$buffer_inputs$908                buffer_inputs
C:   00000124  A$buffer_inputs$909                buffer_inputs
C:   00000125  A$buffer_inputs$912                buffer_inputs
C:   00000125  C$buffer_inputs.c$67$1_3$48        buffer_inputs
C:   00000127  A$buffer_inputs$913                buffer_inputs
C:   00000129  A$buffer_inputs$914                buffer_inputs
C:   0000012B  A$buffer_inputs$915                buffer_inputs
C:   0000012D  A$buffer_inputs$916                buffer_inputs
C:   0000012F  A$buffer_inputs$917                buffer_inputs
C:   00000131  A$buffer_inputs$918                buffer_inputs
C:   00000133  A$buffer_inputs$919                buffer_inputs
C:   00000135  A$buffer_inputs$920                buffer_inputs
C:   00000138  A$buffer_inputs$921                buffer_inputs
C:   0000013A  A$buffer_inputs$922                buffer_inputs
C:   0000013C  A$buffer_inputs$923                buffer_inputs
C:   0000013E  A$buffer_inputs$926                buffer_inputs
C:   0000013E  C$buffer_inputs.c$70$1_3$48        buffer_inputs
C:   00000141  A$buffer_inputs$927                buffer_inputs
C:   00000143  A$buffer_inputs$928                buffer_inputs
C:   00000146  A$buffer_inputs$931                buffer_inputs
C:   00000146  C$buffer_inputs.c$71$1_4$49        buffer_inputs
C:   00000148  A$buffer_inputs$932                buffer_inputs
C:   00000149  A$buffer_inputs$933                buffer_inputs
C:   0000014B  A$buffer_inputs$934                buffer_inputs
C:   0000014D  A$buffer_inputs$935                buffer_inputs
C:   0000014E  A$buffer_inputs$938                buffer_inputs
C:   0000014E  C$buffer_inputs.c$72$1_4$49        buffer_inputs
C:   00000150  A$buffer_inputs$939                buffer_inputs
C:   00000152  A$buffer_inputs$940                buffer_inputs
C:   00000154  A$buffer_inputs$941                buffer_inputs
C:   00000156  A$buffer_inputs$942                buffer_inputs
C:   00000158  A$buffer_inputs$943                buffer_inputs
C:   0000015A  A$buffer_inputs$944                buffer_inputs
C:   0000015C  A$buffer_inputs$945                buffer_inputs
C:   0000015E  A$buffer_inputs$946                buffer_inputs
C:   00000161  A$buffer_inputs$947                buffer_inputs
ASxxxx Linker V03.00 + NoICE + sdld,  page 27.
Hexadecimal  [32-Bits]

Area                                    Addr        Size        Decimal Bytes (Attributes)
--------------------------------        ----        ----        ------- ----- ------------
CSEG                                00000078    0000137E =        4990. bytes (REL,CON,CODE)

      Value  Global                              Global Defined In Module
      -----  --------------------------------   ------------------------
C:   00000163  A$buffer_inputs$948                buffer_inputs
C:   00000165  A$buffer_inputs$949                buffer_inputs
C:   00000167  A$buffer_inputs$950                buffer_inputs
C:   00000169  A$buffer_inputs$951                buffer_inputs
C:   0000016B  A$buffer_inputs$952                buffer_inputs
C:   0000016D  A$buffer_inputs$953                buffer_inputs
C:   0000016F  A$buffer_inputs$954                buffer_inputs
C:   00000171  A$buffer_inputs$955                buffer_inputs
C:   00000173  A$buffer_inputs$956                buffer_inputs
C:   00000175  A$buffer_inputs$957                buffer_inputs
C:   00000177  A$buffer_inputs$960                buffer_inputs
C:   00000177  C$buffer_inputs.c$75$1_4$49        buffer_inputs
C:   0000017A  A$buffer_inputs$961                buffer_inputs
C:   0000017B  A$buffer_inputs$962                buffer_inputs
C:   0000017C  A$buffer_inputs$963                buffer_inputs
C:   0000017D  A$buffer_inputs$964                buffer_inputs
C:   0000017E  A$buffer_inputs$965                buffer_inputs
C:   0000017F  A$buffer_inputs$966                buffer_inputs
C:   00000182  A$buffer_inputs$967                buffer_inputs
C:   00000184  A$buffer_inputs$968                buffer_inputs
C:   00000186  A$buffer_inputs$969                buffer_inputs
C:   00000188  A$buffer_inputs$970                buffer_inputs
C:   0000018A  A$buffer_inputs$971                buffer_inputs
C:   0000018C  A$buffer_inputs$972                buffer_inputs
C:   0000018E  A$buffer_inputs$973                buffer_inputs
C:   00000191  A$buffer_inputs$974                buffer_inputs
C:   00000193  A$buffer_inputs$975                buffer_inputs
C:   00000195  A$buffer_inputs$976                buffer_inputs
C:   00000197  A$buffer_inputs$977                buffer_inputs
C:   00000199  A$buffer_inputs$978                buffer_inputs
C:   0000019B  A$buffer_inputs$979                buffer_inputs
C:   0000019D  A$buffer_inputs$980                buffer_inputs
C:   0000019F  A$buffer_inputs$981                buffer_inputs
C:   000001A1  A$buffer_inputs$982                buffer_inputs
C:   000001A4  A$buffer_inputs$983                buffer_inputs
C:   000001A5  A$buffer_inputs$984                buffer_inputs
C:   000001A6  A$buffer_inputs$985                buffer_inputs
C:   000001A7  A$buffer_inputs$986                buffer_inputs
C:   000001A8  A$buffer_inputs$987                buffer_inputs
C:   000001A9  A$buffer_inputs$988                buffer_inputs
C:   000001AC  A$buffer_inputs$989                buffer_inputs
C:   000001AE  A$buffer_inputs$990                buffer_inputs
C:   000001B0  A$buffer_inputs$991                buffer_inputs
C:   000001B2  A$buffer_inputs$992                buffer_inputs
C:   000001B4  A$buffer_inputs$993                buffer_inputs
C:   000001B6  A$buffer_inputs$994                buffer_inputs
C:   000001B8  A$buffer_inputs$995                buffer_inputs
C:   000001BB  A$buffer_inputs$996                buffer_inputs
C:   000001BD  A$buffer_inputs$997                buffer_inputs
C:   000001BF  A$buffer_inputs$998                buffer_inputs
C:   000001C1  A$buffer_inputs$999                buffer_inputs
ASxxxx Linker V03.00 + NoICE + sdld,  page 28.
Hexadecimal  [32-Bits]

Area                                    Addr        Size        Decimal Bytes (Attributes)
--------------------------------        ----        ----        ------- ----- ------------
CSEG                                00000078    0000137E =        4990. bytes (REL,CON,CODE)

      Value  Global                              Global Defined In Module
      -----  --------------------------------   ------------------------
C:   000001C3  A$buffer_inputs$1000               buffer_inputs
C:   000001C5  A$buffer_inputs$1001               buffer_inputs
C:   000001C7  A$buffer_inputs$1002               buffer_inputs
C:   000001C9  A$buffer_inputs$1003               buffer_inputs
C:   000001CB  A$buffer_inputs$1004               buffer_inputs
C:   000001CC  A$buffer_inputs$1005               buffer_inputs
C:   000001CD  A$buffer_inputs$1006               buffer_inputs
C:   000001CE  A$buffer_inputs$1007               buffer_inputs
C:   000001CF  A$buffer_inputs$1008               buffer_inputs
C:   000001D0  A$buffer_inputs$1009               buffer_inputs
C:   000001D1  A$buffer_inputs$1010               buffer_inputs
C:   000001D4  A$buffer_inputs$1011               buffer_inputs
C:   000001D5  A$buffer_inputs$1012               buffer_inputs
C:   000001D6  A$buffer_inputs$1013               buffer_inputs
C:   000001D7  A$buffer_inputs$1014               buffer_inputs
C:   000001D8  A$buffer_inputs$1015               buffer_inputs
C:   000001D9  A$buffer_inputs$1016               buffer_inputs
C:   000001DC  A$buffer_inputs$1017               buffer_inputs
C:   000001DE  A$buffer_inputs$1018               buffer_inputs
C:   000001E0  A$buffer_inputs$1019               buffer_inputs
C:   000001E2  A$buffer_inputs$1020               buffer_inputs
C:   000001E4  A$buffer_inputs$1021               buffer_inputs
C:   000001E7  A$buffer_inputs$1022               buffer_inputs
C:   000001E9  A$buffer_inputs$1023               buffer_inputs
C:   000001EB  A$buffer_inputs$1024               buffer_inputs
C:   000001ED  A$buffer_inputs$1025               buffer_inputs
C:   000001EF  A$buffer_inputs$1026               buffer_inputs
C:   000001F1  A$buffer_inputs$1027               buffer_inputs
C:   000001F3  A$buffer_inputs$1028               buffer_inputs
C:   000001F4  A$buffer_inputs$1029               buffer_inputs
C:   000001F5  A$buffer_inputs$1030               buffer_inputs
C:   000001F6  A$buffer_inputs$1031               buffer_inputs
C:   000001F7  A$buffer_inputs$1032               buffer_inputs
C:   000001F8  A$buffer_inputs$1033               buffer_inputs
C:   000001F9  A$buffer_inputs$1034               buffer_inputs
C:   000001FA  A$buffer_inputs$1035               buffer_inputs
C:   000001FB  A$buffer_inputs$1036               buffer_inputs
C:   000001FC  A$buffer_inputs$1037               buffer_inputs
C:   000001FD  A$buffer_inputs$1038               buffer_inputs
C:   000001FE  A$buffer_inputs$1039               buffer_inputs
C:   000001FF  A$buffer_inputs$1042               buffer_inputs
C:   000001FF  C$buffer_inputs.c$76$1_4$49        buffer_inputs
C:   00000201  A$buffer_inputs$1043               buffer_inputs
C:   00000203  A$buffer_inputs$1044               buffer_inputs
C:   00000205  A$buffer_inputs$1045               buffer_inputs
C:   00000207  A$buffer_inputs$1046               buffer_inputs
C:   00000209  A$buffer_inputs$1047               buffer_inputs
C:   0000020B  A$buffer_inputs$1048               buffer_inputs
C:   0000020D  A$buffer_inputs$1049               buffer_inputs
C:   0000020F  A$buffer_inputs$1050               buffer_inputs
C:   00000212  A$buffer_inputs$1051               buffer_inputs
ASxxxx Linker V03.00 + NoICE + sdld,  page 29.
Hexadecimal  [32-Bits]

Area                                    Addr        Size        Decimal Bytes (Attributes)
--------------------------------        ----        ----        ------- ----- ------------
CSEG                                00000078    0000137E =        4990. bytes (REL,CON,CODE)

      Value  Global                              Global Defined In Module
      -----  --------------------------------   ------------------------
C:   00000214  A$buffer_inputs$1052               buffer_inputs
C:   00000216  A$buffer_inputs$1053               buffer_inputs
C:   00000218  A$buffer_inputs$1054               buffer_inputs
C:   0000021A  A$buffer_inputs$1055               buffer_inputs
C:   0000021C  A$buffer_inputs$1058               buffer_inputs
C:   0000021C  C$buffer_inputs.c$79$1_4$49        buffer_inputs
C:   0000021E  A$buffer_inputs$1059               buffer_inputs
C:   00000220  A$buffer_inputs$1060               buffer_inputs
C:   00000221  A$buffer_inputs$1061               buffer_inputs
C:   00000222  A$buffer_inputs$1062               buffer_inputs
C:   00000224  A$buffer_inputs$1063               buffer_inputs
C:   00000225  A$buffer_inputs$1064               buffer_inputs
C:   00000227  A$buffer_inputs$1065               buffer_inputs
C:   00000229  A$buffer_inputs$1066               buffer_inputs
C:   0000022B  A$buffer_inputs$1067               buffer_inputs
C:   0000022D  A$buffer_inputs$1068               buffer_inputs
C:   0000022E  A$buffer_inputs$1069               buffer_inputs
C:   00000230  A$buffer_inputs$1070               buffer_inputs
C:   00000231  A$buffer_inputs$1071               buffer_inputs
C:   00000233  A$buffer_inputs$1072               buffer_inputs
C:   00000234  A$buffer_inputs$1073               buffer_inputs
C:   00000236  A$buffer_inputs$1074               buffer_inputs
C:   00000238  A$buffer_inputs$1075               buffer_inputs
C:   0000023A  A$buffer_inputs$1076               buffer_inputs
C:   0000023B  A$buffer_inputs$1077               buffer_inputs
C:   0000023D  A$buffer_inputs$1078               buffer_inputs
C:   0000023F  A$buffer_inputs$1081               buffer_inputs
C:   0000023F  C$buffer_inputs.c$81$2_4$50        buffer_inputs
C:   00000241  A$buffer_inputs$1082               buffer_inputs
C:   00000243  A$buffer_inputs$1083               buffer_inputs
C:   00000245  A$buffer_inputs$1084               buffer_inputs
C:   00000247  A$buffer_inputs$1085               buffer_inputs
C:   00000249  A$buffer_inputs$1086               buffer_inputs
C:   0000024B  A$buffer_inputs$1087               buffer_inputs
C:   0000024E  A$buffer_inputs$1088               buffer_inputs
C:   00000250  A$buffer_inputs$1089               buffer_inputs
C:   00000252  A$buffer_inputs$1090               buffer_inputs
C:   00000254  A$buffer_inputs$1091               buffer_inputs
C:   00000256  A$buffer_inputs$1094               buffer_inputs
C:   00000256  C$buffer_inputs.c$82$2_4$50        buffer_inputs
C:   00000258  A$buffer_inputs$1095               buffer_inputs
C:   0000025A  A$buffer_inputs$1096               buffer_inputs
C:   0000025C  A$buffer_inputs$1097               buffer_inputs
C:   0000025E  A$buffer_inputs$1098               buffer_inputs
C:   00000260  A$buffer_inputs$1099               buffer_inputs
C:   00000262  A$buffer_inputs$1100               buffer_inputs
C:   00000264  A$buffer_inputs$1101               buffer_inputs
C:   00000266  A$buffer_inputs$1102               buffer_inputs
C:   00000269  A$buffer_inputs$1103               buffer_inputs
C:   0000026B  A$buffer_inputs$1104               buffer_inputs
C:   0000026D  A$buffer_inputs$1105               buffer_inputs
ASxxxx Linker V03.00 + NoICE + sdld,  page 30.
Hexadecimal  [32-Bits]

Area                                    Addr        Size        Decimal Bytes (Attributes)
--------------------------------        ----        ----        ------- ----- ------------
CSEG                                00000078    0000137E =        4990. bytes (REL,CON,CODE)

      Value  Global                              Global Defined In Module
      -----  --------------------------------   ------------------------
C:   0000026F  A$buffer_inputs$1106               buffer_inputs
C:   00000271  A$buffer_inputs$1107               buffer_inputs
C:   00000273  A$buffer_inputs$1110               buffer_inputs
C:   00000273  C$buffer_inputs.c$83$2_4$50        buffer_inputs
C:   00000275  A$buffer_inputs$1111               buffer_inputs
C:   00000277  A$buffer_inputs$1112               buffer_inputs
C:   00000279  A$buffer_inputs$1116               buffer_inputs
C:   00000279  C$buffer_inputs.c$87$2_4$51        buffer_inputs
C:   0000027B  A$buffer_inputs$1117               buffer_inputs
C:   0000027D  A$buffer_inputs$1118               buffer_inputs
C:   0000027F  A$buffer_inputs$1119               buffer_inputs
C:   00000281  A$buffer_inputs$1120               buffer_inputs
C:   00000284  A$buffer_inputs$1121               buffer_inputs
C:   00000286  A$buffer_inputs$1122               buffer_inputs
C:   00000288  A$buffer_inputs$1125               buffer_inputs
C:   00000288  C$buffer_inputs.c$88$2_4$51        buffer_inputs
C:   0000028B  A$buffer_inputs$1131               buffer_inputs
C:   0000028B  C$buffer_inputs.c$90$1_4$45        buffer_inputs
C:   0000028B  XG$getinp_48_4800$0$0              buffer_inputs
C:   0000028C  A$buffer_inputs$1153               buffer_inputs
C:   0000028C  C$buffer_inputs.c$105$1_0$52       buffer_inputs
C:   0000028C  C$buffer_inputs.c$98$1_4$52        buffer_inputs
C:   0000028C  G$getinp_30_300$0$0                buffer_inputs
C:   0000028C  _getinp_30_300                     buffer_inputs
C:   0000028E  A$buffer_inputs$1154               buffer_inputs
C:   00000290  A$buffer_inputs$1155               buffer_inputs
C:   00000292  A$buffer_inputs$1156               buffer_inputs
C:   00000294  A$buffer_inputs$1157               buffer_inputs
C:   00000297  A$buffer_inputs$1158               buffer_inputs
C:   00000299  A$buffer_inputs$1159               buffer_inputs
C:   0000029B  A$buffer_inputs$1162               buffer_inputs
C:   0000029B  C$buffer_inputs.c$108$1_0$52       buffer_inputs
C:   0000029E  A$buffer_inputs$1163               buffer_inputs
C:   000002A0  A$buffer_inputs$1164               buffer_inputs
C:   000002A3  A$buffer_inputs$1167               buffer_inputs
C:   000002A3  C$buffer_inputs.c$109$1_1$53       buffer_inputs
C:   000002A5  A$buffer_inputs$1168               buffer_inputs
C:   000002A6  A$buffer_inputs$1169               buffer_inputs
C:   000002A8  A$buffer_inputs$1170               buffer_inputs
C:   000002AA  A$buffer_inputs$1171               buffer_inputs
C:   000002AB  A$buffer_inputs$1174               buffer_inputs
C:   000002AB  C$buffer_inputs.c$110$1_1$53       buffer_inputs
C:   000002AD  A$buffer_inputs$1175               buffer_inputs
C:   000002AF  A$buffer_inputs$1176               buffer_inputs
C:   000002B1  A$buffer_inputs$1177               buffer_inputs
C:   000002B3  A$buffer_inputs$1178               buffer_inputs
C:   000002B5  A$buffer_inputs$1179               buffer_inputs
C:   000002B7  A$buffer_inputs$1180               buffer_inputs
C:   000002B9  A$buffer_inputs$1181               buffer_inputs
C:   000002BB  A$buffer_inputs$1182               buffer_inputs
C:   000002BE  A$buffer_inputs$1183               buffer_inputs
ASxxxx Linker V03.00 + NoICE + sdld,  page 31.
Hexadecimal  [32-Bits]

Area                                    Addr        Size        Decimal Bytes (Attributes)
--------------------------------        ----        ----        ------- ----- ------------
CSEG                                00000078    0000137E =        4990. bytes (REL,CON,CODE)

      Value  Global                              Global Defined In Module
      -----  --------------------------------   ------------------------
C:   000002C0  A$buffer_inputs$1184               buffer_inputs
C:   000002C2  A$buffer_inputs$1185               buffer_inputs
C:   000002C4  A$buffer_inputs$1188               buffer_inputs
C:   000002C4  C$buffer_inputs.c$113$1_1$53       buffer_inputs
C:   000002C7  A$buffer_inputs$1189               buffer_inputs
C:   000002C9  A$buffer_inputs$1190               buffer_inputs
C:   000002CC  A$buffer_inputs$1193               buffer_inputs
C:   000002CC  C$buffer_inputs.c$114$1_2$54       buffer_inputs
C:   000002CE  A$buffer_inputs$1194               buffer_inputs
C:   000002CF  A$buffer_inputs$1195               buffer_inputs
C:   000002D1  A$buffer_inputs$1196               buffer_inputs
C:   000002D3  A$buffer_inputs$1197               buffer_inputs
C:   000002D4  A$buffer_inputs$1200               buffer_inputs
C:   000002D4  C$buffer_inputs.c$115$1_2$54       buffer_inputs
C:   000002D6  A$buffer_inputs$1201               buffer_inputs
C:   000002D8  A$buffer_inputs$1202               buffer_inputs
C:   000002DA  A$buffer_inputs$1203               buffer_inputs
C:   000002DC  A$buffer_inputs$1204               buffer_inputs
C:   000002DE  A$buffer_inputs$1205               buffer_inputs
C:   000002E0  A$buffer_inputs$1206               buffer_inputs
C:   000002E2  A$buffer_inputs$1207               buffer_inputs
C:   000002E4  A$buffer_inputs$1208               buffer_inputs
C:   000002E7  A$buffer_inputs$1209               buffer_inputs
C:   000002E9  A$buffer_inputs$1210               buffer_inputs
C:   000002EB  A$buffer_inputs$1211               buffer_inputs
C:   000002ED  A$buffer_inputs$1214               buffer_inputs
C:   000002ED  C$buffer_inputs.c$118$1_2$54       buffer_inputs
C:   000002F0  A$buffer_inputs$1215               buffer_inputs
C:   000002F2  A$buffer_inputs$1216               buffer_inputs
C:   000002F5  A$buffer_inputs$1219               buffer_inputs
C:   000002F5  C$buffer_inputs.c$119$1_3$55       buffer_inputs
C:   000002F7  A$buffer_inputs$1220               buffer_inputs
C:   000002F8  A$buffer_inputs$1221               buffer_inputs
C:   000002FA  A$buffer_inputs$1222               buffer_inputs
C:   000002FC  A$buffer_inputs$1223               buffer_inputs
C:   000002FD  A$buffer_inputs$1226               buffer_inputs
C:   000002FD  C$buffer_inputs.c$120$1_3$55       buffer_inputs
C:   000002FF  A$buffer_inputs$1227               buffer_inputs
C:   00000301  A$buffer_inputs$1228               buffer_inputs
C:   00000303  A$buffer_inputs$1229               buffer_inputs
C:   00000305  A$buffer_inputs$1230               buffer_inputs
C:   00000307  A$buffer_inputs$1231               buffer_inputs
C:   00000309  A$buffer_inputs$1232               buffer_inputs
C:   0000030B  A$buffer_inputs$1233               buffer_inputs
C:   0000030D  A$buffer_inputs$1234               buffer_inputs
C:   00000310  A$buffer_inputs$1235               buffer_inputs
C:   00000312  A$buffer_inputs$1236               buffer_inputs
C:   00000314  A$buffer_inputs$1237               buffer_inputs
C:   00000316  A$buffer_inputs$1238               buffer_inputs
C:   00000318  A$buffer_inputs$1239               buffer_inputs
C:   0000031A  A$buffer_inputs$1240               buffer_inputs
ASxxxx Linker V03.00 + NoICE + sdld,  page 32.
Hexadecimal  [32-Bits]

Area                                    Addr        Size        Decimal Bytes (Attributes)
--------------------------------        ----        ----        ------- ----- ------------
CSEG                                00000078    0000137E =        4990. bytes (REL,CON,CODE)

      Value  Global                              Global Defined In Module
      -----  --------------------------------   ------------------------
C:   0000031C  A$buffer_inputs$1241               buffer_inputs
C:   0000031E  A$buffer_inputs$1242               buffer_inputs
C:   00000320  A$buffer_inputs$1243               buffer_inputs
C:   00000322  A$buffer_inputs$1246               buffer_inputs
C:   00000322  C$buffer_inputs.c$123$1_3$55       buffer_inputs
C:   00000325  A$buffer_inputs$1247               buffer_inputs
C:   00000326  A$buffer_inputs$1248               buffer_inputs
C:   00000327  A$buffer_inputs$1249               buffer_inputs
C:   00000328  A$buffer_inputs$1250               buffer_inputs
C:   00000329  A$buffer_inputs$1251               buffer_inputs
C:   0000032A  A$buffer_inputs$1252               buffer_inputs
C:   0000032D  A$buffer_inputs$1253               buffer_inputs
C:   0000032F  A$buffer_inputs$1254               buffer_inputs
C:   00000331  A$buffer_inputs$1255               buffer_inputs
C:   00000333  A$buffer_inputs$1256               buffer_inputs
C:   00000335  A$buffer_inputs$1257               buffer_inputs
C:   00000338  A$buffer_inputs$1258               buffer_inputs
C:   0000033A  A$buffer_inputs$1259               buffer_inputs
C:   0000033C  A$buffer_inputs$1260               buffer_inputs
C:   0000033E  A$buffer_inputs$1261               buffer_inputs
C:   00000340  A$buffer_inputs$1262               buffer_inputs
C:   00000342  A$buffer_inputs$1263               buffer_inputs
C:   00000344  A$buffer_inputs$1264               buffer_inputs
C:   00000347  A$buffer_inputs$1265               buffer_inputs
C:   00000348  A$buffer_inputs$1266               buffer_inputs
C:   00000349  A$buffer_inputs$1267               buffer_inputs
C:   0000034A  A$buffer_inputs$1268               buffer_inputs
C:   0000034B  A$buffer_inputs$1269               buffer_inputs
C:   0000034C  A$buffer_inputs$1270               buffer_inputs
C:   0000034F  A$buffer_inputs$1271               buffer_inputs
C:   00000351  A$buffer_inputs$1272               buffer_inputs
C:   00000353  A$buffer_inputs$1273               buffer_inputs
C:   00000355  A$buffer_inputs$1274               buffer_inputs
C:   00000357  A$buffer_inputs$1275               buffer_inputs
C:   0000035A  A$buffer_inputs$1276               buffer_inputs
C:   0000035C  A$buffer_inputs$1277               buffer_inputs
C:   0000035E  A$buffer_inputs$1278               buffer_inputs
C:   00000360  A$buffer_inputs$1279               buffer_inputs
C:   00000362  A$buffer_inputs$1280               buffer_inputs
C:   00000364  A$buffer_inputs$1281               buffer_inputs
C:   00000366  A$buffer_inputs$1282               buffer_inputs
C:   00000367  A$buffer_inputs$1283               buffer_inputs
C:   00000368  A$buffer_inputs$1284               buffer_inputs
C:   00000369  A$buffer_inputs$1285               buffer_inputs
C:   0000036A  A$buffer_inputs$1286               buffer_inputs
C:   0000036B  A$buffer_inputs$1287               buffer_inputs
C:   0000036C  A$buffer_inputs$1288               buffer_inputs
C:   0000036D  A$buffer_inputs$1289               buffer_inputs
C:   0000036E  A$buffer_inputs$1290               buffer_inputs
C:   0000036F  A$buffer_inputs$1291               buffer_inputs
C:   00000370  A$buffer_inputs$1292               buffer_inputs
ASxxxx Linker V03.00 + NoICE + sdld,  page 33.
Hexadecimal  [32-Bits]

Area                                    Addr        Size        Decimal Bytes (Attributes)
--------------------------------        ----        ----        ------- ----- ------------
CSEG                                00000078    0000137E =        4990. bytes (REL,CON,CODE)

      Value  Global                              Global Defined In Module
      -----  --------------------------------   ------------------------
C:   00000371  A$buffer_inputs$1293               buffer_inputs
C:   00000372  A$buffer_inputs$1296               buffer_inputs
C:   00000372  C$buffer_inputs.c$124$1_3$55       buffer_inputs
C:   00000374  A$buffer_inputs$1297               buffer_inputs
C:   00000376  A$buffer_inputs$1298               buffer_inputs
C:   00000378  A$buffer_inputs$1299               buffer_inputs
C:   0000037A  A$buffer_inputs$1300               buffer_inputs
C:   0000037C  A$buffer_inputs$1301               buffer_inputs
C:   0000037E  A$buffer_inputs$1302               buffer_inputs
C:   00000380  A$buffer_inputs$1303               buffer_inputs
C:   00000382  A$buffer_inputs$1304               buffer_inputs
C:   00000385  A$buffer_inputs$1305               buffer_inputs
C:   00000387  A$buffer_inputs$1306               buffer_inputs
C:   00000389  A$buffer_inputs$1307               buffer_inputs
C:   0000038B  A$buffer_inputs$1308               buffer_inputs
C:   0000038D  A$buffer_inputs$1309               buffer_inputs
C:   0000038F  A$buffer_inputs$1312               buffer_inputs
C:   0000038F  C$buffer_inputs.c$127$1_3$55       buffer_inputs
C:   00000391  A$buffer_inputs$1313               buffer_inputs
C:   00000393  A$buffer_inputs$1314               buffer_inputs
C:   00000394  A$buffer_inputs$1315               buffer_inputs
C:   00000395  A$buffer_inputs$1316               buffer_inputs
C:   00000397  A$buffer_inputs$1317               buffer_inputs
C:   00000398  A$buffer_inputs$1318               buffer_inputs
C:   0000039A  A$buffer_inputs$1319               buffer_inputs
C:   0000039C  A$buffer_inputs$1320               buffer_inputs
C:   0000039E  A$buffer_inputs$1321               buffer_inputs
C:   000003A0  A$buffer_inputs$1322               buffer_inputs
C:   000003A1  A$buffer_inputs$1323               buffer_inputs
C:   000003A3  A$buffer_inputs$1324               buffer_inputs
C:   000003A4  A$buffer_inputs$1325               buffer_inputs
C:   000003A6  A$buffer_inputs$1326               buffer_inputs
C:   000003A7  A$buffer_inputs$1327               buffer_inputs
C:   000003A9  A$buffer_inputs$1330               buffer_inputs
C:   000003A9  C$buffer_inputs.c$129$2_3$56       buffer_inputs
C:   000003AB  A$buffer_inputs$1331               buffer_inputs
C:   000003AD  A$buffer_inputs$1332               buffer_inputs
C:   000003AF  A$buffer_inputs$1333               buffer_inputs
C:   000003B1  A$buffer_inputs$1334               buffer_inputs
C:   000003B3  A$buffer_inputs$1335               buffer_inputs
C:   000003B5  A$buffer_inputs$1336               buffer_inputs
C:   000003B8  A$buffer_inputs$1337               buffer_inputs
C:   000003BA  A$buffer_inputs$1338               buffer_inputs
C:   000003BC  A$buffer_inputs$1339               buffer_inputs
C:   000003BE  A$buffer_inputs$1340               buffer_inputs
C:   000003C0  A$buffer_inputs$1343               buffer_inputs
C:   000003C0  C$buffer_inputs.c$130$2_3$56       buffer_inputs
C:   000003C2  A$buffer_inputs$1344               buffer_inputs
C:   000003C4  A$buffer_inputs$1345               buffer_inputs
C:   000003C6  A$buffer_inputs$1346               buffer_inputs
C:   000003C8  A$buffer_inputs$1347               buffer_inputs
ASxxxx Linker V03.00 + NoICE + sdld,  page 34.
Hexadecimal  [32-Bits]

Area                                    Addr        Size        Decimal Bytes (Attributes)
--------------------------------        ----        ----        ------- ----- ------------
CSEG                                00000078    0000137E =        4990. bytes (REL,CON,CODE)

      Value  Global                              Global Defined In Module
      -----  --------------------------------   ------------------------
C:   000003CA  A$buffer_inputs$1348               buffer_inputs
C:   000003CC  A$buffer_inputs$1349               buffer_inputs
C:   000003CE  A$buffer_inputs$1350               buffer_inputs
C:   000003D0  A$buffer_inputs$1351               buffer_inputs
C:   000003D3  A$buffer_inputs$1352               buffer_inputs
C:   000003D5  A$buffer_inputs$1353               buffer_inputs
C:   000003D7  A$buffer_inputs$1354               buffer_inputs
C:   000003D9  A$buffer_inputs$1355               buffer_inputs
C:   000003DB  A$buffer_inputs$1356               buffer_inputs
[...]
C:   00000E29  A$main$1101                        main
C:   00000E29  C$main.c$95$2_1$50                 main
C:   00000E2C  A$main$1102                        main
C:   00000E2D  A$main$1103                        main
ASxxxx Linker V03.00 + NoICE + sdld,  page 68.
Hexadecimal  [32-Bits]

Area                                    Addr        Size        Decimal Bytes (Attributes)
--------------------------------        ----        ----        ------- ----- ------------
CSEG                                00000078    0000137E =        4990. bytes (REL,CON,CODE)

      Value  Global                              Global Defined In Module
      -----  --------------------------------   ------------------------
C:   00000E2F  A$main$1104                        main
C:   00000E30  A$main$1105                        main
C:   00000E31  A$main$1106                        main
C:   00000E32  A$main$1107                        main
C:   00000E34  A$main$1108                        main
C:   00000E35  A$main$1111                        main
C:   00000E35  C$main.c$96$2_1$50                 main
C:   00000E37  A$main$1112                        main
C:   00000E39  A$main$1113                        main
C:   00000E3C  A$main$1116                        main
C:   00000E3C  C$main.c$98$2_1$50                 main
C:   00000E3F  A$main$1117                        main
C:   00000E40  A$main$1118                        main
C:   00000E42  A$main$1119                        main
C:   00000E43  A$main$1120                        main
C:   00000E44  A$main$1121                        main
C:   00000E46  A$main$1122                        main
C:   00000E48  A$main$1123                        main
C:   00000E4A  A$main$1124                        main
C:   00000E4C  A$main$1125                        main
C:   00000E4E  A$main$1126                        main
C:   00000E51  A$main$1127                        main
C:   00000E53  A$main$1128                        main
C:   00000E55  A$main$1129                        main
C:   00000E57  A$main$1130                        main
C:   00000E59  A$main$1131                        main
C:   00000E5B  A$main$1134                        main
C:   00000E5B  C$main.c$101$2_1$50                main
C:   00000E5E  A$main$1135                        main
C:   00000E5F  A$main$1136                        main
C:   00000E60  A$main$1137                        main
C:   00000E61  A$main$1138                        main
C:   00000E62  A$main$1139                        main
C:   00000E63  A$main$1140                        main
C:   00000E65  A$main$1141                        main
C:   00000E67  A$main$1142                        main
C:   00000E68  A$main$1143                        main
C:   00000E69  A$main$1144                        main
C:   00000E6A  A$main$1145                        main
C:   00000E6B  A$main$1146                        main
C:   00000E6C  A$main$1147                        main
C:   00000E6E  A$main$1148                        main
C:   00000E71  A$main$1150                        main
C:   00000E74  A$main$1151                        main
C:   00000E75  A$main$1152                        main
C:   00000E76  A$main$1153                        main
C:   00000E77  A$main$1154                        main
C:   00000E78  A$main$1155                        main
C:   00000E79  A$main$1156                        main
C:   00000E7A  A$main$1157                        main
C:   00000E7B  A$main$1158                        main
ASxxxx Linker V03.00 + NoICE + sdld,  page 69.
Hexadecimal  [32-Bits]

Area                                    Addr        Size        Decimal Bytes (Attributes)
--------------------------------        ----        ----        ------- ----- ------------
CSEG                                00000078    0000137E =        4990. bytes (REL,CON,CODE)

      Value  Global                              Global Defined In Module
      -----  --------------------------------   ------------------------
C:   00000E7D  A$main$1159                        main
C:   00000E7E  A$main$1160                        main
C:   00000E80  A$main$1161                        main
C:   00000E82  A$main$1162                        main
C:   00000E84  A$main$1163                        main
C:   00000E87  A$main$1165                        main
C:   00000E88  A$main$1166                        main
C:   00000E8A  A$main$1167                        main
C:   00000E8B  A$main$1168                        main
C:   00000E8D  A$main$1169                        main
C:   00000E8F  A$main$1170                        main
C:   00000E92  A$main$1171                        main
C:   00000E94  A$main$1172                        main
C:   00000E96  A$main$1173                        main
C:   00000E99  A$main$1177                        main
C:   00000E99  C$main.c$103$3_1$51                main
C:   00000E9C  A$main$1178                        main
C:   00000E9D  A$main$1179                        main
C:   00000E9F  A$main$1180                        main
C:   00000EA0  A$main$1181                        main
C:   00000EA1  A$main$1182                        main
C:   00000EA2  A$main$1183                        main
C:   00000EA4  A$main$1184                        main
C:   00000EA5  A$main$1187                        main
C:   00000EA5  C$main.c$104$3_1$51                main
C:   00000EA8  A$main$1188                        main
C:   00000EA9  A$main$1189                        main
C:   00000EAA  A$main$1190                        main
C:   00000EAB  A$main$1191                        main
C:   00000EAC  A$main$1192                        main
C:   00000EAD  A$main$1193                        main
C:   00000EAE  A$main$1194                        main
C:   00000EAF  A$main$1195                        main
C:   00000EB1  A$main$1196                        main
C:   00000EB2  A$main$1197                        main
C:   00000EB3  A$main$1198                        main
C:   00000EB5  A$main$1199                        main
C:   00000EB6  A$main$1200                        main
C:   00000EB7  A$main$1203                        main
C:   00000EB7  C$main.c$105$3_2$52                main
C:   00000EBA  A$main$1204                        main
C:   00000EBB  A$main$1205                        main
C:   00000EBC  A$main$1206                        main
C:   00000EBD  A$main$1207                        main
C:   00000EBE  A$main$1208                        main
C:   00000EBF  A$main$1209                        main
C:   00000EC0  A$main$1210                        main
C:   00000EC1  A$main$1211                        main
C:   00000EC2  A$main$1212                        main
C:   00000EC3  A$main$1213                        main
C:   00000EC4  A$main$1214                        main
ASxxxx Linker V03.00 + NoICE + sdld,  page 70.
Hexadecimal  [32-Bits]

Area                                    Addr        Size        Decimal Bytes (Attributes)
--------------------------------        ----        ----        ------- ----- ------------
CSEG                                00000078    0000137E =        4990. bytes (REL,CON,CODE)

      Value  Global                              Global Defined In Module
      -----  --------------------------------   ------------------------
C:   00000EC5  A$main$1215                        main
C:   00000EC8  A$main$1216                        main
C:   00000EC9  A$main$1217                        main
C:   00000ECA  A$main$1218                        main
C:   00000ECB  A$main$1219                        main
C:   00000ECC  A$main$1220                        main
C:   00000ECD  A$main$1221                        main
C:   00000ECE  A$main$1222                        main
C:   00000ECF  A$main$1223                        main
C:   00000ED0  A$main$1226                        main
C:   00000ED0  C$main.c$106$3_2$52                main
C:   00000ED1  A$main$1227                        main
C:   00000ED4  A$main$1228                        main
C:   00000ED5  A$main$1232                        main
C:   00000ED5  C$main.c$107$3_2$52                main
C:   00000ED7  A$main$1233                        main
C:   00000ED9  A$main$1234                        main
C:   00000EDC  A$main$1235                        main
C:   00000EDD  A$main$1236                        main
C:   00000EDF  A$main$1237                        main
C:   00000EE0  A$main$1238                        main
C:   00000EE1  A$main$1239                        main
C:   00000EE3  A$main$1240                        main
C:   00000EE4  A$main$1241                        main
C:   00000EE5  A$main$1242                        main
C:   00000EE7  A$main$1243                        main
C:   00000EE9  A$main$1244                        main
C:   00000EEB  A$main$1245                        main
C:   00000EED  A$main$1246                        main
C:   00000EEF  A$main$1247                        main
C:   00000EF2  A$main$1248                        main
C:   00000EF4  A$main$1249                        main
C:   00000EF6  A$main$1250                        main
C:   00000EF8  A$main$1251                        main
C:   00000EFA  A$main$1252                        main
C:   00000EFC  A$main$1255                        main
C:   00000EFC  C$main.c$108$3_2$52                main
C:   00000EFE  A$main$1256                        main
C:   00000F00  A$main$1257                        main
C:   00000F02  A$main$1258                        main
C:   00000F04  A$main$1259                        main
C:   00000F06  A$main$1260                        main
C:   00000F08  A$main$1261                        main
C:   00000F0A  A$main$1262                        main
C:   00000F0C  A$main$1263                        main
C:   00000F0F  A$main$1264                        main
C:   00000F11  A$main$1265                        main
C:   00000F13  A$main$1266                        main
C:   00000F15  A$main$1267                        main
C:   00000F17  A$main$1268                        main
C:   00000F19  A$main$1269                        main
ASxxxx Linker V03.00 + NoICE + sdld,  page 71.
Hexadecimal  [32-Bits]

Area                                    Addr        Size        Decimal Bytes (Attributes)
--------------------------------        ----        ----        ------- ----- ------------
CSEG                                00000078    0000137E =        4990. bytes (REL,CON,CODE)

      Value  Global                              Global Defined In Module
      -----  --------------------------------   ------------------------
C:   00000F1C  A$main$1273                        main
C:   00000F1C  C$main.c$110$2_1$50                main
C:   00000F1F  A$main$1274                        main
C:   00000F20  A$main$1275                        main
C:   00000F21  A$main$1276                        main
C:   00000F22  A$main$1277                        main
C:   00000F23  A$main$1278                        main
C:   00000F24  A$main$1279                        main
C:   00000F26  A$main$1280                        main
C:   00000F28  A$main$1281                        main
C:   00000F29  A$main$1282                        main
C:   00000F2C  A$main$1283                        main
C:   00000F2D  A$main$1284                        main
C:   00000F30  A$main$1285                        main
C:   00000F33  A$main$1286                        main
C:   00000F34  A$main$1287                        main
C:   00000F35  A$main$1288                        main
C:   00000F36  A$main$1289                        main
C:   00000F37  A$main$1290                        main
C:   00000F38  A$main$1291                        main
C:   00000F3B  A$main$1292                        main
C:   00000F3E  A$main$1293                        main
C:   00000F40  A$main$1295                        main
C:   00000F43  A$main$1296                        main
C:   00000F46  A$main$1297                        main
C:   00000F48  A$main$1299                        main
C:   00000F4B  A$main$1300                        main
C:   00000F4E  A$main$1301                        main
C:   00000F50  A$main$1303                        main
C:   00000F53  A$main$1304                        main
C:   00000F56  A$main$1305                        main
C:   00000F58  A$main$1307                        main
C:   00000F5B  A$main$1308                        main
C:   00000F5E  A$main$1309                        main
C:   00000F60  A$main$1311                        main
C:   00000F61  A$main$1312                        main
C:   00000F62  A$main$1313                        main
C:   00000F64  A$main$1314                        main
C:   00000F65  A$main$1315                        main
C:   00000F67  A$main$1316                        main
C:   00000F69  A$main$1317                        main
C:   00000F6B  A$main$1318                        main
C:   00000F6D  A$main$1319                        main
C:   00000F6E  A$main$1320                        main
C:   00000F70  A$main$1321                        main
C:   00000F72  A$main$1322                        main
C:   00000F75  A$main$1323                        main
C:   00000F77  A$main$1324                        main
C:   00000F79  A$main$1327                        main
C:   00000F79  C$main.c$112$3_1$53                main
C:   00000F7B  A$main$1328                        main
ASxxxx Linker V03.00 + NoICE + sdld,  page 72.
Hexadecimal  [32-Bits]

Area                                    Addr        Size        Decimal Bytes (Attributes)
--------------------------------        ----        ----        ------- ----- ------------
CSEG                                00000078    0000137E =        4990. bytes (REL,CON,CODE)

      Value  Global                              Global Defined In Module
      -----  --------------------------------   ------------------------
C:   00000F7D  A$main$1329                        main
C:   00000F7F  A$main$1330                        main
C:   00000F81  A$main$1331                        main
C:   00000F84  A$main$1334                        main
C:   00000F84  C$main.c$113$3_1$53                main
C:   00000F86  A$main$1335                        main
C:   00000F88  A$main$1336                        main
C:   00000F8A  A$main$1337                        main
C:   00000F8C  A$main$1338                        main
C:   00000F8F  A$main$1339                        main
C:   00000F91  A$main$1340                        main
C:   00000F93  A$main$1341                        main
C:   00000F95  A$main$1342                        main
C:   00000F97  A$main$1343                        main
C:   00000F9A  A$main$1347                        main
C:   00000F9A  C$main.c$117$2_1$50                main
C:   00000F9D  A$main$1348                        main
C:   00000F9E  A$main$1349                        main
C:   00000F9F  A$main$1350                        main
C:   00000FA0  A$main$1351                        main
C:   00000FA1  A$main$1352                        main
C:   00000FA2  A$main$1353                        main
C:   00000FA4  A$main$1354                        main
C:   00000FA6  A$main$1355                        main
C:   00000FA8  A$main$1356                        main
C:   00000FAA  A$main$1357                        main
C:   00000FAD  A$main$1358                        main
C:   00000FAF  A$main$1359                        main
C:   00000FB1  A$main$1360                        main
C:   00000FB4  A$main$1365                        main
C:   00000FB4  C$main.c$119$1_1$46                main
C:   00000FB4  XG$main$0$0                        main
C:   00000FB5  Fmain$__str_1$0_0$0                main
C:   00000FB5  Fmain$__str_10$0_0$0               main
C:   00000FB5  Fmain$__str_11$0_0$0               main
C:   00000FB5  Fmain$__str_12$0_0$0               main
C:   00000FB5  Fmain$__str_13$0_0$0               main
C:   00000FB5  Fmain$__str_14$0_0$0               main
C:   00000FB5  Fmain$__str_15$0_0$0               main
C:   00000FB5  Fmain$__str_16$0_0$0               main
C:   00000FB5  Fmain$__str_2$0_0$0                main
C:   00000FB5  Fmain$__str_3$0_0$0                main
C:   00000FB5  Fmain$__str_4$0_0$0                main
C:   00000FB5  Fmain$__str_5$0_0$0                main
C:   00000FB5  Fmain$__str_6$0_0$0                main
C:   00000FB5  Fmain$__str_7$0_0$0                main
C:   00000FB5  Fmain$__str_8$0_0$0                main
C:   00000FB5  Fmain$__str_9$0_0$0                main
C:   00000FB5  _free                              free
C:   0000110C  _printf_tiny                       printf_tiny
C:   00001215  ___sdcc_heap_init                  malloc
ASxxxx Linker V03.00 + NoICE + sdld,  page 73.
Hexadecimal  [32-Bits]

Area                                    Addr        Size        Decimal Bytes (Attributes)
--------------------------------        ----        ----        ------- ----- ------------
CSEG                                00000078    0000137E =        4990. bytes (REL,CON,CODE)

      Value  Global                              Global Defined In Module
      -----  --------------------------------   ------------------------
C:   00001251  _malloc                            malloc
C:   000013BA  __mulint                           _mulint
C:   000013DA  __gptrget                          _gptrget

ASxxxx Linker V03.00 + NoICE + sdld,  page 74.
Hexadecimal  [32-Bits]

Area                                    Addr        Size        Decimal Bytes (Attributes)
--------------------------------        ----        ----        ------- ----- ------------
CONST                               000013F6    00000A03 =        2563. bytes (REL,CON,CODE)

      Value  Global                              Global Defined In Module
      -----  --------------------------------   ------------------------
C:   000013F6  Fbuffer_inputs$__str_0$0_0$0       buffer_inputs
C:   000015CC  Fcharacters$__str_0$0_0$0          characters
C:   00001AFE  G$__sdcc_heap_size$0_0$0           heap
C:   00001AFE  ___sdcc_heap_size                  heap
C:   00001B00  Fmain$__str_0$0_0$0                main

ASxxxx Linker V03.00 + NoICE + sdld,  page 75.
Hexadecimal  [32-Bits]

Area                                    Addr        Size        Decimal Bytes (Attributes)
--------------------------------        ----        ----        ------- ----- ------------
XINIT                               00001DF9    00000006 =           6. bytes (REL,CON,CODE)

      Value  Global                              Global Defined In Module
      -----  --------------------------------   ------------------------
C:   00001DF9  Fmain$__xinit_heap1$0_0$0          main
C:   00001DFB  Fmain$__xinit_total_ch$0_0$0       main
C:   00001DFD  Fmain$__xinit_storage$0_0$0        main
ASxxxx Linker V03.00 + NoICE + sdld,  page 76.

Files Linked                              [ module(s) ]

obj\Debug\buffer_inputs.rel               [  ]
obj\Debug\characters.rel                  [  ]
obj\Debug\heap.rel                        [  ]
obj\Debug\main.rel                        [  ]


Libraries Linked                          [ object file ]

D:\SDCC\bin\..\lib\large/libsdcc.lib      [ free.rel ]
D:\SDCC\bin\..\lib\large/mcs51.lib        [ crtclear.rel ]
D:\SDCC\bin\..\lib\large/mcs51.lib        [ crtxinit.rel ]
D:\SDCC\bin\..\lib\large/libsdcc.lib      [ printf_tiny.rel ]
D:\SDCC\bin\..\lib\large/libsdcc.lib      [ malloc.rel ]
D:\SDCC\bin\..\lib\large/libint.lib       [ _mulint.rel ]
D:\SDCC\bin\..\lib\large/mcs51.lib        [ crtxclear.rel ]
D:\SDCC\bin\..\lib\large/libsdcc.lib      [ _bp.rel ]
D:\SDCC\bin\..\lib\large/mcs51.lib        [ crtpagesfr.rel ]
D:\SDCC\bin\..\lib\large/mcs51.lib        [ crtstart.rel ]
D:\SDCC\bin\..\lib\large/libsdcc.lib      [ _gptrget.rel ]

ASxxxx Linker V03.00 + NoICE + sdld,  page 77.

User Base Address Definitions

HOME = 0x0000
ISEG = 0x0000
BSEG = 0x0000

