ASxxxx Linker V03.00 + NoICE + sdld,  page 1.
Hexadecimal  [32-Bits]

Area                                    Addr        Size        Decimal Bytes (Attributes)
--------------------------------        ----        ----        ------- ----- ------------
CABS                                00000000    00000000 =           0. bytes (ABS,CON,CODE)

      Value  Global                              Global Defined In Module
      -----  --------------------------------   ------------------------
C:   00000000  l_BIT_BANK                      
C:   00000000  l_BSEG                          
C:   00000000  l_BSEG_BYTES                    
C:   00000000  l_CABS                          
C:   00000000  l_CONST                         
C:   00000000  l_GSINIT                        
C:   00000000  l_GSINIT1                       
C:   00000000  l_GSINIT5                       
C:   00000000  l_IABS                          
C:   00000000  l_ISEG                          
C:   00000000  l_OSEG                          
C:   00000000  l_PSEG                          
C:   00000000  l_REG_BANK_1                    
C:   00000000  l_REG_BANK_2                    
C:   00000000  l_REG_BANK_3                    
C:   00000000  l_RSEG                          
C:   00000000  l_RSEG0                         
C:   00000000  l_RSEG1                         
C:   00000000  l_XABS                          
C:   00000000  l_XINIT                         
C:   00000000  l_XISEG                         
C:   00000000  l__CODE                         
C:   00000000  s_BSEG                          
C:   00000000  s_CABS                          
C:   00000000  s_DSEG                          
C:   00000000  s_HOME                          
C:   00000000  s_IABS                          
C:   00000000  s_ISEG                          
C:   00000000  s_PSEG                          
C:   00000000  s_REG_BANK_0                    
C:   00000000  s_RSEG                          
C:   00000000  s_RSEG0                         
C:   00000000  s_RSEG1                         
C:   00000000  s_XABS                          
C:   00000000  s_XSEG                          
C:   00000002  l_XSEG                          
C:   00000002  s_XISEG                         
C:   00000003  l_GSFINAL                       
C:   00000003  l_GSINIT0                       
C:   00000006  l_HOME                          
C:   00000006  s_GSINIT0                       
C:   00000008  l_REG_BANK_0                    
C:   00000008  s_REG_BANK_1                    
C:   00000008  s_SSEG                          
C:   00000009  s_GSINIT1                       
C:   00000009  s_GSINIT2                       
C:   0000000A  l_GSINIT2                       
C:   00000010  s_REG_BANK_2                    
C:   00000013  s_GSINIT3                       
C:   00000018  s_BIT_BANK                      
ASxxxx Linker V03.00 + NoICE + sdld,  page 2.
Hexadecimal  [32-Bits]

Area                                    Addr        Size        Decimal Bytes (Attributes)
--------------------------------        ----        ----        ------- ----- ------------
CABS                                00000000    00000000 =           0. bytes (ABS,CON,CODE)

      Value  Global                              Global Defined In Module
      -----  --------------------------------   ------------------------
C:   00000018  s_OSEG                          
C:   00000018  s_REG_BANK_3                    
C:   00000020  s_BSEG_BYTES                    
C:   00000020  s__CODE                         
C:   00000022  l_GSINIT3                       
C:   0000002A  l_GSINIT4                       
C:   00000035  s_GSINIT4                       
C:   0000005F  s_GSFINAL                       
C:   0000005F  s_GSINIT                        
C:   0000005F  s_GSINIT5                       
C:   00000062  s_CSEG                          
C:   00000080  l_DSEG                          
C:   000000B8  l_CSEG                          
C:   000000F8  l_SSEG                          
C:   00000100  l_IRAM                          
C:   0000011A  s_CONST                         
C:   0000011A  s_XINIT                         

ASxxxx Linker V03.00 + NoICE + sdld,  page 3.
Hexadecimal  [32-Bits]

Area                                    Addr        Size        Decimal Bytes (Attributes)
--------------------------------        ----        ----        ------- ----- ------------
.  .ABS.                            00000000    00000000 =           0. bytes (ABS,CON)

      Value  Global                              Global Defined In Module
      -----  --------------------------------   ------------------------
     00000000  .__.ABS.                           _startup
     00000080  G$P0$0_0$0                         main
     00000080  G$P0_0$0_0$0                       main
     00000080  _P0                                main
     00000080  _P0_0                              main
     00000081  G$P0_1$0_0$0                       main
     00000081  G$SP$0_0$0                         main
     00000081  _P0_1                              main
     00000081  _SP                                main
     00000082  G$DP0L$0_0$0                       main
     00000082  G$DPL$0_0$0                        main
     00000082  G$P0_2$0_0$0                       main
     00000082  _DP0L                              main
     00000082  _DPL                               main
     00000082  _P0_2                              main
     00000083  G$DP0H$0_0$0                       main
     00000083  G$DPH$0_0$0                        main
     00000083  G$P0_3$0_0$0                       main
     00000083  _DP0H                              main
     00000083  _DPH                               main
     00000083  _P0_3                              main
     00000084  G$P0_4$0_0$0                       main
     00000084  _P0_4                              main
     00000085  G$P0_5$0_0$0                       main
     00000085  _P0_5                              main
     00000086  G$P0_6$0_0$0                       main
     00000086  _P0_6                              main
     00000087  G$P0_7$0_0$0                       main
     00000087  G$PCON$0_0$0                       main
     00000087  _P0_7                              main
     00000087  _PCON                              main
     00000088  G$IT0$0_0$0                        main
     00000088  G$TCON$0_0$0                       main
     00000088  _IT0                               main
     00000088  _TCON                              main
     00000089  G$IE0$0_0$0                        main
     00000089  G$TMOD$0_0$0                       main
     00000089  _IE0                               main
     00000089  _TMOD                              main
     0000008A  G$IT1$0_0$0                        main
     0000008A  G$TL0$0_0$0                        main
     0000008A  _IT1                               main
     0000008A  _TL0                               main
     0000008B  G$IE1$0_0$0                        main
     0000008B  G$TL1$0_0$0                        main
     0000008B  _IE1                               main
     0000008B  _TL1                               main
     0000008C  G$TH0$0_0$0                        main
     0000008C  G$TR0$0_0$0                        main
     0000008C  _TH0                               main
ASxxxx Linker V03.00 + NoICE + sdld,  page 4.
Hexadecimal  [32-Bits]

Area                                    Addr        Size        Decimal Bytes (Attributes)
--------------------------------        ----        ----        ------- ----- ------------
.  .ABS.                            00000000    00000000 =           0. bytes (ABS,CON)

      Value  Global                              Global Defined In Module
      -----  --------------------------------   ------------------------
     0000008C  _TR0                               main
     0000008D  G$TF0$0_0$0                        main
     0000008D  G$TH1$0_0$0                        main
     0000008D  _TF0                               main
     0000008D  _TH1                               main
     0000008E  G$AUXR$0_0$0                       main
     0000008E  G$TR1$0_0$0                        main
     0000008E  _AUXR                              main
     0000008E  _TR1                               main
     0000008F  G$CKCON0$0_0$0                     main
     0000008F  G$TF1$0_0$0                        main
     0000008F  _CKCON0                            main
     0000008F  _TF1                               main
     00000090  G$P1$0_0$0                         main
     00000090  G$P1_0$0_0$0                       main
     00000090  _P1                                main
     00000090  _P1_0                              main
     00000091  G$P1_1$0_0$0                       main
     00000091  _P1_1                              main
     00000092  G$P1_2$0_0$0                       main
     00000092  _P1_2                              main
     00000093  G$P1_3$0_0$0                       main
     00000093  _P1_3                              main
     00000094  G$P1_4$0_0$0                       main
     00000094  _P1_4                              main
     00000095  G$P1_5$0_0$0                       main
     00000095  _P1_5                              main
     00000096  G$P1_6$0_0$0                       main
     00000096  _P1_6                              main
     00000097  G$CKRL$0_0$0                       main
     00000097  G$P1_7$0_0$0                       main
     00000097  _CKRL                              main
     00000097  _P1_7                              main
     00000098  G$RI$0_0$0                         main
     00000098  G$SCON$0_0$0                       main
     00000098  _RI                                main
     00000098  _SCON                              main
     00000099  G$SBUF$0_0$0                       main
     00000099  G$SBUF0$0_0$0                      main
     00000099  G$TI$0_0$0                         main
     00000099  _SBUF                              main
     00000099  _SBUF0                             main
     00000099  _TI                                main
     0000009A  G$BRL$0_0$0                        main
     0000009A  G$RB8$0_0$0                        main
     0000009A  _BRL                               main
     0000009A  _RB8                               main
     0000009B  G$BDRCON$0_0$0                     main
     0000009B  G$TB8$0_0$0                        main
     0000009B  _BDRCON                            main
     0000009B  _TB8                               main
ASxxxx Linker V03.00 + NoICE + sdld,  page 5.
Hexadecimal  [32-Bits]

Area                                    Addr        Size        Decimal Bytes (Attributes)
--------------------------------        ----        ----        ------- ----- ------------
.  .ABS.                            00000000    00000000 =           0. bytes (ABS,CON)

      Value  Global                              Global Defined In Module
      -----  --------------------------------   ------------------------
     0000009C  G$KBLS$0_0$0                       main
     0000009C  G$REN$0_0$0                        main
     0000009C  _KBLS                              main
     0000009C  _REN                               main
     0000009D  G$KBE$0_0$0                        main
     0000009D  G$SM2$0_0$0                        main
     0000009D  _KBE                               main
     0000009D  _SM2                               main
     0000009E  G$KBF$0_0$0                        main
     0000009E  G$SM1$0_0$0                        main
     0000009E  _KBF                               main
     0000009E  _SM1                               main
     0000009F  G$SM0$0_0$0                        main
     0000009F  _SM0                               main
     000000A0  G$P2$0_0$0                         main
     000000A0  G$P2_0$0_0$0                       main
     000000A0  _P2                                main
     000000A0  _P2_0                              main
     000000A0  __XPAGE                            
     000000A1  G$P2_1$0_0$0                       main
     000000A1  _P2_1                              main
     000000A2  G$AUXR1$0_0$0                      main
     000000A2  G$P2_2$0_0$0                       main
     000000A2  _AUXR1                             main
     000000A2  _P2_2                              main
     000000A3  G$P2_3$0_0$0                       main
     000000A3  _P2_3                              main
     000000A4  G$P2_4$0_0$0                       main
     000000A4  _P2_4                              main
     000000A5  G$P2_5$0_0$0                       main
     000000A5  _P2_5                              main
     000000A6  G$P2_6$0_0$0                       main
     000000A6  G$WDTRST$0_0$0                     main
     000000A6  _P2_6                              main
     000000A6  _WDTRST                            main
     000000A7  G$P2_7$0_0$0                       main
     000000A7  G$WDTPRG$0_0$0                     main
     000000A7  _P2_7                              main
     000000A7  _WDTPRG                            main
     000000A8  G$EX0$0_0$0                        main
     000000A8  G$IE$0_0$0                         main
     000000A8  G$IEN0$0_0$0                       main
     000000A8  _EX0                               main
     000000A8  _IE                                main
     000000A8  _IEN0                              main
     000000A9  G$ET0$0_0$0                        main
     000000A9  G$SADDR$0_0$0                      main
     000000A9  _ET0                               main
     000000A9  _SADDR                             main
     000000AA  G$EX1$0_0$0                        main
     000000AA  _EX1                               main
ASxxxx Linker V03.00 + NoICE + sdld,  page 6.
Hexadecimal  [32-Bits]

Area                                    Addr        Size        Decimal Bytes (Attributes)
--------------------------------        ----        ----        ------- ----- ------------
.  .ABS.                            00000000    00000000 =           0. bytes (ABS,CON)

      Value  Global                              Global Defined In Module
      -----  --------------------------------   ------------------------
     000000AB  G$ET1$0_0$0                        main
     000000AB  _ET1                               main
     000000AC  G$ES$0_0$0                         main
     000000AC  _ES                                main
     000000AD  G$ET2$0_0$0                        main
     000000AD  _ET2                               main
     000000AE  G$EC$0_0$0                         main
     000000AE  _EC                                main
     000000AF  G$CKCON1$0_0$0                     main
     000000AF  G$EA$0_0$0                         main
     000000AF  _CKCON1                            main
     000000AF  _EA                                main
     000000B0  G$P3$0_0$0                         main
     000000B0  G$P3_0$0_0$0                       main
     000000B0  G$RXD$0_0$0                        main
     000000B0  G$RXD0$0_0$0                       main
     000000B0  _P3                                main
     000000B0  _P3_0                              main
     000000B0  _RXD                               main
     000000B0  _RXD0                              main
     000000B1  G$IEN1$0_0$0                       main
     000000B1  G$P3_1$0_0$0                       main
     000000B1  G$TXD$0_0$0                        main
     000000B1  G$TXD0$0_0$0                       main
     000000B1  _IEN1                              main
     000000B1  _P3_1                              main
     000000B1  _TXD                               main
     000000B1  _TXD0                              main
     000000B2  G$INT0$0_0$0                       main
     000000B2  G$IPL1$0_0$0                       main
     000000B2  G$P3_2$0_0$0                       main
     000000B2  _INT0                              main
     000000B2  _IPL1                              main
     000000B2  _P3_2                              main
     000000B3  G$INT1$0_0$0                       main
     000000B3  G$IPH1$0_0$0                       main
     000000B3  G$P3_3$0_0$0                       main
     000000B3  _INT1                              main
     000000B3  _IPH1                              main
     000000B3  _P3_3                              main
     000000B4  G$P3_4$0_0$0                       main
     000000B4  G$T0$0_0$0                         main
     000000B4  _P3_4                              main
     000000B4  _T0                                main
     000000B5  G$P3_5$0_0$0                       main
     000000B5  G$T1$0_0$0                         main
     000000B5  _P3_5                              main
     000000B5  _T1                                main
     000000B6  G$P3_6$0_0$0                       main
     000000B6  G$WR$0_0$0                         main
     000000B6  _P3_6                              main
ASxxxx Linker V03.00 + NoICE + sdld,  page 7.
Hexadecimal  [32-Bits]

Area                                    Addr        Size        Decimal Bytes (Attributes)
--------------------------------        ----        ----        ------- ----- ------------
.  .ABS.                            00000000    00000000 =           0. bytes (ABS,CON)

      Value  Global                              Global Defined In Module
      -----  --------------------------------   ------------------------
     000000B6  _WR                                main
     000000B7  G$IPH0$0_0$0                       main
     000000B7  G$P3_7$0_0$0                       main
     000000B7  G$RD$0_0$0                         main
     000000B7  _IPH0                              main
     000000B7  _P3_7                              main
     000000B7  _RD                                main
     000000B8  G$IP$0_0$0                         main
     000000B8  G$IPL0$0_0$0                       main
     000000B8  G$PX0$0_0$0                        main
     000000B8  G$PX0L$0_0$0                       main
     000000B8  _IP                                main
     000000B8  _IPL0                              main
     000000B8  _PX0                               main
     000000B8  _PX0L                              main
     000000B9  G$PT0$0_0$0                        main
     000000B9  G$PT0L$0_0$0                       main
     000000B9  G$SADEN$0_0$0                      main
     000000B9  _PT0                               main
     000000B9  _PT0L                              main
     000000B9  _SADEN                             main
     000000BA  G$PX1$0_0$0                        main
     000000BA  G$PX1L$0_0$0                       main
     000000BA  _PX1                               main
     000000BA  _PX1L                              main
     000000BB  G$PT1$0_0$0                        main
     000000BB  G$PT1L$0_0$0                       main
     000000BB  _PT1                               main
     000000BB  _PT1L                              main
     000000BC  G$PS$0_0$0                         main
     000000BC  G$PSL$0_0$0                        main
     000000BC  _PS                                main
     000000BC  _PSL                               main
     000000BD  G$PT2$0_0$0                        main
     000000BD  G$PT2L$0_0$0                       main
     000000BD  _PT2                               main
     000000BD  _PT2L                              main
     000000BE  G$PPCL$0_0$0                       main
     000000BE  _PPCL                              main
     000000C0  G$P4$0_0$0                         main
     000000C0  G$P4_0$0_0$0                       main
     000000C0  _P4                                main
     000000C0  _P4_0                              main
     000000C1  G$P4_1$0_0$0                       main
     000000C1  _P4_1                              main
     000000C2  G$P4_2$0_0$0                       main
     000000C2  _P4_2                              main
     000000C3  G$P4_3$0_0$0                       main
     000000C3  G$SPCON$0_0$0                      main
     000000C3  _P4_3                              main
     000000C3  _SPCON                             main
ASxxxx Linker V03.00 + NoICE + sdld,  page 8.
Hexadecimal  [32-Bits]

Area                                    Addr        Size        Decimal Bytes (Attributes)
--------------------------------        ----        ----        ------- ----- ------------
.  .ABS.                            00000000    00000000 =           0. bytes (ABS,CON)

      Value  Global                              Global Defined In Module
      -----  --------------------------------   ------------------------
     000000C4  G$P4_4$0_0$0                       main
     000000C4  G$SPSTA$0_0$0                      main
     000000C4  _P4_4                              main
     000000C4  _SPSTA                             main
     000000C5  G$P4_5$0_0$0                       main
     000000C5  G$SPDAT$0_0$0                      main
     000000C5  _P4_5                              main
     000000C5  _SPDAT                             main
     000000C6  G$P4_6$0_0$0                       main
     000000C6  _P4_6                              main
     000000C7  G$P4_7$0_0$0                       main
     000000C7  _P4_7                              main
     000000C8  G$CP_RL2$0_0$0                     main
     000000C8  G$T2CON$0_0$0                      main
     000000C8  G$T2CON_0$0_0$0                    main
     000000C8  _CP_RL2                            main
     000000C8  _T2CON                             main
     000000C8  _T2CON_0                           main
     000000C9  G$C_T2$0_0$0                       main
     000000C9  G$T2CON_1$0_0$0                    main
     000000C9  G$T2MOD$0_0$0                      main
     000000C9  _C_T2                              main
     000000C9  _T2CON_1                           main
     000000C9  _T2MOD                             main
     000000CA  G$RCAP2L$0_0$0                     main
     000000CA  G$T2CON_2$0_0$0                    main
     000000CA  G$TR2$0_0$0                        main
     000000CA  _RCAP2L                            main
     000000CA  _T2CON_2                           main
     000000CA  _TR2                               main
     000000CB  G$EXEN2$0_0$0                      main
     000000CB  G$RCAP2H$0_0$0                     main
     000000CB  G$T2CON_3$0_0$0                    main
     000000CB  _EXEN2                             main
     000000CB  _RCAP2H                            main
     000000CB  _T2CON_3                           main
     000000CC  G$T2CON_4$0_0$0                    main
     000000CC  G$TCLK$0_0$0                       main
     000000CC  G$TL2$0_0$0                        main
     000000CC  _T2CON_4                           main
     000000CC  _TCLK                              main
     000000CC  _TL2                               main
     000000CD  G$RCLK$0_0$0                       main
     000000CD  G$T2CON_5$0_0$0                    main
     000000CD  G$TH2$0_0$0                        main
     000000CD  _RCLK                              main
     000000CD  _T2CON_5                           main
     000000CD  _TH2                               main
     000000CE  G$EXF2$0_0$0                       main
     000000CE  G$T2CON_6$0_0$0                    main
     000000CE  _EXF2                              main
ASxxxx Linker V03.00 + NoICE + sdld,  page 9.
Hexadecimal  [32-Bits]

Area                                    Addr        Size        Decimal Bytes (Attributes)
--------------------------------        ----        ----        ------- ----- ------------
.  .ABS.                            00000000    00000000 =           0. bytes (ABS,CON)

      Value  Global                              Global Defined In Module
      -----  --------------------------------   ------------------------
     000000CE  _T2CON_6                           main
     000000CF  G$T2CON_7$0_0$0                    main
     000000CF  G$TF2$0_0$0                        main
     000000CF  _T2CON_7                           main
     000000CF  _TF2                               main
     000000D0  G$P$0_0$0                          main
     000000D0  G$PSW$0_0$0                        main
     000000D0  _P                                 main
     000000D0  _PSW                               main
     000000D1  G$F1$0_0$0                         main
     000000D1  _F1                                main
     000000D2  G$EECON$0_0$0                      main
     000000D2  G$OV$0_0$0                         main
     000000D2  _EECON                             main
     000000D2  _OV                                main
     000000D3  G$RS0$0_0$0                        main
     000000D3  _RS0                               main
     000000D4  G$RS1$0_0$0                        main
     000000D4  _RS1                               main
     000000D5  G$F0$0_0$0                         main
     000000D5  _F0                                main
     000000D6  G$AC$0_0$0                         main
     000000D6  _AC                                main
     000000D7  G$CY$0_0$0                         main
     000000D7  _CY                                main
     000000D8  G$CCF0$0_0$0                       main
     000000D8  G$CCON$0_0$0                       main
     000000D8  _CCF0                              main
     000000D8  _CCON                              main
     000000D9  G$CCF1$0_0$0                       main
     000000D9  G$CMOD$0_0$0                       main
     000000D9  _CCF1                              main
     000000D9  _CMOD                              main
     000000DA  G$CCAPM0$0_0$0                     main
     000000DA  G$CCF2$0_0$0                       main
     000000DA  _CCAPM0                            main
     000000DA  _CCF2                              main
     000000DB  G$CCAPM1$0_0$0                     main
     000000DB  G$CCF3$0_0$0                       main
     000000DB  _CCAPM1                            main
     000000DB  _CCF3                              main
     000000DC  G$CCAPM2$0_0$0                     main
     000000DC  G$CCF4$0_0$0                       main
     000000DC  _CCAPM2                            main
     000000DC  _CCF4                              main
     000000DD  G$CCAPM3$0_0$0                     main
     000000DD  _CCAPM3                            main
     000000DE  G$CCAPM4$0_0$0                     main
     000000DE  G$CR$0_0$0                         main
     000000DE  _CCAPM4                            main
     000000DE  _CR                                main
ASxxxx Linker V03.00 + NoICE + sdld,  page 10.
Hexadecimal  [32-Bits]

Area                                    Addr        Size        Decimal Bytes (Attributes)
--------------------------------        ----        ----        ------- ----- ------------
.  .ABS.                            00000000    00000000 =           0. bytes (ABS,CON)

      Value  Global                              Global Defined In Module
      -----  --------------------------------   ------------------------
     000000DF  G$CF$0_0$0                         main
     000000DF  _CF                                main
     000000E0  G$ACC$0_0$0                        main
     000000E0  _ACC                               main
     000000E8  G$P5$0_0$0                         main
     000000E8  G$P5_0$0_0$0                       main
     000000E8  _P5                                main
     000000E8  _P5_0                              main
     000000E9  G$CL$0_0$0                         main
     000000E9  G$P5_1$0_0$0                       main
     000000E9  _CL                                main
     000000E9  _P5_1                              main
     000000EA  G$CCAP0L$0_0$0                     main
     000000EA  G$P5_2$0_0$0                       main
     000000EA  _CCAP0L                            main
     000000EA  _P5_2                              main
     000000EB  G$CCAP1L$0_0$0                     main
     000000EB  G$P5_3$0_0$0                       main
     000000EB  _CCAP1L                            main
     000000EB  _P5_3                              main
     000000EC  G$CCAP2L$0_0$0                     main
     000000EC  G$P5_4$0_0$0                       main
     000000EC  _CCAP2L                            main
     000000EC  _P5_4                              main
     000000ED  G$CCAP3L$0_0$0                     main
     000000ED  G$P5_5$0_0$0                       main
     000000ED  _CCAP3L                            main
     000000ED  _P5_5                              main
     000000EE  G$CCAP4L$0_0$0                     main
     000000EE  G$P5_6$0_0$0                       main
     000000EE  _CCAP4L                            main
     000000EE  _P5_6                              main
     000000EF  G$P5_7$0_0$0                       main
     000000EF  _P5_7                              main
     000000F0  G$B$0_0$0                          main
     000000F0  G$BREG_F0$0_0$0                    main
     000000F0  _B                                 main
     000000F0  _BREG_F0                           main
     000000F1  G$BREG_F1$0_0$0                    main
     000000F1  _BREG_F1                           main
     000000F2  G$BREG_F2$0_0$0                    main
     000000F2  _BREG_F2                           main
     000000F3  G$BREG_F3$0_0$0                    main
     000000F3  _BREG_F3                           main
     000000F4  G$BREG_F4$0_0$0                    main
     000000F4  _BREG_F4                           main
     000000F5  G$BREG_F5$0_0$0                    main
     000000F5  _BREG_F5                           main
     000000F6  G$BREG_F6$0_0$0                    main
     000000F6  _BREG_F6                           main
     000000F7  G$BREG_F7$0_0$0                    main
ASxxxx Linker V03.00 + NoICE + sdld,  page 11.
Hexadecimal  [32-Bits]

Area                                    Addr        Size        Decimal Bytes (Attributes)
--------------------------------        ----        ----        ------- ----- ------------
.  .ABS.                            00000000    00000000 =           0. bytes (ABS,CON)

      Value  Global                              Global Defined In Module
      -----  --------------------------------   ------------------------
     000000F7  _BREG_F7                           main
     000000F9  G$CH$0_0$0                         main
     000000F9  _CH                                main
     000000FA  G$CCAP0H$0_0$0                     main
     000000FA  _CCAP0H                            main
     000000FB  G$CCAP1H$0_0$0                     main
     000000FB  _CCAP1H                            main
     000000FC  G$CCAP2H$0_0$0                     main
     000000FC  _CCAP2H                            main
     000000FD  G$CCAP3H$0_0$0                     main
     000000FD  _CCAP3H                            main
     000000FE  G$CCAP4H$0_0$0                     main
     000000FE  _CCAP4H                            main
ASxxxx Linker V03.00 + NoICE + sdld,  page 12.
Hexadecimal  [32-Bits]

Area                                    Addr        Size        Decimal Bytes (Attributes)
--------------------------------        ----        ----        ------- ----- ------------
REG_BANK_0                          00000000    00000008 =           8. bytes (REL,OVR)

      Value  Global                              Global Defined In Module
      -----  --------------------------------   ------------------------
ASxxxx Linker V03.00 + NoICE + sdld,  page 13.
Hexadecimal  [32-Bits]

Area                                    Addr        Size        Decimal Bytes (Attributes)
--------------------------------        ----        ----        ------- ----- ------------
DSEG                                00000000    00000080 =         128. bytes (REL,CON)

      Value  Global                              Global Defined In Module
      -----  --------------------------------   ------------------------
ASxxxx Linker V03.00 + NoICE + sdld,  page 14.
Hexadecimal  [32-Bits]

Area                                    Addr        Size        Decimal Bytes (Attributes)
--------------------------------        ----        ----        ------- ----- ------------
SSEG                                00000008    000000F8 =         248. bytes (REL,OVR)

      Value  Global                              Global Defined In Module
      -----  --------------------------------   ------------------------
     00000008  __start__stack                     main

ASxxxx Linker V03.00 + NoICE + sdld,  page 15.
Hexadecimal  [32-Bits]

Area                                    Addr        Size        Decimal Bytes (Attributes)
--------------------------------        ----        ----        ------- ----- ------------
XSEG                                00000000    00000002 =           2. bytes (REL,CON,XDATA)

      Value  Global                              Global Defined In Module
      -----  --------------------------------   ------------------------
D:   00000000  Lmain.delay$n$1_0$14               main

ASxxxx Linker V03.00 + NoICE + sdld,  page 16.
Hexadecimal  [32-Bits]

Area                                    Addr        Size        Decimal Bytes (Attributes)
--------------------------------        ----        ----        ------- ----- ------------
HOME                                00000000    00000006 =           6. bytes (REL,CON,CODE)

      Value  Global                              Global Defined In Module
      -----  --------------------------------   ------------------------
C:   00000000  A$main$716                         main
C:   00000003  A$main$738                         main
C:   00000003  __sdcc_program_startup             main
ASxxxx Linker V03.00 + NoICE + sdld,  page 17.
Hexadecimal  [32-Bits]

Area                                    Addr        Size        Decimal Bytes (Attributes)
--------------------------------        ----        ----        ------- ----- ------------
GSINIT0                             00000006    00000003 =           3. bytes (REL,CON,CODE)

      Value  Global                              Global Defined In Module
      -----  --------------------------------   ------------------------
C:   00000006  __sdcc_gsinit_startup              

ASxxxx Linker V03.00 + NoICE + sdld,  page 18.
Hexadecimal  [32-Bits]

Area                                    Addr        Size        Decimal Bytes (Attributes)
--------------------------------        ----        ----        ------- ----- ------------
GSINIT2                             00000009    0000000A =          10. bytes (REL,CON,CODE)

      Value  Global                              Global Defined In Module
      -----  --------------------------------   ------------------------
ASxxxx Linker V03.00 + NoICE + sdld,  page 19.
Hexadecimal  [32-Bits]

Area                                    Addr        Size        Decimal Bytes (Attributes)
--------------------------------        ----        ----        ------- ----- ------------
GSINIT3                             00000013    00000022 =          34. bytes (REL,CON,CODE)

      Value  Global                              Global Defined In Module
      -----  --------------------------------   ------------------------
C:   00000013  __mcs51_genXINIT                   

ASxxxx Linker V03.00 + NoICE + sdld,  page 20.
Hexadecimal  [32-Bits]

Area                                    Addr        Size        Decimal Bytes (Attributes)
--------------------------------        ----        ----        ------- ----- ------------
GSINIT4                             00000035    0000002A =          42. bytes (REL,CON,CODE)

      Value  Global                              Global Defined In Module
      -----  --------------------------------   ------------------------
C:   00000035  __mcs51_genRAMCLEAR                
C:   0000003B  __mcs51_genXRAMCLEAR               

ASxxxx Linker V03.00 + NoICE + sdld,  page 21.
Hexadecimal  [32-Bits]

Area                                    Addr        Size        Decimal Bytes (Attributes)
--------------------------------        ----        ----        ------- ----- ------------
GSFINAL                             0000005F    00000003 =           3. bytes (REL,CON,CODE)

      Value  Global                              Global Defined In Module
      -----  --------------------------------   ------------------------
C:   0000005F  A$main$731                         main

ASxxxx Linker V03.00 + NoICE + sdld,  page 22.
Hexadecimal  [32-Bits]

Area                                    Addr        Size        Decimal Bytes (Attributes)
--------------------------------        ----        ----        ------- ----- ------------
CSEG                                00000062    000000B8 =         184. bytes (REL,CON,CODE)

      Value  Global                              Global Defined In Module
      -----  --------------------------------   ------------------------
C:   00000062  A$main$764                         main
C:   00000062  C$main.c$7$0_0$15                  main
C:   00000062  G$delay$0$0                        main
C:   00000062  _delay                             main
C:   00000064  A$main$765                         main
C:   00000066  A$main$766                         main
C:   00000069  A$main$767                         main
C:   0000006A  A$main$768                         main
C:   0000006B  A$main$769                         main
C:   0000006C  A$main$770                         main
C:   0000006D  A$main$773                         main
C:   0000006D  C$main.c$9$1_0$15                  main
C:   00000070  A$main$774                         main
C:   00000071  A$main$775                         main
C:   00000072  A$main$776                         main
C:   00000073  A$main$777                         main
C:   00000074  A$main$778                         main
C:   00000075  A$main$780                         main
C:   00000077  A$main$781                         main
C:   00000079  A$main$782                         main
C:   0000007A  A$main$783                         main
C:   0000007D  A$main$784                         main
C:   0000007E  A$main$786                         main
C:   00000081  A$main$787                         main
C:   00000082  A$main$788                         main
C:   00000083  A$main$789                         main
C:   00000084  A$main$790                         main
C:   00000085  A$main$791                         main
C:   00000086  A$main$792                         main
C:   00000087  A$main$793                         main
C:   00000088  A$main$794                         main
C:   0000008A  A$main$795                         main
C:   0000008D  A$main$796                         main
C:   0000008E  A$main$797                         main
C:   0000008F  A$main$798                         main
C:   00000090  A$main$799                         main
C:   00000091  A$main$800                         main
C:   00000092  A$main$805                         main
C:   00000092  C$main.c$10$1_0$15                 main
C:   00000092  XG$delay$0$0                       main
C:   00000093  A$main$818                         main
C:   00000093  C$main.c$13$1_0$17                 main
C:   00000093  C$main.c$15$1_0$17                 main
C:   00000093  G$main$0$0                         main
C:   00000093  _main                              main
C:   00000096  A$main$822                         main
C:   00000096  C$main.c$16$1_0$17                 main
C:   00000098  A$main$825                         main
C:   00000098  C$main.c$17$1_0$17                 main
C:   0000009B  A$main$828                         main
ASxxxx Linker V03.00 + NoICE + sdld,  page 23.
Hexadecimal  [32-Bits]

Area                                    Addr        Size        Decimal Bytes (Attributes)
--------------------------------        ----        ----        ------- ----- ------------
CSEG                                00000062    000000B8 =         184. bytes (REL,CON,CODE)

      Value  Global                              Global Defined In Module
      -----  --------------------------------   ------------------------
C:   0000009B  C$main.c$18$1_0$17                 main
C:   0000009E  A$main$831                         main
C:   0000009E  C$main.c$19$1_0$17                 main
C:   000000A1  A$main$834                         main
C:   000000A1  C$main.c$20$1_0$17                 main
C:   000000A4  A$main$841                         main
C:   000000A4  C$main.c$23$1_0$17                 main
C:   000000A4  C$main.c$25$2_0$18                 main
C:   000000A6  A$main$844                         main
C:   000000A6  C$main.c$26$2_0$18                 main
C:   000000A9  A$main$848                         main
C:   000000A9  C$main.c$27$2_0$18                 main
C:   000000AB  A$main$849                         main
C:   000000AE  A$main$852                         main
C:   000000AE  C$main.c$28$2_0$18                 main
C:   000000B1  A$main$856                         main
C:   000000B1  C$main.c$29$2_0$18                 main
C:   000000B3  A$main$857                         main
C:   000000B6  A$main$861                         main
C:   000000B6  C$main.c$30$2_0$18                 main
C:   000000B8  A$main$864                         main
C:   000000B8  C$main.c$31$2_0$18                 main
C:   000000BB  A$main$865                         main
C:   000000BE  A$main$869                         main
C:   000000BE  C$main.c$33$2_0$18                 main
C:   000000C0  A$main$872                         main
C:   000000C0  C$main.c$34$2_0$18                 main
C:   000000C3  A$main$876                         main
C:   000000C3  C$main.c$35$2_0$18                 main
C:   000000C5  A$main$877                         main
C:   000000C8  A$main$880                         main
C:   000000C8  C$main.c$36$2_0$18                 main
C:   000000CB  A$main$884                         main
C:   000000CB  C$main.c$37$2_0$18                 main
C:   000000CD  A$main$885                         main
C:   000000D0  A$main$889                         main
C:   000000D0  C$main.c$38$2_0$18                 main
C:   000000D2  A$main$892                         main
C:   000000D2  C$main.c$39$2_0$18                 main
C:   000000D5  A$main$893                         main
C:   000000D8  A$main$897                         main
C:   000000D8  C$main.c$41$2_0$18                 main
C:   000000DA  A$main$900                         main
C:   000000DA  C$main.c$42$2_0$18                 main
C:   000000DD  A$main$904                         main
C:   000000DD  C$main.c$43$2_0$18                 main
C:   000000DF  A$main$905                         main
C:   000000E2  A$main$908                         main
C:   000000E2  C$main.c$44$2_0$18                 main
C:   000000E5  A$main$912                         main
C:   000000E5  C$main.c$45$2_0$18                 main
ASxxxx Linker V03.00 + NoICE + sdld,  page 24.
Hexadecimal  [32-Bits]

Area                                    Addr        Size        Decimal Bytes (Attributes)
--------------------------------        ----        ----        ------- ----- ------------
CSEG                                00000062    000000B8 =         184. bytes (REL,CON,CODE)

      Value  Global                              Global Defined In Module
      -----  --------------------------------   ------------------------
C:   000000E7  A$main$913                         main
C:   000000EA  A$main$917                         main
C:   000000EA  C$main.c$46$2_0$18                 main
C:   000000EC  A$main$920                         main
C:   000000EC  C$main.c$47$2_0$18                 main
C:   000000EF  A$main$921                         main
C:   000000F2  A$main$925                         main
C:   000000F2  C$main.c$50$2_0$18                 main
C:   000000F4  A$main$928                         main
C:   000000F4  C$main.c$51$2_0$18                 main
C:   000000F7  A$main$932                         main
C:   000000F7  C$main.c$52$2_0$18                 main
C:   000000F9  A$main$933                         main
C:   000000FC  A$main$936                         main
C:   000000FC  C$main.c$53$2_0$18                 main
C:   000000FF  A$main$940                         main
C:   000000FF  C$main.c$54$2_0$18                 main
C:   00000101  A$main$941                         main
C:   00000104  A$main$945                         main
C:   00000104  C$main.c$55$2_0$18                 main
C:   00000106  A$main$948                         main
C:   00000106  C$main.c$56$2_0$18                 main
C:   00000109  A$main$949                         main
C:   0000010C  A$main$952                         main
C:   0000010C  C$main.c$58$2_0$18                 main
C:   0000010F  A$main$953                         main
C:   00000112  A$main$954                         main
C:   00000115  A$main$959                         main
C:   00000115  C$main.c$61$1_0$17                 main
C:   00000115  XG$main$0$0                        main
C:   00000116  __sdcc_external_startup            _startup
ASxxxx Linker V03.00 + NoICE + sdld,  page 25.

Files Linked                              [ module(s) ]

obj\Debug\main.rel                        [  ]


Libraries Linked                          [ object file ]

D:\SDCC\bin\..\lib\large/mcs51.lib        [ crtclear.rel ]
D:\SDCC\bin\..\lib\large/mcs51.lib        [ crtxinit.rel ]
D:\SDCC\bin\..\lib\large/mcs51.lib        [ crtxclear.rel ]
D:\SDCC\bin\..\lib\large/mcs51.lib        [ crtpagesfr.rel ]
D:\SDCC\bin\..\lib\large/mcs51.lib        [ crtstart.rel ]
D:\SDCC\bin\..\lib\large/libsdcc.lib      [ _startup.rel ]

ASxxxx Linker V03.00 + NoICE + sdld,  page 26.

User Base Address Definitions

HOME = 0x0000
ISEG = 0x0000
BSEG = 0x0000

