ASxxxx Linker V03.00 + NoICE + sdld,  page 1.
Hexadecimal  [32-Bits]

Area                                    Addr        Size        Decimal Bytes (Attributes)
--------------------------------        ----        ----        ------- ----- ------------
CABS                                00000000    00000000 =           0. bytes (ABS,CON,CODE)

      Value  Global                              Global Defined In Module
      -----  --------------------------------   ------------------------
C:   00000000  l_BIT_BANK                      
C:   00000000  l_BSEG                          
C:   00000000  l_BSEG_BYTES                    
C:   00000000  l_CABS                          
C:   00000000  l_GSINIT                        
C:   00000000  l_GSINIT1                       
C:   00000000  l_GSINIT5                       
C:   00000000  l_IABS                          
C:   00000000  l_ISEG                          
C:   00000000  l_PSEG                          
C:   00000000  l_REG_BANK_1                    
C:   00000000  l_REG_BANK_2                    
C:   00000000  l_REG_BANK_3                    
C:   00000000  l_RSEG                          
C:   00000000  l_RSEG0                         
C:   00000000  l_RSEG1                         
C:   00000000  l_XABS                          
C:   00000000  l__CODE                         
C:   00000000  s_BSEG                          
C:   00000000  s_CABS                          
C:   00000000  s_DSEG                          
C:   00000000  s_HOME                          
C:   00000000  s_IABS                          
C:   00000000  s_ISEG                          
C:   00000000  s_PSEG                          
C:   00000000  s_REG_BANK_0                    
C:   00000000  s_RSEG                          
C:   00000000  s_RSEG0                         
C:   00000000  s_RSEG1                         
C:   00000000  s_XABS                          
C:   00000000  s_XSEG                          
C:   00000001  l_OSEG                          
C:   00000003  l_GSFINAL                       
C:   00000003  l_GSINIT0                       
C:   00000003  l_XINIT                         
C:   00000003  l_XISEG                         
C:   00000006  l_HOME                          
C:   00000006  s_GSINIT0                       
C:   00000008  l_REG_BANK_0                    
C:   00000008  s_REG_BANK_1                    
C:   00000009  s_GSINIT1                       
C:   00000009  s_GSINIT2                       
C:   0000000A  l_GSINIT2                       
C:   00000010  s_REG_BANK_2                    
C:   00000013  s_GSINIT3                       
C:   00000013  s_OSEG                          
C:   00000014  s_SSEG                          
C:   00000018  s_BIT_BANK                      
C:   00000018  s_REG_BANK_3                    
C:   00000020  s_BSEG_BYTES                    
ASxxxx Linker V03.00 + NoICE + sdld,  page 2.
Hexadecimal  [32-Bits]

Area                                    Addr        Size        Decimal Bytes (Attributes)
--------------------------------        ----        ----        ------- ----- ------------
CABS                                00000000    00000000 =           0. bytes (ABS,CON,CODE)

      Value  Global                              Global Defined In Module
      -----  --------------------------------   ------------------------
C:   00000020  s__CODE                         
C:   00000022  l_GSINIT3                       
C:   0000002A  l_GSINIT4                       
C:   00000035  s_GSINIT4                       
C:   0000005E  l_XSEG                          
C:   0000005E  s_XISEG                         
C:   0000005F  s_GSFINAL                       
C:   0000005F  s_GSINIT                        
C:   0000005F  s_GSINIT5                       
C:   00000062  s_CSEG                          
C:   00000080  l_DSEG                          
C:   000000EC  l_SSEG                          
C:   00000100  l_IRAM                          
C:   00000779  l_CONST                         
C:   000015CE  l_CSEG                          
C:   00001630  s_CONST                         
C:   00001DA9  s_XINIT                         

ASxxxx Linker V03.00 + NoICE + sdld,  page 3.
Hexadecimal  [32-Bits]

Area                                    Addr        Size        Decimal Bytes (Attributes)
--------------------------------        ----        ----        ------- ----- ------------
.  .ABS.                            00000000    00000000 =           0. bytes (ABS,CON)

      Value  Global                              Global Defined In Module
      -----  --------------------------------   ------------------------
     00000000  .__.ABS.                           _startup
     00000080  G$P0$0_0$0                         main
     00000080  G$P0_0$0_0$0                       main
     00000080  _P0                                main
     00000080  _P0_0                              main
     00000081  G$P0_1$0_0$0                       main
     00000081  G$SP$0_0$0                         main
     00000081  _P0_1                              main
     00000081  _SP                                main
     00000082  G$DP0L$0_0$0                       func
     00000082  G$DPL$0_0$0                        main
     00000082  G$P0_2$0_0$0                       main
     00000082  _DP0L                              func
     00000082  _DPL                               main
     00000082  _P0_2                              main
     00000083  G$DP0H$0_0$0                       func
     00000083  G$DPH$0_0$0                        main
     00000083  G$P0_3$0_0$0                       main
     00000083  _DP0H                              func
     00000083  _DPH                               main
     00000083  _P0_3                              main
     00000084  G$P0_4$0_0$0                       main
     00000084  _P0_4                              main
     00000085  G$P0_5$0_0$0                       main
     00000085  _P0_5                              main
     00000086  G$P0_6$0_0$0                       main
     00000086  _P0_6                              main
     00000087  G$P0_7$0_0$0                       main
     00000087  G$PCON$0_0$0                       main
     00000087  _P0_7                              main
     00000087  _PCON                              main
     00000088  G$IT0$0_0$0                        main
     00000088  G$TCON$0_0$0                       main
     00000088  _IT0                               main
     00000088  _TCON                              main
     00000089  G$IE0$0_0$0                        main
     00000089  G$TMOD$0_0$0                       main
     00000089  _IE0                               main
     00000089  _TMOD                              main
     0000008A  G$IT1$0_0$0                        main
     0000008A  G$TL0$0_0$0                        main
     0000008A  _IT1                               main
     0000008A  _TL0                               main
     0000008B  G$IE1$0_0$0                        main
     0000008B  G$TL1$0_0$0                        main
     0000008B  _IE1                               main
     0000008B  _TL1                               main
     0000008C  G$TH0$0_0$0                        main
     0000008C  G$TR0$0_0$0                        main
     0000008C  _TH0                               main
ASxxxx Linker V03.00 + NoICE + sdld,  page 4.
Hexadecimal  [32-Bits]

Area                                    Addr        Size        Decimal Bytes (Attributes)
--------------------------------        ----        ----        ------- ----- ------------
.  .ABS.                            00000000    00000000 =           0. bytes (ABS,CON)

      Value  Global                              Global Defined In Module
      -----  --------------------------------   ------------------------
     0000008C  _TR0                               main
     0000008D  G$TF0$0_0$0                        main
     0000008D  G$TH1$0_0$0                        main
     0000008D  _TF0                               main
     0000008D  _TH1                               main
     0000008E  G$AUXR$0_0$0                       main
     0000008E  G$TR1$0_0$0                        main
     0000008E  _AUXR                              main
     0000008E  _TR1                               main
     0000008F  G$CKCON0$0_0$0                     main
     0000008F  G$TF1$0_0$0                        main
     0000008F  _CKCON0                            main
     0000008F  _TF1                               main
     00000090  G$P1$0_0$0                         main
     00000090  G$P1_0$0_0$0                       main
     00000090  _P1                                main
     00000090  _P1_0                              main
     00000091  G$P1_1$0_0$0                       main
     00000091  _P1_1                              main
     00000092  G$P1_2$0_0$0                       main
     00000092  _P1_2                              main
     00000093  G$P1_3$0_0$0                       main
     00000093  _P1_3                              main
     00000094  G$P1_4$0_0$0                       main
     00000094  _P1_4                              main
     00000095  G$P1_5$0_0$0                       main
     00000095  _P1_5                              main
     00000096  G$P1_6$0_0$0                       main
     00000096  _P1_6                              main
     00000097  G$CKRL$0_0$0                       main
     00000097  G$P1_7$0_0$0                       main
     00000097  _CKRL                              main
     00000097  _P1_7                              main
     00000098  G$RI$0_0$0                         main
     00000098  G$SCON$0_0$0                       main
     00000098  _RI                                main
     00000098  _SCON                              main
     00000099  G$SBUF$0_0$0                       main
     00000099  G$SBUF0$0_0$0                      func
     00000099  G$TI$0_0$0                         main
     00000099  _SBUF                              main
     00000099  _SBUF0                             func
     00000099  _TI                                main
     0000009A  G$BRL$0_0$0                        main
     0000009A  G$RB8$0_0$0                        main
     0000009A  _BRL                               main
     0000009A  _RB8                               main
     0000009B  G$BDRCON$0_0$0                     main
     0000009B  G$TB8$0_0$0                        main
     0000009B  _BDRCON                            main
     0000009B  _TB8                               main
ASxxxx Linker V03.00 + NoICE + sdld,  page 5.
Hexadecimal  [32-Bits]

Area                                    Addr        Size        Decimal Bytes (Attributes)
--------------------------------        ----        ----        ------- ----- ------------
.  .ABS.                            00000000    00000000 =           0. bytes (ABS,CON)

      Value  Global                              Global Defined In Module
      -----  --------------------------------   ------------------------
     0000009C  G$KBLS$0_0$0                       main
     0000009C  G$REN$0_0$0                        main
     0000009C  _KBLS                              main
     0000009C  _REN                               main
     0000009D  G$KBE$0_0$0                        main
     0000009D  G$SM2$0_0$0                        main
     0000009D  _KBE                               main
     0000009D  _SM2                               main
     0000009E  G$KBF$0_0$0                        main
     0000009E  G$SM1$0_0$0                        main
     0000009E  _KBF                               main
     0000009E  _SM1                               main
     0000009F  G$SM0$0_0$0                        main
     0000009F  _SM0                               main
     000000A0  G$P2$0_0$0                         main
     000000A0  G$P2_0$0_0$0                       main
     000000A0  _P2                                main
     000000A0  _P2_0                              main
     000000A0  __XPAGE                            
     000000A1  G$P2_1$0_0$0                       main
     000000A1  _P2_1                              main
     000000A2  G$AUXR1$0_0$0                      main
     000000A2  G$P2_2$0_0$0                       main
     000000A2  _AUXR1                             main
     000000A2  _P2_2                              main
     000000A3  G$P2_3$0_0$0                       main
     000000A3  _P2_3                              main
     000000A4  G$P2_4$0_0$0                       main
     000000A4  _P2_4                              main
     000000A5  G$P2_5$0_0$0                       main
     000000A5  _P2_5                              main
     000000A6  G$P2_6$0_0$0                       main
     000000A6  G$WDTRST$0_0$0                     main
     000000A6  _P2_6                              main
     000000A6  _WDTRST                            main
     000000A7  G$P2_7$0_0$0                       main
     000000A7  G$WDTPRG$0_0$0                     main
     000000A7  _P2_7                              main
     000000A7  _WDTPRG                            main
     000000A8  G$EX0$0_0$0                        main
     000000A8  G$IE$0_0$0                         main
     000000A8  G$IEN0$0_0$0                       main
     000000A8  _EX0                               main
     000000A8  _IE                                main
     000000A8  _IEN0                              main
     000000A9  G$ET0$0_0$0                        main
     000000A9  G$SADDR$0_0$0                      main
     000000A9  _ET0                               main
     000000A9  _SADDR                             main
     000000AA  G$EX1$0_0$0                        main
     000000AA  _EX1                               main
ASxxxx Linker V03.00 + NoICE + sdld,  page 6.
Hexadecimal  [32-Bits]

Area                                    Addr        Size        Decimal Bytes (Attributes)
--------------------------------        ----        ----        ------- ----- ------------
.  .ABS.                            00000000    00000000 =           0. bytes (ABS,CON)

      Value  Global                              Global Defined In Module
      -----  --------------------------------   ------------------------
     000000AB  G$ET1$0_0$0                        main
     000000AB  _ET1                               main
     000000AC  G$ES$0_0$0                         main
     000000AC  _ES                                main
     000000AD  G$ET2$0_0$0                        main
     000000AD  _ET2                               main
     000000AE  G$EC$0_0$0                         main
     000000AE  _EC                                main
     000000AF  G$CKCON1$0_0$0                     main
     000000AF  G$EA$0_0$0                         main
     000000AF  _CKCON1                            main
     000000AF  _EA                                main
     000000B0  G$P3$0_0$0                         main
     000000B0  G$P3_0$0_0$0                       main
     000000B0  G$RXD$0_0$0                        main
     000000B0  G$RXD0$0_0$0                       func
     000000B0  _P3                                main
     000000B0  _P3_0                              main
     000000B0  _RXD                               main
     000000B0  _RXD0                              func
     000000B1  G$IEN1$0_0$0                       main
     000000B1  G$P3_1$0_0$0                       main
     000000B1  G$TXD$0_0$0                        main
     000000B1  G$TXD0$0_0$0                       func
     000000B1  _IEN1                              main
     000000B1  _P3_1                              main
     000000B1  _TXD                               main
     000000B1  _TXD0                              func
     000000B2  G$INT0$0_0$0                       main
     000000B2  G$IPL1$0_0$0                       main
     000000B2  G$P3_2$0_0$0                       main
     000000B2  _INT0                              main
     000000B2  _IPL1                              main
     000000B2  _P3_2                              main
     000000B3  G$INT1$0_0$0                       main
     000000B3  G$IPH1$0_0$0                       main
     000000B3  G$P3_3$0_0$0                       main
     000000B3  _INT1                              main
     000000B3  _IPH1                              main
     000000B3  _P3_3                              main
     000000B4  G$P3_4$0_0$0                       main
     000000B4  G$T0$0_0$0                         main
     000000B4  _P3_4                              main
     000000B4  _T0                                main
     000000B5  G$P3_5$0_0$0                       main
     000000B5  G$T1$0_0$0                         main
     000000B5  _P3_5                              main
     000000B5  _T1                                main
     000000B6  G$P3_6$0_0$0                       main
     000000B6  G$WR$0_0$0                         main
     000000B6  _P3_6                              main
ASxxxx Linker V03.00 + NoICE + sdld,  page 7.
Hexadecimal  [32-Bits]

Area                                    Addr        Size        Decimal Bytes (Attributes)
--------------------------------        ----        ----        ------- ----- ------------
.  .ABS.                            00000000    00000000 =           0. bytes (ABS,CON)

      Value  Global                              Global Defined In Module
      -----  --------------------------------   ------------------------
     000000B6  _WR                                main
     000000B7  G$IPH0$0_0$0                       main
     000000B7  G$P3_7$0_0$0                       main
     000000B7  G$RD$0_0$0                         main
     000000B7  _IPH0                              main
     000000B7  _P3_7                              main
     000000B7  _RD                                main
     000000B8  G$IP$0_0$0                         main
     000000B8  G$IPL0$0_0$0                       main
     000000B8  G$PX0$0_0$0                        main
     000000B8  G$PX0L$0_0$0                       main
     000000B8  _IP                                main
     000000B8  _IPL0                              main
     000000B8  _PX0                               main
     000000B8  _PX0L                              main
     000000B9  G$PT0$0_0$0                        main
     000000B9  G$PT0L$0_0$0                       main
     000000B9  G$SADEN$0_0$0                      main
     000000B9  _PT0                               main
     000000B9  _PT0L                              main
     000000B9  _SADEN                             main
     000000BA  G$PX1$0_0$0                        main
     000000BA  G$PX1L$0_0$0                       main
     000000BA  _PX1                               main
     000000BA  _PX1L                              main
     000000BB  G$PT1$0_0$0                        main
     000000BB  G$PT1L$0_0$0                       main
     000000BB  _PT1                               main
     000000BB  _PT1L                              main
     000000BC  G$PS$0_0$0                         main
     000000BC  G$PSL$0_0$0                        main
     000000BC  _PS                                main
     000000BC  _PSL                               main
     000000BD  G$PT2$0_0$0                        main
     000000BD  G$PT2L$0_0$0                       main
     000000BD  _PT2                               main
     000000BD  _PT2L                              main
     000000BE  G$PPCL$0_0$0                       main
     000000BE  _PPCL                              main
     000000C0  G$P4$0_0$0                         main
     000000C0  G$P4_0$0_0$0                       main
     000000C0  _P4                                main
     000000C0  _P4_0                              main
     000000C1  G$P4_1$0_0$0                       main
     000000C1  _P4_1                              main
     000000C2  G$P4_2$0_0$0                       main
     000000C2  _P4_2                              main
     000000C3  G$P4_3$0_0$0                       main
     000000C3  G$SPCON$0_0$0                      main
     000000C3  _P4_3                              main
     000000C3  _SPCON                             main
ASxxxx Linker V03.00 + NoICE + sdld,  page 8.
Hexadecimal  [32-Bits]

Area                                    Addr        Size        Decimal Bytes (Attributes)
--------------------------------        ----        ----        ------- ----- ------------
.  .ABS.                            00000000    00000000 =           0. bytes (ABS,CON)

      Value  Global                              Global Defined In Module
      -----  --------------------------------   ------------------------
     000000C4  G$P4_4$0_0$0                       main
     000000C4  G$SPSTA$0_0$0                      main
     000000C4  _P4_4                              main
     000000C4  _SPSTA                             main
     000000C5  G$P4_5$0_0$0                       main
     000000C5  G$SPDAT$0_0$0                      main
     000000C5  _P4_5                              main
     000000C5  _SPDAT                             main
     000000C6  G$P4_6$0_0$0                       main
     000000C6  _P4_6                              main
     000000C7  G$P4_7$0_0$0                       main
     000000C7  _P4_7                              main
     000000C8  G$CP_RL2$0_0$0                     main
     000000C8  G$T2CON$0_0$0                      main
     000000C8  G$T2CON_0$0_0$0                    main
     000000C8  _CP_RL2                            main
     000000C8  _T2CON                             main
     000000C8  _T2CON_0                           main
     000000C9  G$C_T2$0_0$0                       main
     000000C9  G$T2CON_1$0_0$0                    main
     000000C9  G$T2MOD$0_0$0                      main
     000000C9  _C_T2                              main
     000000C9  _T2CON_1                           main
     000000C9  _T2MOD                             main
     000000CA  G$RCAP2L$0_0$0                     main
     000000CA  G$T2CON_2$0_0$0                    main
     000000CA  G$TR2$0_0$0                        main
     000000CA  _RCAP2L                            main
     000000CA  _T2CON_2                           main
     000000CA  _TR2                               main
     000000CB  G$EXEN2$0_0$0                      main
     000000CB  G$RCAP2H$0_0$0                     main
     000000CB  G$T2CON_3$0_0$0                    main
     000000CB  _EXEN2                             main
     000000CB  _RCAP2H                            main
     000000CB  _T2CON_3                           main
     000000CC  G$T2CON_4$0_0$0                    main
     000000CC  G$TCLK$0_0$0                       main
     000000CC  G$TL2$0_0$0                        main
     000000CC  _T2CON_4                           main
     000000CC  _TCLK                              main
     000000CC  _TL2                               main
     000000CD  G$RCLK$0_0$0                       main
     000000CD  G$T2CON_5$0_0$0                    main
     000000CD  G$TH2$0_0$0                        main
     000000CD  _RCLK                              main
     000000CD  _T2CON_5                           main
     000000CD  _TH2                               main
     000000CE  G$EXF2$0_0$0                       main
     000000CE  G$T2CON_6$0_0$0                    main
     000000CE  _EXF2                              main
ASxxxx Linker V03.00 + NoICE + sdld,  page 9.
Hexadecimal  [32-Bits]

Area                                    Addr        Size        Decimal Bytes (Attributes)
--------------------------------        ----        ----        ------- ----- ------------
.  .ABS.                            00000000    00000000 =           0. bytes (ABS,CON)

      Value  Global                              Global Defined In Module
      -----  --------------------------------   ------------------------
     000000CE  _T2CON_6                           main
     000000CF  G$T2CON_7$0_0$0                    main
     000000CF  G$TF2$0_0$0                        main
     000000CF  _T2CON_7                           main
     000000CF  _TF2                               main
     000000D0  G$P$0_0$0                          main
     000000D0  G$PSW$0_0$0                        main
     000000D0  _P                                 main
     000000D0  _PSW                               main
     000000D1  G$F1$0_0$0                         main
     000000D1  _F1                                main
     000000D2  G$EECON$0_0$0                      main
     000000D2  G$OV$0_0$0                         main
     000000D2  _EECON                             main
     000000D2  _OV                                main
     000000D3  G$RS0$0_0$0                        main
     000000D3  _RS0                               main
     000000D4  G$RS1$0_0$0                        main
     000000D4  _RS1                               main
     000000D5  G$F0$0_0$0                         main
     000000D5  _F0                                main
     000000D6  G$AC$0_0$0                         main
     000000D6  _AC                                main
     000000D7  G$CY$0_0$0                         main
     000000D7  _CY                                main
     000000D8  G$CCF0$0_0$0                       main
     000000D8  G$CCON$0_0$0                       main
     000000D8  _CCF0                              main
     000000D8  _CCON                              main
     000000D9  G$CCF1$0_0$0                       main
     000000D9  G$CMOD$0_0$0                       main
     000000D9  _CCF1                              main
     000000D9  _CMOD                              main
     000000DA  G$CCAPM0$0_0$0                     main
     000000DA  G$CCF2$0_0$0                       main
     000000DA  _CCAPM0                            main
     000000DA  _CCF2                              main
     000000DB  G$CCAPM1$0_0$0                     main
     000000DB  G$CCF3$0_0$0                       main
     000000DB  _CCAPM1                            main
     000000DB  _CCF3                              main
     000000DC  G$CCAPM2$0_0$0                     main
     000000DC  G$CCF4$0_0$0                       main
     000000DC  _CCAPM2                            main
     000000DC  _CCF4                              main
     000000DD  G$CCAPM3$0_0$0                     main
     000000DD  _CCAPM3                            main
     000000DE  G$CCAPM4$0_0$0                     main
     000000DE  G$CR$0_0$0                         main
     000000DE  _CCAPM4                            main
     000000DE  _CR                                main
ASxxxx Linker V03.00 + NoICE + sdld,  page 10.
Hexadecimal  [32-Bits]

Area                                    Addr        Size        Decimal Bytes (Attributes)
--------------------------------        ----        ----        ------- ----- ------------
.  .ABS.                            00000000    00000000 =           0. bytes (ABS,CON)

      Value  Global                              Global Defined In Module
      -----  --------------------------------   ------------------------
     000000DF  G$CF$0_0$0                         main
     000000DF  _CF                                main
     000000E0  G$ACC$0_0$0                        main
     000000E0  _ACC                               main
     000000E8  G$P5$0_0$0                         main
     000000E8  G$P5_0$0_0$0                       main
     000000E8  _P5                                main
     000000E8  _P5_0                              main
     000000E9  G$CL$0_0$0                         main
     000000E9  G$P5_1$0_0$0                       main
     000000E9  _CL                                main
     000000E9  _P5_1                              main
     000000EA  G$CCAP0L$0_0$0                     main
     000000EA  G$P5_2$0_0$0                       main
     000000EA  _CCAP0L                            main
     000000EA  _P5_2                              main
     000000EB  G$CCAP1L$0_0$0                     main
     000000EB  G$P5_3$0_0$0                       main
     000000EB  _CCAP1L                            main
     000000EB  _P5_3                              main
     000000EC  G$CCAP2L$0_0$0                     main
     000000EC  G$P5_4$0_0$0                       main
     000000EC  _CCAP2L                            main
     000000EC  _P5_4                              main
     000000ED  G$CCAP3L$0_0$0                     main
     000000ED  G$P5_5$0_0$0                       main
     000000ED  _CCAP3L                            main
     000000ED  _P5_5                              main
     000000EE  G$CCAP4L$0_0$0                     main
     000000EE  G$P5_6$0_0$0                       main
     000000EE  _CCAP4L                            main
     000000EE  _P5_6                              main
     000000EF  G$P5_7$0_0$0                       main
     000000EF  _P5_7                              main
     000000F0  G$B$0_0$0                          main
     000000F0  G$BREG_F0$0_0$0                    func
     000000F0  _B                                 main
     000000F0  _BREG_F0                           func
     000000F1  G$BREG_F1$0_0$0                    func
     000000F1  _BREG_F1                           func
     000000F2  G$BREG_F2$0_0$0                    func
     000000F2  _BREG_F2                           func
     000000F3  G$BREG_F3$0_0$0                    func
     000000F3  _BREG_F3                           func
     000000F4  G$BREG_F4$0_0$0                    func
     000000F4  _BREG_F4                           func
     000000F5  G$BREG_F5$0_0$0                    func
     000000F5  _BREG_F5                           func
     000000F5  _B_5                               _gptrget
     000000F6  G$BREG_F6$0_0$0                    func
     000000F6  _BREG_F6                           func
ASxxxx Linker V03.00 + NoICE + sdld,  page 11.
Hexadecimal  [32-Bits]

Area                                    Addr        Size        Decimal Bytes (Attributes)
--------------------------------        ----        ----        ------- ----- ------------
.  .ABS.                            00000000    00000000 =           0. bytes (ABS,CON)

      Value  Global                              Global Defined In Module
      -----  --------------------------------   ------------------------
     000000F6  _B_6                               _gptrget
     000000F7  G$BREG_F7$0_0$0                    func
     000000F7  _BREG_F7                           func
     000000F7  _B_7                               _gptrget
     000000F9  G$CH$0_0$0                         main
     000000F9  _CH                                main
     000000FA  G$CCAP0H$0_0$0                     main
     000000FA  _CCAP0H                            main
     000000FB  G$CCAP1H$0_0$0                     main
     000000FB  _CCAP1H                            main
     000000FC  G$CCAP2H$0_0$0                     main
     000000FC  _CCAP2H                            main
     000000FD  G$CCAP3H$0_0$0                     main
     000000FD  _CCAP3H                            main
     000000FE  G$CCAP4H$0_0$0                     main
     000000FE  _CCAP4H                            main
ASxxxx Linker V03.00 + NoICE + sdld,  page 12.
Hexadecimal  [32-Bits]

Area                                    Addr        Size        Decimal Bytes (Attributes)
--------------------------------        ----        ----        ------- ----- ------------
REG_BANK_0                          00000000    00000008 =           8. bytes (REL,OVR)

      Value  Global                              Global Defined In Module
      -----  --------------------------------   ------------------------
ASxxxx Linker V03.00 + NoICE + sdld,  page 13.
Hexadecimal  [32-Bits]

Area                                    Addr        Size        Decimal Bytes (Attributes)
--------------------------------        ----        ----        ------- ----- ------------
DSEG                                00000000    00000080 =         128. bytes (REL,CON)

      Value  Global                              Global Defined In Module
      -----  --------------------------------   ------------------------
     00000008  _bp                                _bp

ASxxxx Linker V03.00 + NoICE + sdld,  page 14.
Hexadecimal  [32-Bits]

Area                                    Addr        Size        Decimal Bytes (Attributes)
--------------------------------        ----        ----        ------- ----- ------------
OSEG                                00000013    00000001 =           1. bytes (REL,OVR)

      Value  Global                              Global Defined In Module
      -----  --------------------------------   ------------------------
ASxxxx Linker V03.00 + NoICE + sdld,  page 15.
Hexadecimal  [32-Bits]

Area                                    Addr        Size        Decimal Bytes (Attributes)
--------------------------------        ----        ----        ------- ----- ------------
SSEG                                00000014    000000EC =         236. bytes (REL,OVR)

      Value  Global                              Global Defined In Module
      -----  --------------------------------   ------------------------
     00000014  __start__stack                     main

ASxxxx Linker V03.00 + NoICE + sdld,  page 16.
Hexadecimal  [32-Bits]

Area                                    Addr        Size        Decimal Bytes (Attributes)
--------------------------------        ----        ----        ------- ----- ------------
XSEG                                00000000    0000005E =          94. bytes (REL,CON,XDATA)

      Value  Global                              Global Defined In Module
      -----  --------------------------------   ------------------------
D:   00000000  Lfunc.putchar$c$1_0$71             func
D:   00000001  Lfunc.putstr$s$1_0$75              func
D:   00000004  Lfunc.getstr$num$1_0$78            func
D:   0000000A  G$setflag$0_0$0                    main
D:   0000000A  _setflag                           main
D:   0000000C  G$write_addres$0_0$0               main
D:   0000000C  _write_addres                      main
D:   0000000E  G$read_addres$0_0$0                main
D:   0000000E  _read_addres                       main
D:   00000010  G$cSendByte$0_0$0                  main
D:   00000010  _cSendByte                         main
D:   00000011  Lmain.delay$d$1_0$57               main
D:   00000013  Lmain.write_i2c$byte$1_0$70        main
D:   00000014  Lmain.read_i2c$rxdata$1_0$78       main
D:   00000015  Lmain.write_byte_to_eeprom$byte$   main
D:   00000015  _write_byte_to_eeprom_PARM_2       main
D:   00000016  Lmain.write_byte_to_eeprom$addr$   main
D:   00000018  Lmain.read_byte_from_eeprom$addr   main
D:   0000001A  Lmain.proces_char$character$1_0$   main
D:   0000001C  __modsint_PARM_2                   _modsint
D:   00000020  __moduint_PARM_2                   _moduint
D:   00000025  _vprintf_PARM_2                    vprintf
D:   0000003A  __print_format_PARM_2              printf_large
D:   0000003D  __print_format_PARM_3              printf_large
D:   00000040  __print_format_PARM_4              printf_large
D:   0000005C  __mulint_PARM_2                    _mulint

ASxxxx Linker V03.00 + NoICE + sdld,  page 17.
Hexadecimal  [32-Bits]

Area                                    Addr        Size        Decimal Bytes (Attributes)
--------------------------------        ----        ----        ------- ----- ------------
XISEG                               0000005E    00000003 =           3. bytes (REL,CON,XDATA)

      Value  Global                              Global Defined In Module
      -----  --------------------------------   ------------------------
D:   0000005E  G$device_addr$0_0$0                main
D:   0000005E  _device_addr                       main
D:   00000060  G$rxbyte$0_0$0                     main
D:   00000060  _rxbyte                            main

ASxxxx Linker V03.00 + NoICE + sdld,  page 18.
Hexadecimal  [32-Bits]

Area                                    Addr        Size        Decimal Bytes (Attributes)
--------------------------------        ----        ----        ------- ----- ------------
HOME                                00000000    00000006 =           6. bytes (REL,CON,CODE)

      Value  Global                              Global Defined In Module
      -----  --------------------------------   ------------------------
C:   00000000  A$main$740                         main
C:   00000003  A$main$762                         main
C:   00000003  __sdcc_program_startup             main
ASxxxx Linker V03.00 + NoICE + sdld,  page 19.
Hexadecimal  [32-Bits]

Area                                    Addr        Size        Decimal Bytes (Attributes)
--------------------------------        ----        ----        ------- ----- ------------
GSINIT0                             00000006    00000003 =           3. bytes (REL,CON,CODE)

      Value  Global                              Global Defined In Module
      -----  --------------------------------   ------------------------
C:   00000006  __sdcc_gsinit_startup              

ASxxxx Linker V03.00 + NoICE + sdld,  page 20.
Hexadecimal  [32-Bits]

Area                                    Addr        Size        Decimal Bytes (Attributes)
--------------------------------        ----        ----        ------- ----- ------------
GSINIT2                             00000009    0000000A =          10. bytes (REL,CON,CODE)

      Value  Global                              Global Defined In Module
      -----  --------------------------------   ------------------------
ASxxxx Linker V03.00 + NoICE + sdld,  page 21.
Hexadecimal  [32-Bits]

Area                                    Addr        Size        Decimal Bytes (Attributes)
--------------------------------        ----        ----        ------- ----- ------------
GSINIT3                             00000013    00000022 =          34. bytes (REL,CON,CODE)

      Value  Global                              Global Defined In Module
      -----  --------------------------------   ------------------------
C:   00000013  __mcs51_genXINIT                   

ASxxxx Linker V03.00 + NoICE + sdld,  page 22.
Hexadecimal  [32-Bits]

Area                                    Addr        Size        Decimal Bytes (Attributes)
--------------------------------        ----        ----        ------- ----- ------------
GSINIT4                             00000035    0000002A =          42. bytes (REL,CON,CODE)

      Value  Global                              Global Defined In Module
      -----  --------------------------------   ------------------------
C:   00000035  __mcs51_genRAMCLEAR                
C:   0000003B  __mcs51_genXRAMCLEAR               

ASxxxx Linker V03.00 + NoICE + sdld,  page 23.
Hexadecimal  [32-Bits]

Area                                    Addr        Size        Decimal Bytes (Attributes)
--------------------------------        ----        ----        ------- ----- ------------
GSFINAL                             0000005F    00000003 =           3. bytes (REL,CON,CODE)

      Value  Global                              Global Defined In Module
      -----  --------------------------------   ------------------------
C:   0000005F  A$main$755                         main

ASxxxx Linker V03.00 + NoICE + sdld,  page 24.
Hexadecimal  [32-Bits]

Area                                    Addr        Size        Decimal Bytes (Attributes)
--------------------------------        ----        ----        ------- ----- ------------
CSEG                                00000062    000015CE =        5582. bytes (REL,CON,CODE)

      Value  Global                              Global Defined In Module
      -----  --------------------------------   ------------------------
C:   00000062  A$func$750                         func
C:   00000062  C$func.c$16$0_0$70                 func
C:   00000062  C$func.c$18$1_0$70                 func
C:   00000062  G$Init_Serial$0$0                  func
C:   00000062  _Init_Serial                       func
C:   00000065  A$func$753                         func
C:   00000065  C$func.c$19$1_0$70                 func
C:   00000068  A$func$756                         func
C:   00000068  C$func.c$20$1_0$70                 func
C:   0000006B  A$func$759                         func
C:   0000006B  C$func.c$21$1_0$70                 func
C:   0000006E  A$func$763                         func
C:   0000006E  C$func.c$22$1_0$70                 func
C:   00000070  A$func$767                         func
C:   00000070  C$func.c$23$1_0$70                 func
C:   00000072  A$func$772                         func
C:   00000072  C$func.c$24$1_0$70                 func
C:   00000072  XG$Init_Serial$0$0                 func
C:   00000073  A$func$785                         func
C:   00000073  C$func.c$32$1_0$72                 func
C:   00000073  G$putchar$0$0                      func
C:   00000073  _putchar                           func
C:   00000075  A$func$786                         func
C:   00000078  A$func$787                         func
C:   00000079  A$func$791                         func
C:   00000079  C$func.c$34$1_0$72                 func
C:   0000007C  A$func$794                         func
C:   0000007C  C$func.c$35$1_0$72                 func
C:   0000007F  A$func$795                         func
C:   00000080  A$func$796                         func
C:   00000081  A$func$797                         func
C:   00000083  A$func$801                         func
C:   00000083  C$func.c$36$1_0$72                 func
C:   00000085  A$func$804                         func
C:   00000085  C$func.c$37$1_0$72                 func
C:   00000087  A$func$805                         func
C:   00000089  A$func$806                         func
C:   0000008B  A$func$811                         func
C:   0000008B  C$func.c$38$1_0$72                 func
C:   0000008B  XG$putchar$0$0                     func
C:   0000008C  A$func$828                         func
C:   0000008C  C$func.c$46$1_0$74                 func
C:   0000008C  C$func.c$48$1_0$74                 func
C:   0000008C  C$func.c$49$1_0$74                 func
C:   0000008C  G$getchar$0$0                      func
C:   0000008C  _getchar                           func
C:   0000008F  A$func$829                         func
C:   00000091  A$func$833                         func
C:   00000091  C$func.c$50$1_0$74                 func
C:   00000093  A$func$834                         func
ASxxxx Linker V03.00 + NoICE + sdld,  page 25.
Hexadecimal  [32-Bits]

Area                                    Addr        Size        Decimal Bytes (Attributes)
--------------------------------        ----        ----        ------- ----- ------------
CSEG                                00000062    000015CE =        5582. bytes (REL,CON,CODE)

      Value  Global                              Global Defined In Module
      -----  --------------------------------   ------------------------
C:   00000095  A$func$835                         func
C:   00000097  A$func$836                         func
C:   00000099  A$func$841                         func
C:   00000099  C$func.c$51$1_0$74                 func
C:   00000099  XG$getchar$0$0                     func
C:   0000009A  A$func$855                         func
C:   0000009A  C$func.c$59$1_0$76                 func
C:   0000009A  G$putstr$0$0                       func
C:   0000009A  _putstr                            func
C:   0000009C  A$func$856                         func
C:   0000009E  A$func$857                         func
C:   000000A0  A$func$858                         func
C:   000000A3  A$func$859                         func
C:   000000A4  A$func$860                         func
C:   000000A5  A$func$861                         func
C:   000000A6  A$func$862                         func
C:   000000A7  A$func$863                         func
C:   000000A8  A$func$864                         func
C:   000000A9  A$func$865                         func
C:   000000AA  A$func$868                         func
C:   000000AA  C$func.c$63$1_0$76                 func
C:   000000AD  A$func$869                         func
C:   000000AE  A$func$870                         func
C:   000000AF  A$func$871                         func
C:   000000B0  A$func$872                         func
C:   000000B1  A$func$873                         func
C:   000000B2  A$func$874                         func
C:   000000B3  A$func$875                         func
C:   000000B4  A$func$876                         func
C:   000000B5  A$func$877                         func
C:   000000B7  A$func$878                         func
C:   000000B9  A$func$880                         func
C:   000000BB  A$func$881                         func
C:   000000BD  A$func$882                         func
C:   000000BF  A$func$883                         func
C:   000000C2  A$func$884                         func
C:   000000C3  A$func$885                         func
C:   000000C5  A$func$888                         func
C:   000000C5  C$func.c$65$2_0$77                 func
C:   000000C6  A$func$889                         func
C:   000000C9  A$func$890                         func
C:   000000CA  A$func$892                         func
C:   000000CD  A$func$893                         func
C:   000000CE  A$func$894                         func
C:   000000CF  A$func$895                         func
C:   000000D0  A$func$896                         func
C:   000000D1  A$func$897                         func
C:   000000D2  A$func$898                         func
C:   000000D3  A$func$899                         func
C:   000000D4  A$func$900                         func
C:   000000D5  A$func$901                         func
ASxxxx Linker V03.00 + NoICE + sdld,  page 26.
Hexadecimal  [32-Bits]

Area                                    Addr        Size        Decimal Bytes (Attributes)
--------------------------------        ----        ----        ------- ----- ------------
CSEG                                00000062    000015CE =        5582. bytes (REL,CON,CODE)

      Value  Global                              Global Defined In Module
      -----  --------------------------------   ------------------------
C:   000000D7  A$func$902                         func
C:   000000D9  A$func$903                         func
C:   000000DB  A$func$904                         func
C:   000000DD  A$func$905                         func
C:   000000DF  A$func$906                         func
C:   000000E1  A$func$907                         func
C:   000000E4  A$func$908                         func
C:   000000E6  A$func$909                         func
C:   000000E8  A$func$910                         func
C:   000000EA  A$func$911                         func
C:   000000EC  A$func$912                         func
C:   000000EE  A$func$915                         func
C:   000000EE  C$func.c$66$2_0$77                 func
C:   000000EF  A$func$916                         func
C:   000000F2  A$func$917                         func
C:   000000F3  A$func$918                         func
C:   000000F5  A$func$920                         func
C:   000000F8  A$func$921                         func
C:   000000F9  A$func$922                         func
C:   000000FA  A$func$923                         func
C:   000000FB  A$func$924                         func
C:   000000FC  A$func$925                         func
C:   000000FD  A$func$926                         func
C:   000000FE  A$func$927                         func
C:   000000FF  A$func$928                         func
C:   00000100  A$func$931                         func
C:   00000100  C$func.c$68$1_0$76                 func
C:   00000101  A$func$932                         func
C:   00000104  A$func$933                         func
C:   00000105  A$func$935                         func
C:   00000107  A$func$936                         func
C:   00000109  A$func$941                         func
C:   00000109  C$func.c$69$1_0$76                 func
C:   00000109  XG$putstr$0$0                      func
C:   0000010A  A$func$959                         func
C:   0000010A  C$func.c$77$1_0$78                 func
C:   0000010A  C$func.c$81$3_0$80                 func
C:   0000010A  G$getstr$0$0                       func
C:   0000010A  _getstr                            func
C:   0000010C  A$func$960                         func
C:   0000010E  A$func$961                         func
C:   00000110  A$func$962                         func
C:   00000112  A$func$963                         func
C:   00000115  A$func$964                         func
C:   00000117  A$func$965                         func
C:   00000119  A$func$968                         func
C:   00000119  C$func.c$82$1_0$78                 func
C:   0000011B  A$func$969                         func
C:   0000011D  A$func$971                         func
C:   0000011E  A$func$972                         func
C:   0000011F  A$func$973                         func
ASxxxx Linker V03.00 + NoICE + sdld,  page 27.
Hexadecimal  [32-Bits]

Area                                    Addr        Size        Decimal Bytes (Attributes)
--------------------------------        ----        ----        ------- ----- ------------
CSEG                                00000062    000015CE =        5582. bytes (REL,CON,CODE)

      Value  Global                              Global Defined In Module
      -----  --------------------------------   ------------------------
C:   00000121  A$func$974                         func
C:   00000122  A$func$975                         func
C:   00000124  A$func$976                         func
C:   00000126  A$func$977                         func
C:   00000128  A$func$978                         func
C:   0000012B  A$func$982                         func
C:   0000012B  C$func.c$83$3_0$80                 func
C:   0000012C  A$func$983                         func
C:   0000012D  A$func$984                         func
C:   0000012E  A$func$985                         func
C:   0000012F  A$func$986                         func
C:   00000130  A$func$987                         func
C:   00000131  A$func$988                         func
C:   00000132  A$func$989                         func
C:   00000134  A$func$990                         func
C:   00000135  A$func$991                         func
C:   00000136  A$func$992                         func
C:   00000138  A$func$993                         func
C:   00000139  A$func$994                         func
C:   0000013B  A$func$995                         func
C:   0000013D  A$func$996                         func
C:   0000013F  A$func$997                         func
C:   00000141  A$func$998                         func
C:   00000144  A$func$999                         func
C:   00000146  A$func$1000                        func
C:   00000148  A$func$1001                        func
C:   0000014A  A$func$1002                        func
C:   0000014C  A$func$1003                        func
C:   0000014E  A$func$1004                        func
C:   00000150  A$func$1005                        func
C:   00000151  A$func$1006                        func
C:   00000152  A$func$1007                        func
C:   00000153  A$func$1008                        func
C:   00000154  A$func$1009                        func
C:   00000155  A$func$1012                        func
C:   00000155  C$func.c$84$3_0$80                 func
C:   00000157  A$func$1013                        func
C:   00000159  A$func$1014                        func
C:   0000015A  A$func$1015                        func
C:   0000015C  A$func$1016                        func
C:   0000015E  A$func$1017                        func
C:   00000160  A$func$1018                        func
C:   00000163  A$func$1019                        func
C:   00000165  A$func$1020                        func
C:   00000167  A$func$1021                        func
C:   00000169  A$func$1022                        func
C:   0000016B  A$func$1025                        func
C:   0000016B  C$func.c$85$3_0$80                 func
C:   0000016D  A$func$1026                        func
C:   0000016F  A$func$1027                        func
C:   00000170  A$func$1028                        func
ASxxxx Linker V03.00 + NoICE + sdld,  page 28.
Hexadecimal  [32-Bits]

Area                                    Addr        Size        Decimal Bytes (Attributes)
--------------------------------        ----        ----        ------- ----- ------------
CSEG                                00000062    000015CE =        5582. bytes (REL,CON,CODE)

      Value  Global                              Global Defined In Module
      -----  --------------------------------   ------------------------
C:   00000171  A$func$1029                        func
C:   00000172  A$func$1030                        func
C:   00000173  A$func$1031                        func
C:   00000174  A$func$1032                        func
C:   00000175  A$func$1033                        func
C:   00000176  A$func$1034                        func
C:   00000178  A$func$1035                        func
C:   00000179  A$func$1036                        func
C:   0000017B  A$func$1037                        func
C:   0000017D  A$func$1038                        func
C:   0000017F  A$func$1039                        func
C:   00000181  A$func$1040                        func
C:   00000182  A$func$1041                        func
C:   00000183  A$func$1042                        func
C:   00000184  A$func$1043                        func
C:   00000185  A$func$1044                        func
C:   00000186  A$func$1045                        func
C:   00000187  A$func$1046                        func
C:   00000189  A$func$1047                        func
C:   0000018A  A$func$1048                        func
C:   0000018B  A$func$1049                        func
C:   0000018C  A$func$1050                        func
C:   0000018E  A$func$1053                        func
C:   0000018E  C$func.c$86$4_0$81                 func
C:   00000190  A$func$1054                        func
C:   00000192  A$func$1055                        func
C:   00000193  A$func$1056                        func
C:   00000194  A$func$1057                        func
C:   00000195  A$func$1058                        func
C:   00000196  A$func$1059                        func
C:   00000197  A$func$1060                        func
C:   00000198  A$func$1061                        func
C:   0000019A  A$func$1062                        func
C:   0000019B  A$func$1063                        func
C:   0000019C  A$func$1064                        func
C:   0000019E  A$func$1065                        func
C:   0000019F  A$func$1066                        func
C:   000001A1  A$func$1067                        func
C:   000001A3  A$func$1068                        func
C:   000001A4  A$func$1069                        func
C:   000001A5  A$func$1070                        func
C:   000001A6  A$func$1071                        func
C:   000001A7  A$func$1072                        func
C:   000001A8  A$func$1073                        func
C:   000001AA  A$func$1077                        func
C:   000001AA  C$func.c$88$3_0$80                 func
C:   000001AB  A$func$1078                        func
C:   000001AC  A$func$1079                        func
C:   000001AD  A$func$1080                        func
C:   000001AE  A$func$1081                        func
C:   000001AF  A$func$1082                        func
ASxxxx Linker V03.00 + NoICE + sdld,  page 29.
Hexadecimal  [32-Bits]

Area                                    Addr        Size        Decimal Bytes (Attributes)
--------------------------------        ----        ----        ------- ----- ------------
CSEG                                00000062    000015CE =        5582. bytes (REL,CON,CODE)

      Value  Global                              Global Defined In Module
      -----  --------------------------------   ------------------------
C:   000001B0  A$func$1083                        func
C:   000001B1  A$func$1084                        func
C:   000001B3  A$func$1085                        func
C:   000001B4  A$func$1086                        func
C:   000001B5  A$func$1087                        func
C:   000001B7  A$func$1088                        func
C:   000001B8  A$func$1089                        func
C:   000001BA  A$func$1090                        func
C:   000001BC  A$func$1091                        func
C:   000001BD  A$func$1092                        func
C:   000001BE  A$func$1093                        func
C:   000001BF  A$func$1094                        func
C:   000001C0  A$func$1095                        func
C:   000001C1  A$func$1096                        func
C:   000001C2  A$func$1097                        func
C:   000001C3  A$func$1098                        func
C:   000001C5  A$func$1099                        func
C:   000001C6  A$func$1100                        func
C:   000001C8  A$func$1101                        func
C:   000001CA  A$func$1102                        func
C:   000001CC  A$func$1103                        func
C:   000001CD  A$func$1104                        func
C:   000001CE  A$func$1105                        func
C:   000001CF  A$func$1106                        func
C:   000001D1  A$func$1109                        func
C:   000001D1  C$func.c$89$4_0$82                 func
C:   000001D2  A$func$1110                        func
C:   000001D4  A$func$1111                        func
C:   000001D5  A$func$1112                        func
C:   000001D6  A$func$1113                        func
C:   000001D8  A$func$1114                        func
C:   000001D9  A$func$1115                        func
C:   000001DB  A$func$1116                        func
C:   000001DD  A$func$1117                        func
C:   000001DE  A$func$1118                        func
C:   000001DF  A$func$1119                        func
C:   000001E0  A$func$1120                        func
C:   000001E1  A$func$1121                        func
C:   000001E2  A$func$1122                        func
C:   000001E4  A$func$1126                        func
C:   000001E4  C$func.c$91$3_0$80                 func
C:   000001E6  A$func$1127                        func
C:   000001E8  A$func$1128                        func
C:   000001E9  A$func$1129                        func
C:   000001EA  A$func$1130                        func
C:   000001EB  A$func$1131                        func
C:   000001EC  A$func$1132                        func
C:   000001ED  A$func$1133                        func
C:   000001EE  A$func$1134                        func
C:   000001EF  A$func$1135                        func
C:   000001F1  A$func$1136                        func
ASxxxx Linker V03.00 + NoICE + sdld,  page 30.
Hexadecimal  [32-Bits]

Area                                    Addr        Size        Decimal Bytes (Attributes)
--------------------------------        ----        ----        ------- ----- ------------
CSEG                                00000062    000015CE =        5582. bytes (REL,CON,CODE)

      Value  Global                              Global Defined In Module
      -----  --------------------------------   ------------------------
C:   000001F2  A$func$1137                        func
C:   000001F4  A$func$1138                        func
C:   000001F6  A$func$1139                        func
C:   000001F8  A$func$1140                        func
C:   000001F9  A$func$1141                        func
C:   000001FA  A$func$1142                        func
C:   000001FB  A$func$1143                        func
C:   000001FD  A$func$1146                        func
C:   000001FD  C$func.c$92$4_0$83                 func
C:   000001FE  A$func$1147                        func
C:   00000200  A$func$1148                        func
C:   00000201  A$func$1149                        func
C:   00000202  A$func$1150                        func
C:   00000204  A$func$1151                        func
C:   00000205  A$func$1152                        func
C:   00000207  A$func$1153                        func
C:   00000209  A$func$1154                        func
C:   0000020A  A$func$1155                        func
C:   0000020B  A$func$1156                        func
C:   0000020C  A$func$1157                        func
C:   0000020D  A$func$1158                        func
C:   0000020E  A$func$1159                        func
C:   00000210  A$func$1163                        func
C:   00000210  C$func.c$95$4_0$84                 func
C:   00000212  A$func$1164                        func
C:   00000214  A$func$1165                        func
C:   00000216  A$func$1166                        func
C:   00000218  A$func$1167                        func
C:   0000021B  A$func$1168                        func
C:   0000021D  A$func$1169                        func
C:   0000021F  A$func$1172                        func
C:   0000021F  C$func.c$96$4_0$84                 func
C:   00000222  A$func$1176                        func
C:   00000222  C$func.c$82$2_0$79                 func
C:   00000223  A$func$1177                        func
C:   00000226  A$func$1178                        func
C:   00000227  A$func$1180                        func
C:   0000022A  A$func$1184                        func
C:   0000022A  C$func.c$99$1_0$78                 func
C:   0000022D  A$func$1185                        func
C:   0000022E  A$func$1186                        func
C:   0000022F  A$func$1187                        func
C:   00000230  A$func$1188                        func
C:   00000231  A$func$1189                        func
C:   00000233  A$func$1190                        func
C:   00000235  A$func$1191                        func
C:   00000238  A$func$1192                        func
C:   00000239  A$func$1193                        func
C:   0000023A  A$func$1194                        func
C:   0000023B  A$func$1195                        func
C:   0000023C  A$func$1196                        func
ASxxxx Linker V03.00 + NoICE + sdld,  page 31.
Hexadecimal  [32-Bits]

Area                                    Addr        Size        Decimal Bytes (Attributes)
--------------------------------        ----        ----        ------- ----- ------------
CSEG                                00000062    000015CE =        5582. bytes (REL,CON,CODE)

      Value  Global                              Global Defined In Module
      -----  --------------------------------   ------------------------
C:   0000023D  A$func$1199                        func
C:   0000023D  C$func.c$100$1_0$78                func
C:   00000240  A$func$1200                        func
C:   00000241  A$func$1201                        func
C:   00000242  A$func$1202                        func
C:   00000243  A$func$1203                        func
C:   00000244  A$func$1204                        func
C:   00000245  A$func$1205                        func
C:   00000247  A$func$1206                        func
C:   00000248  A$func$1207                        func
C:   00000249  A$func$1208                        func
C:   0000024A  A$func$1209                        func
C:   0000024B  A$func$1210                        func
C:   0000024C  A$func$1211                        func
C:   0000024E  A$func$1212                        func
C:   0000024F  A$func$1213                        func
C:   00000250  A$func$1214                        func
C:   00000251  A$func$1215                        func
C:   00000254  A$func$1216                        func
C:   00000255  A$func$1217                        func
C:   00000256  A$func$1218                        func
C:   00000257  A$func$1219                        func
C:   00000258  A$func$1220                        func
C:   00000259  A$func$1223                        func
C:   00000259  C$func.c$101$1_0$78                func
C:   0000025A  A$func$1224                        func
C:   0000025B  A$func$1225                        func
C:   0000025C  A$func$1226                        func
C:   0000025D  A$func$1227                        func
C:   0000025E  A$func$1228                        func
C:   0000025F  A$func$1229                        func
C:   00000262  A$func$1230                        func
C:   00000263  A$func$1231                        func
C:   00000264  A$func$1232                        func
C:   00000265  A$func$1233                        func
C:   00000266  A$func$1234                        func
C:   00000267  A$func$1235                        func
C:   00000268  A$func$1236                        func
C:   00000269  A$func$1237                        func
C:   0000026A  A$func$1238                        func
C:   0000026B  A$func$1239                        func
C:   0000026C  A$func$1240                        func
C:   0000026D  A$func$1243                        func
C:   0000026D  C$func.c$102$1_0$78                func
C:   0000026E  A$func$1244                        func
C:   0000026F  A$func$1245                        func
C:   00000270  A$func$1246                        func
C:   00000271  A$func$1247                        func
C:   00000272  A$func$1248                        func
C:   00000274  A$func$1249                        func
C:   00000276  A$func$1250                        func
ASxxxx Linker V03.00 + NoICE + sdld,  page 32.
Hexadecimal  [32-Bits]

Area                                    Addr        Size        Decimal Bytes (Attributes)
--------------------------------        ----        ----        ------- ----- ------------
CSEG                                00000062    000015CE =        5582. bytes (REL,CON,CODE)

      Value  Global                              Global Defined In Module
      -----  --------------------------------   ------------------------
C:   00000277  A$func$1251                        func
C:   00000279  A$func$1254                        func
C:   00000279  C$func.c$103$2_0$85                func
C:   0000027B  A$func$1255                        func
C:   0000027D  A$func$1256                        func
C:   0000027F  A$func$1260                        func
C:   0000027F  C$func.c$106$2_0$86                func
C:   00000281  A$func$1261                        func
C:   00000283  A$func$1262                        func
C:   00000285  A$func$1263                        func
C:   00000287  A$func$1264                        func
C:   0000028A  A$func$1265                        func
C:   0000028C  A$func$1266                        func
C:   0000028E  A$func$1269                        func
C:   0000028E  C$func.c$108$2_0$86                func
C:   00000291  A$func$1275                        func
C:   00000291  C$func.c$110$1_0$78                func
C:   00000291  XG$getstr$0$0                      func
C:   00000292  A$main$788                         main
C:   00000292  C$main.c$43$0_0$56                 main
C:   00000292  C$main.c$45$1_0$56                 main
C:   00000292  Ffunc$__str_1$0_0$0                func
C:   00000292  Ffunc$__str_2$0_0$0                func
C:   00000292  G$sdcc_external_startup$0$0        main
C:   00000292  _sdcc_external_startup             main
C:   00000295  A$main$791                         main
C:   00000295  C$main.c$46$1_0$56                 main
C:   00000298  A$main$796                         main
C:   00000298  C$main.c$47$1_0$56                 main
C:   00000298  XG$sdcc_external_startup$0$0       main
C:   00000299  A$main$810                         main
C:   00000299  C$main.c$52$1_0$59                 main
C:   00000299  G$delay$0$0                        main
C:   00000299  _delay                             main
C:   0000029B  A$main$811                         main
C:   0000029D  A$main$812                         main
C:   000002A0  A$main$813                         main
C:   000002A1  A$main$814                         main
C:   000002A2  A$main$815                         main
C:   000002A3  A$main$816                         main
C:   000002A4  A$main$819                         main
C:   000002A4  C$main.c$55$2_0$59                 main
C:   000002A7  A$main$820                         main
C:   000002A8  A$main$821                         main
C:   000002A9  A$main$822                         main
C:   000002AA  A$main$823                         main
C:   000002AB  A$main$824                         main
C:   000002AC  A$main$825                         main
C:   000002AE  A$main$826                         main
C:   000002B0  A$main$828                         main
C:   000002B1  A$main$829                         main
ASxxxx Linker V03.00 + NoICE + sdld,  page 33.
Hexadecimal  [32-Bits]

Area                                    Addr        Size        Decimal Bytes (Attributes)
--------------------------------        ----        ----        ------- ----- ------------
CSEG                                00000062    000015CE =        5582. bytes (REL,CON,CODE)

      Value  Global                              Global Defined In Module
      -----  --------------------------------   ------------------------
C:   000002B2  A$main$830                         main
C:   000002B3  A$main$831                         main
C:   000002B4  A$main$832                         main
C:   000002B5  A$main$833                         main
C:   000002B7  A$main$834                         main
C:   000002B8  A$main$835                         main
C:   000002BB  A$main$836                         main
C:   000002BC  A$main$837                         main
C:   000002BE  A$main$843                         main
C:   000002BE  C$main.c$56$2_0$59                 main
C:   000002BE  XG$delay$0$0                       main
C:   000002BF  A$main$857                         main
C:   000002BF  C$main.c$61$2_0$61                 main
C:   000002BF  C$main.c$64$1_0$61                 main
C:   000002BF  G$InitI2c$0$0                      main
C:   000002BF  _InitI2c                           main
C:   000002C1  A$main$861                         main
C:   000002C1  C$main.c$65$1_0$61                 main
C:   000002C3  A$main$866                         main
C:   000002C3  C$main.c$66$1_0$61                 main
C:   000002C3  XG$InitI2c$0$0                     main
C:   000002C4  A$main$880                         main
C:   000002C4  C$main.c$71$1_0$63                 main
C:   000002C4  C$main.c$73$1_0$63                 main
C:   000002C4  G$StartI2c$0$0                     main
C:   000002C4  _StartI2c                          main
C:   000002C6  A$main$884                         main
C:   000002C6  C$main.c$74$1_0$63                 main
C:   000002C8  A$main$887                         main
C:   000002C8  C$main.c$75$1_0$63                 main
C:   000002CB  A$main$888                         main
C:   000002CE  A$main$892                         main
C:   000002CE  C$main.c$76$1_0$63                 main
C:   000002D0  A$main$895                         main
C:   000002D0  C$main.c$77$1_0$63                 main
C:   000002D3  A$main$896                         main
C:   000002D6  A$main$901                         main
C:   000002D6  C$main.c$78$1_0$63                 main
C:   000002D6  XG$StartI2c$0$0                    main
C:   000002D7  A$main$915                         main
C:   000002D7  C$main.c$84$1_0$64                 main
C:   000002D7  C$main.c$86$1_0$64                 main
C:   000002D7  G$RepeatedStartI2c$0$0             main
C:   000002D7  _RepeatedStartI2c                  main
C:   000002D9  A$main$918                         main
C:   000002D9  C$main.c$87$1_0$64                 main
C:   000002DC  A$main$919                         main
C:   000002DF  A$main$923                         main
C:   000002DF  C$main.c$88$1_0$64                 main
C:   000002E1  A$main$926                         main
C:   000002E1  C$main.c$89$1_0$64                 main
ASxxxx Linker V03.00 + NoICE + sdld,  page 34.
Hexadecimal  [32-Bits]

Area                                    Addr        Size        Decimal Bytes (Attributes)
--------------------------------        ----        ----        ------- ----- ------------
CSEG                                00000062    000015CE =        5582. bytes (REL,CON,CODE)

      Value  Global                              Global Defined In Module
      -----  --------------------------------   ------------------------
C:   000002E4  A$main$927                         main
C:   000002E7  A$main$931                         main
C:   000002E7  C$main.c$90$1_0$64                 main
C:   000002E9  A$main$934                         main
C:   000002E9  C$main.c$91$1_0$64                 main
C:   000002EC  A$main$935                         main
C:   000002EF  A$main$939                         main
C:   000002EF  C$main.c$92$1_0$64                 main
C:   000002F1  A$main$942                         main
C:   000002F1  C$main.c$93$1_0$64                 main
C:   000002F4  A$main$943                         main
C:   000002F7  A$main$948                         main
C:   000002F7  C$main.c$94$1_0$64                 main
C:   000002F7  XG$RepeatedStartI2c$0$0            main
C:   000002F8  A$main$962                         main
C:   000002F8  C$main.c$101$1_0$66                main
C:   000002F8  C$main.c$99$1_0$66                 main
C:   000002F8  G$StopI2c$0$0                      main
C:   000002F8  _StopI2c                           main
C:   000002FA  A$main$965                         main
C:   000002FA  C$main.c$102$1_0$66                main
C:   000002FD  A$main$966                         main
C:   00000300  A$main$970                         main
C:   00000300  C$main.c$103$1_0$66                main
C:   00000302  A$main$973                         main
C:   00000302  C$main.c$104$1_0$66                main
C:   00000305  A$main$974                         main
C:   00000308  A$main$978                         main
C:   00000308  C$main.c$105$1_0$66                main
C:   0000030A  A$main$981                         main
C:   0000030A  C$main.c$106$1_0$66                main
C:   0000030D  A$main$982                         main
C:   00000310  A$main$986                         main
C:   00000310  C$main.c$107$1_0$66                main
C:   00000312  A$main$989                         main
C:   00000312  C$main.c$108$1_0$66                main
C:   00000315  A$main$990                         main
C:   00000318  A$main$995                         main
C:   00000318  C$main.c$109$1_0$66                main
C:   00000318  XG$StopI2c$0$0                     main
C:   00000319  A$main$1009                        main
C:   00000319  C$main.c$114$1_0$67                main
C:   00000319  C$main.c$116$1_0$67                main
C:   00000319  G$SendAckBit$0$0                   main
C:   00000319  _SendAckBit                        main
C:   0000031B  A$main$1012                        main
C:   0000031B  C$main.c$117$1_0$67                main
C:   0000031E  A$main$1013                        main
C:   00000321  A$main$1017                        main
C:   00000321  C$main.c$118$1_0$67                main
C:   00000323  A$main$1020                        main
ASxxxx Linker V03.00 + NoICE + sdld,  page 35.
Hexadecimal  [32-Bits]

Area                                    Addr        Size        Decimal Bytes (Attributes)
--------------------------------        ----        ----        ------- ----- ------------
CSEG                                00000062    000015CE =        5582. bytes (REL,CON,CODE)

      Value  Global                              Global Defined In Module
      -----  --------------------------------   ------------------------
C:   00000323  C$main.c$119$1_0$67                main
C:   00000326  A$main$1021                        main
C:   00000329  A$main$1025                        main
C:   00000329  C$main.c$120$1_0$67                main
C:   0000032B  A$main$1028                        main
C:   0000032B  C$main.c$121$1_0$67                main
C:   0000032E  A$main$1029                        main
C:   00000331  A$main$1034                        main
C:   00000331  C$main.c$122$1_0$67                main
C:   00000331  XG$SendAckBit$0$0                  main
C:   00000332  A$main$1048                        main
C:   00000332  C$main.c$127$1_0$69                main
C:   00000332  C$main.c$129$1_0$69                main
C:   00000332  G$SendNackBit$0$0                  main
C:   00000332  _SendNackBit                       main
C:   00000334  A$main$1051                        main
C:   00000334  C$main.c$130$1_0$69                main
C:   00000337  A$main$1052                        main
C:   0000033A  A$main$1056                        main
C:   0000033A  C$main.c$131$1_0$69                main
C:   0000033C  A$main$1059                        main
C:   0000033C  C$main.c$132$1_0$69                main
C:   0000033F  A$main$1060                        main
C:   00000342  A$main$1064                        main
C:   00000342  C$main.c$133$1_0$69                main
C:   00000344  A$main$1067                        main
C:   00000344  C$main.c$134$1_0$69                main
C:   00000347  A$main$1068                        main
C:   0000034A  A$main$1073                        main
C:   0000034A  C$main.c$135$1_0$69                main
C:   0000034A  XG$SendNackBit$0$0                 main
C:   0000034B  A$main$1087                        main
C:   0000034B  C$main.c$140$1_0$71                main
C:   0000034B  G$write_i2c$0$0                    main
C:   0000034B  _write_i2c                         main
C:   0000034D  A$main$1088                        main
C:   00000350  A$main$1089                        main
C:   00000351  A$main$1092                        main
C:   00000351  C$main.c$141$1_0$71                main
C:   00000354  A$main$1093                        main
C:   00000356  A$main$1094                        main
C:   00000357  A$main$1095                        main
C:   00000358  A$main$1096                        main
C:   00000359  A$main$1097                        main
C:   0000035A  A$main$1100                        main
C:   0000035A  C$main.c$143$3_1$74                main
C:   0000035D  A$main$1101                        main
C:   0000035E  A$main$1102                        main
C:   0000035F  A$main$1103                        main
C:   00000361  A$main$1108                        main
C:   00000361  C$main.c$145$3_1$74                main
ASxxxx Linker V03.00 + NoICE + sdld,  page 36.
Hexadecimal  [32-Bits]

Area                                    Addr        Size        Decimal Bytes (Attributes)
--------------------------------        ----        ----        ------- ----- ------------
CSEG                                00000062    000015CE =        5582. bytes (REL,CON,CODE)

[...]
C:   000007B8  A$main$2026                        main
C:   000007B9  A$main$2027                        main
C:   000007BA  A$main$2030                        main
C:   000007BA  C$main.c$338$3_0$104               main
C:   000007BC  A$main$2031                        main
C:   000007BE  A$main$2032                        main
C:   000007C0  A$main$2033                        main
C:   000007C3  A$main$2034                        main
C:   000007C4  A$main$2035                        main
C:   000007C6  A$main$2036                        main
C:   000007C7  A$main$2037                        main
C:   000007C8  A$main$2038                        main
C:   000007CA  A$main$2039                        main
C:   000007CC  A$main$2040                        main
C:   000007CE  A$main$2041                        main
C:   000007D0  A$main$2042                        main
C:   000007D2  A$main$2043                        main
C:   000007D4  A$main$2044                        main
C:   000007D6  A$main$2045                        main
C:   000007D9  A$main$2046                        main
C:   000007DB  A$main$2047                        main
C:   000007DD  A$main$2048                        main
C:   000007DF  A$main$2051                        main
C:   000007DF  C$main.c$339$3_0$104               main
C:   000007E2  A$main$2057                        main
C:   000007E2  C$main.c$342$2_0$102               main
C:   000007E2  C$main.c$346$3_0$105               main
C:   000007E4  A$main$2058                        main
C:   000007E6  A$main$2059                        main
C:   000007E8  A$main$2060                        main
C:   000007EA  A$main$2061                        main
C:   000007ED  A$main$2062                        main
C:   000007EF  A$main$2063                        main
ASxxxx Linker V03.00 + NoICE + sdld,  page 50.
Hexadecimal  [32-Bits]

Area                                    Addr        Size        Decimal Bytes (Attributes)
--------------------------------        ----        ----        ------- ----- ------------
CSEG                                00000062    000015CE =        5582. bytes (REL,CON,CODE)

      Value  Global                              Global Defined In Module
      -----  --------------------------------   ------------------------
C:   000007F1  A$main$2066                        main
C:   000007F1  C$main.c$347$3_0$105               main
C:   000007F4  A$main$2067                        main
C:   000007F6  A$main$2068                        main
C:   000007F8  A$main$2071                        main
C:   000007F8  C$main.c$348$3_0$105               main
C:   000007FA  A$main$2072                        main
C:   000007FC  A$main$2073                        main
C:   000007FE  A$main$2074                        main
C:   00000800  A$main$2075                        main
C:   00000802  A$main$2076                        main
C:   00000804  A$main$2077                        main
C:   00000807  A$main$2078                        main
C:   00000809  A$main$2079                        main
C:   0000080B  A$main$2082                        main
C:   0000080B  C$main.c$349$3_0$105               main
C:   0000080E  A$main$2083                        main
C:   00000810  A$main$2084                        main
C:   00000812  A$main$2085                        main
C:   00000814  A$main$2086                        main
C:   00000816  A$main$2089                        main
C:   00000816  C$main.c$351$5_1$108               main
C:   00000818  A$main$2090                        main
C:   0000081A  A$main$2091                        main
C:   0000081C  A$main$2092                        main
C:   0000081E  A$main$2094                        main
C:   0000081F  A$main$2095                        main
C:   00000820  A$main$2096                        main
C:   00000821  A$main$2097                        main
C:   00000822  A$main$2098                        main
C:   00000823  A$main$2099                        main
C:   00000825  A$main$2100                        main
C:   00000828  A$main$2104                        main
C:   00000828  C$main.c$352$5_1$108               main
C:   0000082A  A$main$2105                        main
C:   0000082C  A$main$2106                        main
C:   0000082E  A$main$2107                        main
C:   00000830  A$main$2108                        main
C:   00000832  A$main$2109                        main
C:   00000834  A$main$2110                        main
C:   00000836  A$main$2111                        main
C:   00000838  A$main$2112                        main
C:   0000083A  A$main$2113                        main
C:   0000083C  A$main$2114                        main
C:   0000083F  A$main$2115                        main
C:   00000841  A$main$2116                        main
C:   00000843  A$main$2117                        main
C:   00000845  A$main$2118                        main
C:   00000847  A$main$2119                        main
C:   00000849  A$main$2120                        main
C:   0000084C  A$main$2121                        main
ASxxxx Linker V03.00 + NoICE + sdld,  page 51.
Hexadecimal  [32-Bits]

Area                                    Addr        Size        Decimal Bytes (Attributes)
--------------------------------        ----        ----        ------- ----- ------------
CSEG                                00000062    000015CE =        5582. bytes (REL,CON,CODE)

      Value  Global                              Global Defined In Module
      -----  --------------------------------   ------------------------
C:   0000084D  A$main$2124                        main
C:   0000084D  C$main.c$353$1_0$101               main
C:   00000850  A$main$2125                        main
C:   00000852  A$main$2126                        main
C:   00000853  A$main$2127                        main
C:   00000854  A$main$2128                        main
C:   00000855  A$main$2129                        main
C:   00000856  A$main$2130                        main
C:   00000858  A$main$2131                        main
C:   0000085A  A$main$2132                        main
C:   0000085C  A$main$2133                        main
C:   0000085E  A$main$2134                        main
C:   00000860  A$main$2135                        main
C:   00000862  A$main$2136                        main
C:   00000865  A$main$2137                        main
C:   00000867  A$main$2138                        main
C:   0000086A  A$main$2139                        main
C:   0000086C  A$main$2140                        main
C:   0000086E  A$main$2141                        main
C:   00000870  A$main$2142                        main
C:   00000872  A$main$2143                        main
C:   00000874  A$main$2144                        main
C:   00000876  A$main$2145                        main
C:   00000878  A$main$2146                        main
C:   0000087A  A$main$2147                        main
C:   0000087C  A$main$2148                        main
C:   0000087E  A$main$2151                        main
C:   0000087E  C$main.c$354$1_0$101               main
C:   00000880  A$main$2152                        main
C:   00000882  A$main$2153                        main
C:   00000884  A$main$2154                        main
C:   00000886  A$main$2155                        main
C:   00000887  A$main$2156                        main
C:   00000888  A$main$2157                        main
C:   00000889  A$main$2158                        main
C:   0000088A  A$main$2159                        main
C:   0000088B  A$main$2160                        main
C:   0000088C  A$main$2161                        main
C:   0000088E  A$main$2162                        main
C:   00000890  A$main$2163                        main
C:   00000892  A$main$2164                        main
C:   00000894  A$main$2165                        main
C:   00000896  A$main$2166                        main
C:   00000898  A$main$2167                        main
C:   0000089A  A$main$2168                        main
C:   0000089C  A$main$2169                        main
C:   0000089E  A$main$2170                        main
C:   000008A0  A$main$2171                        main
C:   000008A2  A$main$2172                        main
C:   000008A4  A$main$2173                        main
C:   000008A6  A$main$2174                        main
ASxxxx Linker V03.00 + NoICE + sdld,  page 52.
Hexadecimal  [32-Bits]

Area                                    Addr        Size        Decimal Bytes (Attributes)
--------------------------------        ----        ----        ------- ----- ------------
CSEG                                00000062    000015CE =        5582. bytes (REL,CON,CODE)

      Value  Global                              Global Defined In Module
      -----  --------------------------------   ------------------------
C:   000008A8  A$main$2175                        main
C:   000008AB  A$main$2176                        main
C:   000008AD  A$main$2177                        main
C:   000008AF  A$main$2178                        main
C:   000008B1  A$main$2179                        main
C:   000008B3  A$main$2180                        main
C:   000008B5  A$main$2181                        main
C:   000008B7  A$main$2182                        main
C:   000008B9  A$main$2183                        main
C:   000008BB  A$main$2184                        main
C:   000008BD  A$main$2185                        main
C:   000008BF  A$main$2186                        main
C:   000008C1  A$main$2189                        main
C:   000008C3  A$main$2190                        main
C:   000008C5  A$main$2196                        main
C:   000008C5  C$main.c$354$5_1$108               main
C:   000008C5  C$main.c$356$1_0$101               main
C:   000008C7  A$main$2197                        main
C:   000008C9  A$main$2198                        main
C:   000008CA  A$main$2199                        main
C:   000008CD  A$main$2200                        main
C:   000008CE  A$main$2204                        main
C:   000008CE  C$main.c$357$5_1$108               main
C:   000008D1  A$main$2205                        main
C:   000008D2  A$main$2206                        main
C:   000008D3  A$main$2207                        main
C:   000008D5  A$main$2208                        main
C:   000008D7  A$main$2209                        main
C:   000008D9  A$main$2210                        main
C:   000008DB  A$main$2211                        main
C:   000008DD  A$main$2212                        main
C:   000008DF  A$main$2213                        main
C:   000008E1  A$main$2214                        main
C:   000008E3  A$main$2215                        main
C:   000008E5  A$main$2216                        main
C:   000008E7  A$main$2217                        main
C:   000008E9  A$main$2218                        main
C:   000008EB  A$main$2219                        main
C:   000008ED  A$main$2220                        main
C:   000008EF  A$main$2221                        main
C:   000008F1  A$main$2222                        main
C:   000008F3  A$main$2223                        main
C:   000008F5  A$main$2224                        main
C:   000008F8  A$main$2225                        main
C:   000008FA  A$main$2226                        main
C:   000008FC  A$main$2227                        main
C:   000008FE  A$main$2228                        main
C:   00000900  A$main$2229                        main
C:   00000902  A$main$2230                        main
C:   00000904  A$main$2231                        main
C:   00000906  A$main$2232                        main
ASxxxx Linker V03.00 + NoICE + sdld,  page 53.
Hexadecimal  [32-Bits]

Area                                    Addr        Size        Decimal Bytes (Attributes)
--------------------------------        ----        ----        ------- ----- ------------
CSEG                                00000062    000015CE =        5582. bytes (REL,CON,CODE)

      Value  Global                              Global Defined In Module
      -----  --------------------------------   ------------------------
C:   00000908  A$main$2233                        main
C:   0000090A  A$main$2234                        main
C:   0000090C  A$main$2235                        main
C:   0000090E  A$main$2238                        main
C:   0000090E  C$main.c$351$4_1$107               main
C:   0000090F  A$main$2239                        main
C:   00000912  A$main$2240                        main
C:   00000913  A$main$2242                        main
C:   00000915  A$main$2243                        main
C:   00000917  A$main$2244                        main
C:   0000091A  A$main$2250                        main
C:   0000091A  C$main.c$362$2_0$102               main
C:   0000091A  C$main.c$364$3_0$110               main
C:   0000091C  A$main$2251                        main
C:   0000091E  A$main$2252                        main
C:   00000920  A$main$2253                        main
C:   00000922  A$main$2254                        main
C:   00000924  A$main$2255                        main
C:   00000926  A$main$2256                        main
C:   00000929  A$main$2257                        main
C:   0000092B  A$main$2258                        main
C:   0000092D  A$main$2259                        main
C:   0000092F  A$main$2262                        main
C:   0000092F  C$main.c$365$3_0$110               main
C:   00000932  A$main$2265                        main
C:   00000932  C$main.c$366$3_0$110               main
C:   00000934  A$main$2266                        main
C:   00000936  A$main$2267                        main
C:   00000938  A$main$2268                        main
C:   0000093A  A$main$2269                        main
C:   0000093C  A$main$2270                        main
C:   0000093E  A$main$2271                        main
C:   00000941  A$main$2272                        main
C:   00000943  A$main$2273                        main
C:   00000945  A$main$2274                        main
C:   00000947  A$main$2279                        main
C:   00000947  C$main.c$367$3_0$110               main
C:   00000947  C$main.c$370$2_0$102               main
C:   00000949  A$main$2283                        main
C:   00000949  C$main.c$371$2_0$102               main
C:   0000094B  A$main$2284                        main
C:   0000094D  A$main$2285                        main
C:   0000094F  A$main$2286                        main
C:   00000951  A$main$2287                        main
C:   00000954  A$main$2288                        main
C:   00000956  A$main$2289                        main
C:   00000958  A$main$2297                        main
C:   00000958  C$main.c$373$1_0$101               main
C:   00000958  C$main.c$374$1_0$101               main
C:   00000958  XG$proces_char$0$0                 main
C:   00000959  Fmain$__str_1$0_0$0                main
ASxxxx Linker V03.00 + NoICE + sdld,  page 54.
Hexadecimal  [32-Bits]

Area                                    Addr        Size        Decimal Bytes (Attributes)
--------------------------------        ----        ----        ------- ----- ------------
CSEG                                00000062    000015CE =        5582. bytes (REL,CON,CODE)

      Value  Global                              Global Defined In Module
      -----  --------------------------------   ------------------------
C:   00000959  Fmain$__str_10$0_0$0               main
C:   00000959  Fmain$__str_11$0_0$0               main
C:   00000959  Fmain$__str_12$0_0$0               main
C:   00000959  Fmain$__str_13$0_0$0               main
C:   00000959  Fmain$__str_14$0_0$0               main
C:   00000959  Fmain$__str_15$0_0$0               main
C:   00000959  Fmain$__str_16$0_0$0               main
C:   00000959  Fmain$__str_17$0_0$0               main
C:   00000959  Fmain$__str_18$0_0$0               main
C:   00000959  Fmain$__str_19$0_0$0               main
C:   00000959  Fmain$__str_2$0_0$0                main
C:   00000959  Fmain$__str_20$0_0$0               main
C:   00000959  Fmain$__str_21$0_0$0               main
C:   00000959  Fmain$__str_22$0_0$0               main
C:   00000959  Fmain$__str_23$0_0$0               main
C:   00000959  Fmain$__str_24$0_0$0               main
C:   00000959  Fmain$__str_25$0_0$0               main
C:   00000959  Fmain$__str_26$0_0$0               main
C:   00000959  Fmain$__str_3$0_0$0                main
C:   00000959  Fmain$__str_4$0_0$0                main
C:   00000959  Fmain$__str_5$0_0$0                main
C:   00000959  Fmain$__str_6$0_0$0                main
C:   00000959  Fmain$__str_7$0_0$0                main
C:   00000959  Fmain$__str_8$0_0$0                main
C:   00000959  Fmain$__str_9$0_0$0                main
C:   00000959  _printf_tiny                       printf_tiny
C:   00000A62  __modsint                          _modsint
C:   00000ACA  __moduint                          _moduint
C:   00000B85  _vprintf                           vprintf
C:   00000BC4  _printf                            vprintf
C:   00000CCA  __print_format                     printf_large
C:   000015D8  _strlen                            _strlen
C:   000015F0  __mulint                           _mulint
C:   00001610  __gptrget                          _gptrget
C:   0000162C  __sdcc_external_startup            _startup

ASxxxx Linker V03.00 + NoICE + sdld,  page 55.
Hexadecimal  [32-Bits]

Area                                    Addr        Size        Decimal Bytes (Attributes)
--------------------------------        ----        ----        ------- ----- ------------
CONST                               00001630    00000779 =        1913. bytes (REL,CON,CODE)

      Value  Global                              Global Defined In Module
      -----  --------------------------------   ------------------------
C:   00001630  Ffunc$__str_0$0_0$0                func
C:   000016AA  Fmain$__str_0$0_0$0                main

ASxxxx Linker V03.00 + NoICE + sdld,  page 56.
Hexadecimal  [32-Bits]

Area                                    Addr        Size        Decimal Bytes (Attributes)
--------------------------------        ----        ----        ------- ----- ------------
XINIT                               00001DA9    00000003 =           3. bytes (REL,CON,CODE)

      Value  Global                              Global Defined In Module
      -----  --------------------------------   ------------------------
C:   00001DA9  Fmain$__xinit_device_addr$0_0$0    main
C:   00001DAB  Fmain$__xinit_rxbyte$0_0$0         main

ASxxxx Linker V03.00 + NoICE + sdld,  page 57.

Files Linked                              [ module(s) ]

obj\Debug\func.rel                        [  ]
obj\Debug\main.rel                        [  ]


Libraries Linked                          [ object file ]

D:\SDCC\bin\..\lib\large/mcs51.lib        [ crtclear.rel ]
D:\SDCC\bin\..\lib\large/mcs51.lib        [ crtxinit.rel ]
D:\SDCC\bin\..\lib\large/libsdcc.lib      [ printf_tiny.rel ]
D:\SDCC\bin\..\lib\large/libint.lib       [ _modsint.rel ]
D:\SDCC\bin\..\lib\large/libint.lib       [ _moduint.rel ]
D:\SDCC\bin\..\lib\large/mcs51.lib        [ crtxclear.rel ]
D:\SDCC\bin\..\lib\large/libsdcc.lib      [ _bp.rel ]
D:\SDCC\bin\..\lib\large/libsdcc.lib      [ vprintf.rel ]
D:\SDCC\bin\..\lib\large/libsdcc.lib      [ printf_large.rel ]
D:\SDCC\bin\..\lib\large/mcs51.lib        [ crtpagesfr.rel ]
D:\SDCC\bin\..\lib\large/libsdcc.lib      [ _strlen.rel ]
D:\SDCC\bin\..\lib\large/libint.lib       [ _mulint.rel ]
D:\SDCC\bin\..\lib\large/mcs51.lib        [ crtstart.rel ]
D:\SDCC\bin\..\lib\large/libsdcc.lib      [ _gptrget.rel ]
D:\SDCC\bin\..\lib\large/libsdcc.lib      [ _startup.rel ]

ASxxxx Linker V03.00 + NoICE + sdld,  page 58.

User Base Address Definitions

HOME = 0x0000
ISEG = 0x0000
BSEG = 0x0000

